Archive member included because of file (symbol)

c:/users/shruthi/downloads/sjsu_dev/toolchain/bin/../lib/gcc/arm-none-eabi/4.9.3/../../../../arm-none-eabi/lib/armv7-m\libstdc++_nano.a(class_type_info.o)
                              ./L5_Application/source/remote.o (vtable for __cxxabiv1::__class_type_info)
c:/users/shruthi/downloads/sjsu_dev/toolchain/bin/../lib/gcc/arm-none-eabi/4.9.3/../../../../arm-none-eabi/lib/armv7-m\libstdc++_nano.a(guard.o)
                              ./L5_Application/source/cmd_handlers/handlers.o (__cxa_guard_acquire)
c:/users/shruthi/downloads/sjsu_dev/toolchain/bin/../lib/gcc/arm-none-eabi/4.9.3/../../../../arm-none-eabi/lib/armv7-m\libstdc++_nano.a(vmi_class_type_info.o)
                              ./L2_Drivers/src/nrf_stream.o (vtable for __cxxabiv1::__vmi_class_type_info)
c:/users/shruthi/downloads/sjsu_dev/toolchain/bin/../lib/gcc/arm-none-eabi/4.9.3/../../../../arm-none-eabi/lib/armv7-m\libstdc++_nano.a(si_class_type_info.o)
                              ./L5_Application/source/remote.o (vtable for __cxxabiv1::__si_class_type_info)
c:/users/shruthi/downloads/sjsu_dev/toolchain/bin/../lib/gcc/arm-none-eabi/4.9.3/../../../../arm-none-eabi/lib/armv7-m\libstdc++_nano.a(pure.o)
                              ./L3_Utils/src/scheduler_task.o (__cxa_pure_virtual)
c:/users/shruthi/downloads/sjsu_dev/toolchain/bin/../lib/gcc/arm-none-eabi/4.9.3/../../../../arm-none-eabi/lib/armv7-m\libstdc++_nano.a(eh_terminate.o)
                              c:/users/shruthi/downloads/sjsu_dev/toolchain/bin/../lib/gcc/arm-none-eabi/4.9.3/../../../../arm-none-eabi/lib/armv7-m\libstdc++_nano.a(pure.o) (std::terminate())
c:/users/shruthi/downloads/sjsu_dev/toolchain/bin/../lib/gcc/arm-none-eabi/4.9.3/../../../../arm-none-eabi/lib/armv7-m\libstdc++_nano.a(tinfo.o)
                              c:/users/shruthi/downloads/sjsu_dev/toolchain/bin/../lib/gcc/arm-none-eabi/4.9.3/../../../../arm-none-eabi/lib/armv7-m\libstdc++_nano.a(class_type_info.o) (std::type_info::~type_info())
c:/users/shruthi/downloads/sjsu_dev/toolchain/bin/../lib/gcc/arm-none-eabi/4.9.3/../../../../arm-none-eabi/lib/armv7-m\libstdc++_nano.a(eh_unex_handler.o)
                              c:/users/shruthi/downloads/sjsu_dev/toolchain/bin/../lib/gcc/arm-none-eabi/4.9.3/../../../../arm-none-eabi/lib/armv7-m\libstdc++_nano.a(eh_terminate.o) (__cxxabiv1::__unexpected_handler)
c:/users/shruthi/downloads/sjsu_dev/toolchain/bin/../lib/gcc/arm-none-eabi/4.9.3/../../../../arm-none-eabi/lib/armv7-m\libstdc++_nano.a(eh_term_handler.o)
                              c:/users/shruthi/downloads/sjsu_dev/toolchain/bin/../lib/gcc/arm-none-eabi/4.9.3/../../../../arm-none-eabi/lib/armv7-m\libstdc++_nano.a(eh_terminate.o) (__cxxabiv1::__terminate_handler)
c:/users/shruthi/downloads/sjsu_dev/toolchain/bin/../lib/gcc/arm-none-eabi/4.9.3/armv7-m\libgcc.a(_ashldi3.o)
                              ./L0_LowLevel/source/lpc_peripherals.o (__aeabi_llsl)
c:/users/shruthi/downloads/sjsu_dev/toolchain/bin/../lib/gcc/arm-none-eabi/4.9.3/armv7-m\libgcc.a(_arm_addsubdf3.o)
                              ./L2_Drivers/base/uart_dev.o (__aeabi_dadd)
c:/users/shruthi/downloads/sjsu_dev/toolchain/bin/../lib/gcc/arm-none-eabi/4.9.3/armv7-m\libgcc.a(_arm_fixunsdfsi.o)
                              ./L2_Drivers/base/uart_dev.o (__aeabi_d2uiz)
c:/users/shruthi/downloads/sjsu_dev/toolchain/bin/../lib/gcc/arm-none-eabi/4.9.3/armv7-m\libgcc.a(_arm_truncdfsf2.o)
                              ./L3_Utils/src/str.o (__aeabi_d2f)
c:/users/shruthi/downloads/sjsu_dev/toolchain/bin/../lib/gcc/arm-none-eabi/4.9.3/armv7-m\libgcc.a(_arm_addsubsf3.o)
                              ./L5_Application/source/cmd_handlers/handlers.o (__aeabi_fsub)
c:/users/shruthi/downloads/sjsu_dev/toolchain/bin/../lib/gcc/arm-none-eabi/4.9.3/armv7-m\libgcc.a(_arm_muldivsf3.o)
                              ./L5_Application/source/cmd_handlers/handlers.o (__aeabi_fmul)
c:/users/shruthi/downloads/sjsu_dev/toolchain/bin/../lib/gcc/arm-none-eabi/4.9.3/armv7-m\libgcc.a(_arm_cmpsf2.o)
                              ./L3_Utils/src/str.o (__aeabi_fcmplt)
c:/users/shruthi/downloads/sjsu_dev/toolchain/bin/../lib/gcc/arm-none-eabi/4.9.3/armv7-m\libgcc.a(_arm_fixsfsi.o)
                              ./L5_Application/source/cmd_handlers/handlers.o (__aeabi_f2iz)
c:/users/shruthi/downloads/sjsu_dev/toolchain/bin/../lib/gcc/arm-none-eabi/4.9.3/armv7-m\libgcc.a(_arm_fixunssfsi.o)
                              ./L5_Application/source/high_level_init.o (__aeabi_f2uiz)
c:/users/shruthi/downloads/sjsu_dev/toolchain/bin/../lib/gcc/arm-none-eabi/4.9.3/armv7-m\libgcc.a(_aeabi_uldivmod.o)
                              ./L5_Application/source/cmd_handlers/handlers.o (__aeabi_uldivmod)
c:/users/shruthi/downloads/sjsu_dev/toolchain/bin/../lib/gcc/arm-none-eabi/4.9.3/armv7-m\libgcc.a(bpabi.o)
[...]
Memory Configuration

Name             Origin             Length             Attributes
FLASH            0x00010000         0x00070000         xr
SRAM             0x10000000         0x00008000         xrw
SRAM_AHB         0x2007c000         0x00008000         xrw
*default*        0x00000000         0xffffffff

Linker script and memory map

LOAD ./newlib/malloc_lock.o
LOAD ./newlib/memory.o
LOAD ./newlib/newlib_syscalls.o
LOAD ./newlib/newlib_time.o
LOAD ./L5_Application/source/cmd_handlers/handlers.o
LOAD ./L5_Application/source/cmd_handlers/prog_handlers.o
LOAD ./L5_Application/source/cmd_handlers/wireless_handlers.o
LOAD ./L5_Application/source/bluetooth_controller.o
LOAD ./L5_Application/source/high_level_init.o
LOAD ./L5_Application/source/remote.o
LOAD ./L5_Application/source/terminal.o
LOAD ./L5_Application/periodic_scheduler/period_callbacks.o
LOAD ./L5_Application/periodic_scheduler/prd_dispatcher.o
LOAD ./L5_Application/examples/examples.o
LOAD ./L5_Application/examples/rn_xv_task.o
LOAD ./L5_Application/main.o
LOAD ./L4_IO/wireless/src/mesh.o
LOAD ./L4_IO/wireless/src/nrf24L01Plus.o
LOAD ./L4_IO/wireless/src/wireless.o
LOAD ./L4_IO/src/gpio.o
LOAD ./L4_IO/src/io_source.o
LOAD ./L4_IO/src/storage.o
LOAD ./L4_IO/fat/option/ccsbcs.o
LOAD ./L4_IO/fat/option/reentrant.o
LOAD ./L4_IO/fat/disk/diskio.o
LOAD ./L4_IO/fat/disk/sd.o
LOAD ./L4_IO/fat/disk/spi_flash.o
LOAD ./L4_IO/fat/fatfs_time.o
LOAD ./L4_IO/fat/ff.o
LOAD ./L3_Utils/tlm/src/c_tlm_binary.o
LOAD ./L3_Utils/tlm/src/c_tlm_comp.o
LOAD ./L3_Utils/tlm/src/c_tlm_stream.o
LOAD ./L3_Utils/tlm/src/c_tlm_var.o
LOAD ./L3_Utils/src/c_list.o
LOAD ./L3_Utils/src/command_handler.o
LOAD ./L3_Utils/src/file_logger.o
LOAD ./L3_Utils/src/freertos_timer.o
LOAD ./L3_Utils/src/printf_lib.o
LOAD ./L3_Utils/src/rtc_alarm.o
LOAD ./L3_Utils/src/scheduler_task.o
LOAD ./L3_Utils/src/str.o
LOAD ./L3_Utils/src/utilities.o
LOAD ./L2_Drivers/src/adc.o
LOAD ./L2_Drivers/src/can.o
LOAD ./L2_Drivers/src/eint.o
LOAD ./L2_Drivers/src/i2c2.o
LOAD ./L2_Drivers/src/lpc_pwm.o
LOAD ./L2_Drivers/src/lpc_rit.o
LOAD ./L2_Drivers/src/lpc_timers.o
LOAD ./L2_Drivers/src/nrf_stream.o
LOAD ./L2_Drivers/src/rtc.o
LOAD ./L2_Drivers/src/spi_dma.o
LOAD ./L2_Drivers/src/spi_sem.o
LOAD ./L2_Drivers/src/uart0.o
LOAD ./L2_Drivers/src/uart2.o
LOAD ./L2_Drivers/src/uart3.o
LOAD ./L2_Drivers/base/char_dev.o
LOAD ./L2_Drivers/base/i2c_base.o
LOAD ./L2_Drivers/base/uart_dev.o
LOAD ./L1_FreeRTOS/src/croutine.o
LOAD ./L1_FreeRTOS/src/event_groups.o
LOAD ./L1_FreeRTOS/src/list.o
LOAD ./L1_FreeRTOS/src/queue.o
LOAD ./L1_FreeRTOS/src/tasks.o
LOAD ./L1_FreeRTOS/src/timers.o
LOAD ./L1_FreeRTOS/portable/no_mpu/port.o
LOAD ./L1_FreeRTOS/portable/run_time_stats.o
LOAD ./L1_FreeRTOS/hooks/hooks.o
LOAD ./L0_LowLevel/source/core_cm3.o
LOAD ./L0_LowLevel/source/low_level_init.o
LOAD ./L0_LowLevel/source/lpc_peripherals.o
LOAD ./L0_LowLevel/source/lpc_sys.o
LOAD ./L0_LowLevel/source/startup.o
LOAD ./L0_LowLevel/source/sys_clock.o
LOAD ./L0_LowLevel/source/uart0_min.o
LOAD c:/users/shruthi/downloads/sjsu_dev/toolchain/bin/../lib/gcc/arm-none-eabi/4.9.3/../../../../arm-none-eabi/lib/armv7-m\libstdc++_nano.a
LOAD c:/users/shruthi/downloads/sjsu_dev/toolchain/bin/../lib/gcc/arm-none-eabi/4.9.3/../../../../arm-none-eabi/lib/armv7-m\libm.a
START GROUP
LOAD c:/users/shruthi/downloads/sjsu_dev/toolchain/bin/../lib/gcc/arm-none-eabi/4.9.3/armv7-m\libgcc.a
LOAD c:/users/shruthi/downloads/sjsu_dev/toolchain/bin/../lib/gcc/arm-none-eabi/4.9.3/../../../../arm-none-eabi/lib/armv7-m\libc_nano.a
END GROUP
START GROUP
LOAD c:/users/shruthi/downloads/sjsu_dev/toolchain/bin/../lib/gcc/arm-none-eabi/4.9.3/armv7-m\libgcc.a
LOAD c:/users/shruthi/downloads/sjsu_dev/toolchain/bin/../lib/gcc/arm-none-eabi/4.9.3/../../../../arm-none-eabi/lib/armv7-m\libc_nano.a
END GROUP

.text           0x00010000    0x164b0
 FILL mask 0xff
 *(.isr_vector)
 .isr_vector    0x00010000       0xcc ./L0_LowLevel/source/startup.o
                0x00010000                g_pfnVectors
                0x000100cc                . = ALIGN (0x4)
                0x000100cc                __section_table_start = .
                0x000100cc                __data_section_table = .
                0x000100cc        0x4 LONG 0x264b8 LOADADDR (.data)
                0x000100d0        0x4 LONG 0x2007c000 ADDR (.data)
                0x000100d4        0x4 LONG 0x1c4 SIZEOF (.data)
                0x000100d8                __data_section_table_end = .
                0x000100d8                __bss_section_table = .
                0x000100d8        0x4 LONG 0x2007c1c8 ADDR (.bss)
                0x000100dc        0x4 LONG 0x9ec SIZEOF (.bss)
                0x000100e0                __bss_section_table_end = .
                0x000100e0                __section_table_end = .
 *(.after_vectors*)
 .after_vectors
                0x000100e0      0x120 ./L0_LowLevel/source/startup.o
                0x000100e0                isr_hard_fault
                0x000100fa                isr_nmi
                0x00010108                isr_mem_fault
                0x00010118                isr_bus_fault
                0x00010128                isr_usage_fault
                0x00010138                isr_debug_mon
                0x00010148                TIMER3_IRQHandler
                0x00010148                UART1_IRQHandler
                0x00010148                EINT2_IRQHandler
                0x00010148                USBAct_IRQHandler
                0x00010148                PLL0_IRQHandler
                0x00010148                I2C1_IRQHandler
                0x00010148                PLL1_IRQHandler
                0x00010148                SSP0_IRQHandler
                0x00010148                CANAct_IRQHandler
                0x00010148                I2S_IRQHandler
                0x00010148                PWM1_IRQHandler
                0x00010148                SPI_IRQHandler
                0x00010148                TIMER2_IRQHandler
                0x00010148                EINT1_IRQHandler
                0x00010148                isr_default_handler
                0x00010148                SSP1_IRQHandler
                0x00010148                ENET_IRQHandler
                0x00010148                USB_IRQHandler
                0x00010148                BOD_IRQHandler
                0x00010148                MCPWM_IRQHandler
                0x00010148                WDT_IRQHandler
                0x00010148                I2C0_IRQHandler
                0x00010148                QEI_IRQHandler
                0x00010148                EINT0_IRQHandler
                0x00010148                DMA_IRQHandler
                0x00010148                TIMER0_IRQHandler
                0x00010158                isr_sys_tick
                0x0001016a                data_init(unsigned int, unsigned int, unsigned int)
                0x00010180                bss_init(unsigned int, unsigned int)
                0x00010192                isr_reset
 *(.text*)
 .text._sbrk    0x00010200       0x78 ./newlib/memory.o
                0x00010200                _sbrk
 .text._Znwj    0x00010278        0x4 ./newlib/memory.o
                0x00010278                operator new(unsigned int)
 .text._ZdlPv   0x0001027c        0x4 ./newlib/memory.o
                0x0001027c                operator delete(void*)
 .text._ZdaPv   0x00010280        0x4 ./newlib/memory.o
                0x00010280                operator delete[](void*)
 .text.sys_get_mem_info
                0x00010284       0xb0 ./newlib/memory.o
                0x00010284                sys_get_mem_info
 .text._ZN9__gnu_cxx27__verbose_terminate_handlerEv
                0x00010334        0x2 ./newlib/memory.o
                0x00010334                __gnu_cxx::__verbose_terminate_handler()
 *fill*         0x00010336        0x2 
 .text.sys_set_outchar_func
                0x00010338        0xc ./newlib/newlib_syscalls.o
                0x00010338                sys_set_outchar_func
 .text.sys_set_inchar_func
                0x00010344        0xc ./newlib/newlib_syscalls.o
                0x00010344                sys_set_inchar_func
 .text._kill    0x00010350       0x10 ./newlib/newlib_syscalls.o
                0x00010350                _kill
 .text._exit    0x00010360       0x10 ./newlib/newlib_syscalls.o
                0x00010360                _exit
 .text._getpid  0x00010370        0x4 ./newlib/newlib_syscalls.o
                0x00010370                _getpid
 .text._init    0x00010374        0x4 ./newlib/newlib_syscalls.o
                0x00010374                _init
 .text._write   0x00010378       0x28 ./newlib/newlib_syscalls.o
                0x00010378                _write
 .text._read    0x000103a0       0x2c ./newlib/newlib_syscalls.o
                0x000103a0                _read
 .text.syscalls_init
                0x000103cc        0x2 ./newlib/newlib_syscalls.o
                0x000103cc                syscalls_init
 .text._fstat   0x000103ce        0x4 ./newlib/newlib_syscalls.o
                0x000103ce                _fstat
 *fill*         0x000103d2        0x2 
 .text._isatty  0x000103d4       0x24 ./newlib/newlib_syscalls.o
                0x000103d4                _isatty
 .text._lseek   0x000103f8        0x4 ./newlib/newlib_syscalls.o
                0x000103f8                _lseek
 .text._close   0x000103fc        0x4 ./newlib/newlib_syscalls.o
                0x000103fc                _close
 .text._gettimeofday
                0x00010400       0x7a ./newlib/newlib_time.o
                0x00010400                _gettimeofday
 *fill*         0x0001047a        0x2 
 .text._ZN7Storage13getFlashDriveEv
                0x0001047c       0x48 ./L5_Application/source/cmd_handlers/handlers.o
                0x0001047c                Storage::getFlashDrive()
 .text._ZN7Storage10getSDDriveEv
                0x000104c4       0x48 ./L5_Application/source/cmd_handlers/handlers.o
                0x000104c4                Storage::getSDDrive()
 .text._Z15taskListHandlerR3strR7CharDevPv
                0x0001050c       0xec ./L5_Application/source/cmd_handlers/handlers.o
                0x0001050c                taskListHandler(str&, CharDev&, void*)
 .text._Z14memInfoHandlerR3strR7CharDevPv
                0x000105f8       0x22 ./L5_Application/source/cmd_handlers/handlers.o
                0x000105f8                memInfoHandler(str&, CharDev&, void*)
 *fill*         0x0001061a        0x2 
 .text._Z11timeHandlerR3strR7CharDevPv
                0x0001061c       0xc4 ./L5_Application/source/cmd_handlers/handlers.o
                0x0001061c                timeHandler(str&, CharDev&, void*)
 .text._Z10logHandlerR3strR7CharDevPv
                0x000106e0      0x19c ./L5_Application/source/cmd_handlers/handlers.o
                0x000106e0                logHandler(str&, CharDev&, void*)
 .text._Z9cpHandlerR3strR7CharDevPv
                0x0001087c       0x80 ./L5_Application/source/cmd_handlers/handlers.o
                0x0001087c                cpHandler(str&, CharDev&, void*)
 .text._Z10catHandlerR3strR7CharDevPv
                0x000108fc      0x14c ./L5_Application/source/cmd_handlers/handlers.o
                0x000108fc                catHandler(str&, CharDev&, void*)
 .text._Z9lsHandlerR3strR7CharDevPv
                0x00010a48      0x180 ./L5_Application/source/cmd_handlers/handlers.o
                0x00010a48                lsHandler(str&, CharDev&, void*)
 .text._Z12mkdirHandlerR3strR7CharDevPv
                0x00010bc8       0x3c ./L5_Application/source/cmd_handlers/handlers.o
                0x00010bc8                mkdirHandler(str&, CharDev&, void*)
 .text._Z9rmHandlerR3strR7CharDevPv
                0x00010c04       0x3c ./L5_Application/source/cmd_handlers/handlers.o
                0x00010c04                rmHandler(str&, CharDev&, void*)
 .text._Z9mvHandlerR3strR7CharDevPv
                0x00010c40       0x5c ./L5_Application/source/cmd_handlers/handlers.o
                0x00010c40                mvHandler(str&, CharDev&, void*)
 .text._Z14newFileHandlerR3strR7CharDevPv
                0x00010c9c       0xb0 ./L5_Application/source/cmd_handlers/handlers.o
                0x00010c9c                newFileHandler(str&, CharDev&, void*)
 .text._Z10dcpHandlerR3strR7CharDevPv
                0x00010d4c      0x140 ./L5_Application/source/cmd_handlers/handlers.o
                0x00010d4c                dcpHandler(str&, CharDev&, void*)
 .text._Z14storageHandlerR3strR7CharDevPv
                0x00010e8c       0xbc ./L5_Application/source/cmd_handlers/handlers.o
                0x00010e8c                storageHandler(str&, CharDev&, void*)
 .text._Z13rebootHandlerR3strR7CharDevPv
                0x00010f48       0x30 ./L5_Application/source/cmd_handlers/handlers.o
                0x00010f48                rebootHandler(str&, CharDev&, void*)
 .text._Z14learnIrHandlerR3strR7CharDevPv
                0x00010f78       0x34 ./L5_Application/source/cmd_handlers/handlers.o
                0x00010f78                learnIrHandler(str&, CharDev&, void*)
 .text._ZN17SingletonTemplateI4I2C2E11getInstanceEv
                0x00010fac       0x20 ./L5_Application/source/cmd_handlers/handlers.o
                0x00010fac                SingletonTemplate<I2C2>::getInstance()
 .text._Z12i2cIoHandlerR3strR7CharDevPv
                0x00010fcc      0x198 ./L5_Application/source/cmd_handlers/handlers.o
                0x00010fcc                i2cIoHandler(str&, CharDev&, void*)
 .text._Z13healthHandlerR3strR7CharDevPv
                0x00011164      0x1a4 ./L5_Application/source/cmd_handlers/handlers.o
                0x00011164                healthHandler(str&, CharDev&, void*)
 .text._Z16flashProgHandlerR3strR7CharDevPv
                0x00011308       0xac ./L5_Application/source/cmd_handlers/prog_handlers.o
                0x00011308                flashProgHandler(str&, CharDev&, void*)
 .text._Z14getFileHandlerR3strR7CharDevPv
                0x000113b4      0x130 ./L5_Application/source/cmd_handlers/prog_handlers.o
                0x000113b4                getFileHandler(str&, CharDev&, void*)
 .text._ZL25wirelessHandlerPrintStatsR7CharDevP12mesh_stats_th
                0x000114e4       0x3c ./L5_Application/source/cmd_handlers/wireless_handlers.o
 .text._ZL14wsStatsHandlerR3strR7CharDevPv
                0x00011520       0x1e ./L5_Application/source/cmd_handlers/wireless_handlers.o
 *fill*         0x0001153e        0x2 
 .text._ZL11wsTxHandlerR3strR7CharDevPv
                0x00011540      0x118 ./L5_Application/source/cmd_handlers/wireless_handlers.o
 .text._ZL13wsAddrHandlerR3strR7CharDevPv
                0x00011658       0x34 ./L5_Application/source/cmd_handlers/wireless_handlers.o
 .text._Z12wsRteHandlerR3strR7CharDevPv
                0x0001168c       0x74 ./L5_Application/source/cmd_handlers/wireless_handlers.o
                0x0001168c                wsRteHandler(str&, CharDev&, void*)
 .text._ZL11wsRxHandlerR3strR7CharDevPv
                0x00011700       0x80 ./L5_Application/source/cmd_handlers/wireless_handlers.o
 .text._Z15wirelessHandlerR3strR7CharDevPv
                0x00011780      0x160 ./L5_Application/source/cmd_handlers/wireless_handlers.o
                0x00011780                wirelessHandler(str&, CharDev&, void*)
 .text._ZN17SingletonTemplateI12NordicStreamE11getInstanceEv
                0x000118e0       0x20 ./L5_Application/source/cmd_handlers/wireless_handlers.o
                0x000118e0                SingletonTemplate<NordicStream>::getInstance()
 .text._ZL15wsFileTxHandlerR3strR7CharDevPv
                0x00011900      0x22c ./L5_Application/source/cmd_handlers/wireless_handlers.o
 .text._ZL15wsStreamHandlerR3strR7CharDevPv
                0x00011b2c      0x11c ./L5_Application/source/cmd_handlers/wireless_handlers.o
 .text._Z10bus_off_cbm
                0x00011c48        0xc ./L5_Application/source/bluetooth_controller.o
                0x00011c48                bus_off_cb(unsigned long)
 .text._Z11data_ovr_cbm
                0x00011c54        0x2 ./L5_Application/source/bluetooth_controller.o
                0x00011c54                data_ovr_cb(unsigned long)
 *fill*         0x00011c56        0x2 
 .text._Z25bluetooth_controller_syncv
                0x00011c58      0x17c ./L5_Application/source/bluetooth_controller.o
                0x00011c58                bluetooth_controller_sync()
 .text._ZL13hl_print_linev
                0x00011dd4        0xc ./L5_Application/source/high_level_init.o
 .text.ssp_set_max_clock
                0x00011de0       0x2c ./L5_Application/source/high_level_init.o
 .text._ZL16hl_mount_storageR16FileSystemObjectPKc
                0x00011e0c       0x94 ./L5_Application/source/high_level_init.o
 .text._ZN17SingletonTemplateI11LED_DisplayE11getInstanceEv
                0x00011ea0       0x24 ./L5_Application/source/high_level_init.o
                0x00011ea0                SingletonTemplate<LED_Display>::getInstance()
 .text._ZN17SingletonTemplateI3LEDE11getInstanceEv
                0x00011ec4       0x1c ./L5_Application/source/high_level_init.o
                0x00011ec4                SingletonTemplate<LED>::getInstance()
 .text._ZN17SingletonTemplateI17TemperatureSensorE11getInstanceEv
                0x00011ee0       0x28 ./L5_Application/source/high_level_init.o
                0x00011ee0                SingletonTemplate<TemperatureSensor>::getInstance()
 .text._ZN17SingletonTemplateI12Light_SensorE11getInstanceEv
                0x00011f08       0x18 ./L5_Application/source/high_level_init.o
                0x00011f08                SingletonTemplate<Light_Sensor>::getInstance()
 .text._ZN17SingletonTemplateI8SwitchesE11getInstanceEv
                0x00011f20       0x18 ./L5_Application/source/high_level_init.o
                0x00011f20                SingletonTemplate<Switches>::getInstance()
 .text._Z15high_level_initv
                0x00011f38      0x548 ./L5_Application/source/high_level_init.o
                0x00011f38                high_level_init()
 .text._ZN14scheduler_task4initEv
                0x00012480        0x4 ./L5_Application/source/remote.o
                0x00012480                scheduler_task::init()
 .text._ZN14scheduler_task6regTlmEv
                0x00012484        0x4 ./L5_Application/source/remote.o
                0x00012484                scheduler_task::regTlm()
 .text._ZN14scheduler_task9taskEntryEv
                0x00012488        0x4 ./L5_Application/source/remote.o
                0x00012488                scheduler_task::taskEntry()
 .text._ZN17SingletonTemplateI9IR_SensorE11getInstanceEv
                0x0001248c       0x18 ./L5_Application/source/remote.o
                0x0001248c                SingletonTemplate<IR_Sensor>::getInstance()
 .text._ZN12terminalTask6regTlmEv
                0x000124a4        0x4 ./L5_Application/source/terminal.o
                0x000124a4                terminalTask::regTlm()
 .text._ZN6VECTORIN12terminalTask9cmdChan_tEE14changeCapacityEj.part.5
                0x000124a8       0x34 ./L5_Application/source/terminal.o
 .text._ZN12terminalTaskD2Ev
                0x000124dc       0x48 ./L5_Application/source/terminal.o
                0x000124dc                terminalTask::~terminalTask()
                0x000124dc                terminalTask::~terminalTask()
 .text._ZN12terminalTaskD0Ev
                0x00012524       0x12 ./L5_Application/source/terminal.o
                0x00012524                terminalTask::~terminalTask()
 *fill*         0x00012536        0x2 
 .text._ZN12terminalTaskC2Eh
                0x00012538       0xb0 ./L5_Application/source/terminal.o
                0x00012538                terminalTask::terminalTask(unsigned char)
                0x00012538                terminalTask::terminalTask(unsigned char)
 .text._ZN12terminalTask22handleEchoAndBackspaceEPNS_9cmdChan_tEc
                0x000125e8       0x74 ./L5_Application/source/terminal.o
                0x000125e8                terminalTask::handleEchoAndBackspace(terminalTask::cmdChan_t*, char)
 .text._ZN12terminalTask17addCommandChannelEP7CharDevb
                0x0001265c       0x40 ./L5_Application/source/terminal.o
                0x0001265c                terminalTask::addCommandChannel(CharDev*, bool)
 .text._ZN12terminalTask10getCommandEv
                0x0001269c      0x126 ./L5_Application/source/terminal.o
                0x0001269c                terminalTask::getCommand()
 *fill*         0x000127c2        0x2 
 .text._ZN12terminalTask3runEPv
                0x000127c4       0x98 ./L5_Application/source/terminal.o
                0x000127c4                terminalTask::run(void*)
 .text._ZN17SingletonTemplateI5Uart0E11getInstanceEv
                0x0001285c       0x20 ./L5_Application/source/terminal.o
                0x0001285c                SingletonTemplate<Uart0>::getInstance()
 .text._ZN5Uart017putcharIntrDrivenEc
                0x0001287c       0x18 ./L5_Application/source/terminal.o
                0x0001287c                Uart0::putcharIntrDriven(char)
 .text._ZN5Uart017getcharIntrDrivenEc
                0x00012894       0x22 ./L5_Application/source/terminal.o
                0x00012894                Uart0::getcharIntrDriven(char)
 *fill*         0x000128b6        0x2 
 .text._ZN12terminalTask9taskEntryEv
                0x000128b8      0x27c ./L5_Application/source/terminal.o
                0x000128b8                terminalTask::taskEntry()
 .text._ZN12bt_uart_taskD2Ev
                0x00012b34        0x2 ./L5_Application/main.o
                0x00012b34                bt_uart_task::~bt_uart_task()
                0x00012b34                bt_uart_task::~bt_uart_task()
 .text._ZN12wirelessTaskD2Ev
                0x00012b36        0x2 ./L5_Application/main.o
                0x00012b36                wirelessTask::~wirelessTask()
                0x00012b36                wirelessTask::~wirelessTask()
 .text._ZN12wirelessTask3runEPv
                0x00012b38        0xa ./L5_Application/main.o
                0x00012b38                wirelessTask::run(void*)
 .text._ZN12wirelessTaskD0Ev
                0x00012b42        0xc ./L5_Application/main.o
                0x00012b42                wirelessTask::~wirelessTask()
 .text._ZN12bt_uart_taskD0Ev
                0x00012b4e        0xc ./L5_Application/main.o
                0x00012b4e                bt_uart_task::~bt_uart_task()
 *fill*         0x00012b5a        0x2 
 .text.startup.main
                0x00012b5c       0x88 ./L5_Application/main.o
                0x00012b5c                main
 .text._ZN17SingletonTemplateI5Uart3E11getInstanceEv
                0x00012be4       0x20 ./L5_Application/main.o
                0x00012be4                SingletonTemplate<Uart3>::getInstance()
 .text._ZN12bt_uart_task3runEPv
                0x00012c04      0x15c ./L5_Application/main.o
                0x00012c04                bt_uart_task::run(void*)
 .text._ZN12bt_uart_task4initEv
                0x00012d60       0x78 ./L5_Application/main.o
                0x00012d60                bt_uart_task::init()
 .text.mesh_incr_soft_timers_for_arr
                0x00012dd8       0x26 ./L4_IO/wireless/src/mesh.o
 *fill*         0x00012dfe        0x2 
 .text.mesh_update_soft_timers
                0x00012e00       0x4c ./L4_IO/wireless/src/mesh.o
 .text.mesh_send_packet
                0x00012e4c       0x3c ./L4_IO/wireless/src/mesh.o
 .text.mesh_send_retry_packet
                0x00012e88       0x34 ./L4_IO/wireless/src/mesh.o
 .text.mesh_find_rte_tbl_entry
                0x00012ebc       0x24 ./L4_IO/wireless/src/mesh.o
 .text.mesh_update_rte_scores
                0x00012ee0       0x28 ./L4_IO/wireless/src/mesh.o
 .text.mesh_get_pnd_pkt_slot
                0x00012f08       0x42 ./L4_IO/wireless/src/mesh.o
 *fill*         0x00012f4a        0x2 
 .text.mesh_pending_packets_add
                0x00012f4c       0x90 ./L4_IO/wireless/src/mesh.o
 .text.mesh_get_rte_to_modify
                0x00012fdc       0x60 ./L4_IO/wireless/src/mesh.o
 .text.mesh_handle_pnd_pkts_for_arr
                0x0001303c      0x180 ./L4_IO/wireless/src/mesh.o
 .text.mesh_set_node_address
                0x000131bc       0x18 ./L4_IO/wireless/src/mesh.o
                0x000131bc                mesh_set_node_address
 .text.mesh_get_node_address
                0x000131d4        0xc ./L4_IO/wireless/src/mesh.o
                0x000131d4                mesh_get_node_address
 .text.mesh_set_retry_count
                0x000131e0       0x10 ./L4_IO/wireless/src/mesh.o
                0x000131e0                mesh_set_retry_count
 .text.mesh_form_pkt
                0x000131f0       0xfc ./L4_IO/wireless/src/mesh.o
                0x000131f0                mesh_form_pkt
 .text.mesh_send_formed_pkt
                0x000132ec       0x50 ./L4_IO/wireless/src/mesh.o
                0x000132ec                mesh_send_formed_pkt
 .text.mesh_init
                0x0001333c      0x104 ./L4_IO/wireless/src/mesh.o
                0x0001333c                mesh_init
 .text.mesh_send
                0x00013440       0x3e ./L4_IO/wireless/src/mesh.o
                0x00013440                mesh_send
 .text.mesh_send_ack
                0x0001347e       0x1a ./L4_IO/wireless/src/mesh.o
 .text.mesh_get_routing_entry
                0x00013498       0x2c ./L4_IO/wireless/src/mesh.o
                0x00013498                mesh_get_routing_entry
 .text.mesh_get_num_routing_entries
                0x000134c4       0x1c ./L4_IO/wireless/src/mesh.o
                0x000134c4                mesh_get_num_routing_entries
 .text.mesh_service
                0x000134e0      0x2c4 ./L4_IO/wireless/src/mesh.o
                0x000134e0                mesh_service
 .text.mesh_get_pnd_pkt_count
                0x000137a4       0x34 ./L4_IO/wireless/src/mesh.o
                0x000137a4                mesh_get_pnd_pkt_count
 .text.mesh_get_max_timeout_before_packet_fails
                0x000137d8       0x24 ./L4_IO/wireless/src/mesh.o
                0x000137d8                mesh_get_max_timeout_before_packet_fails
 .text.mesh_get_stats
                0x000137fc       0x14 ./L4_IO/wireless/src/mesh.o
                0x000137fc                mesh_get_stats
 .text.nordic_transfer
                0x00013810      0x110 ./L4_IO/wireless/src/nrf24L01Plus.o
 .text.nordic_readRegister
                0x00013920       0x20 ./L4_IO/wireless/src/nrf24L01Plus.o
 .text.nordic_writeRegister
                0x00013940       0x20 ./L4_IO/wireless/src/nrf24L01Plus.o
 .text.nordic_is_tx_fifo_empty
                0x00013960        0xe ./L4_IO/wireless/src/nrf24L01Plus.o
                0x00013960                nordic_is_tx_fifo_empty
 .text.nordic_clear_all_intr_flags
                0x0001396e        0x8 ./L4_IO/wireless/src/nrf24L01Plus.o
                0x0001396e                nordic_clear_all_intr_flags
 .text.nordic_queue_tx_fifo
                0x00013976        0xe ./L4_IO/wireless/src/nrf24L01Plus.o
                0x00013976                nordic_queue_tx_fifo
 .text.nordic_standby1_to_tx_mode1
                0x00013984       0x16 ./L4_IO/wireless/src/nrf24L01Plus.o
                0x00013984                nordic_standby1_to_tx_mode1
 *fill*         0x0001399a        0x2 
 .text.nordic_rx_to_Stanby1
                0x0001399c       0x10 ./L4_IO/wireless/src/nrf24L01Plus.o
                0x0001399c                nordic_rx_to_Stanby1
 .text.nordic_standby1_to_rx
                0x000139ac       0x24 ./L4_IO/wireless/src/nrf24L01Plus.o
                0x000139ac                nordic_standby1_to_rx
 .text.nordic_clear_packet_sent_flag
                0x000139d0        0x8 ./L4_IO/wireless/src/nrf24L01Plus.o
                0x000139d0                nordic_clear_packet_sent_flag
 .text.nordic_flush_tx_fifo
                0x000139d8        0xc ./L4_IO/wireless/src/nrf24L01Plus.o
                0x000139d8                nordic_flush_tx_fifo
 .text.nordic_mode1_send_single_packet
                0x000139e4       0x4c ./L4_IO/wireless/src/nrf24L01Plus.o
                0x000139e4                nordic_mode1_send_single_packet
 .text.nordic_is_packet_available
                0x00013a30       0x12 ./L4_IO/wireless/src/nrf24L01Plus.o
                0x00013a30                nordic_is_packet_available
 .text.nordic_clear_packet_available_flag
                0x00013a42        0x8 ./L4_IO/wireless/src/nrf24L01Plus.o
                0x00013a42                nordic_clear_packet_available_flag
 .text.nordic_read_rx_fifo
                0x00013a4a       0x16 ./L4_IO/wireless/src/nrf24L01Plus.o
                0x00013a4a                nordic_read_rx_fifo
 .text.nordic_flush_rx_fifo
                0x00013a60        0xc ./L4_IO/wireless/src/nrf24L01Plus.o
                0x00013a60                nordic_flush_rx_fifo
 .text.nordic_set_intr_signals
                0x00013a6c       0x3e ./L4_IO/wireless/src/nrf24L01Plus.o
                0x00013a6c                nordic_set_intr_signals
 .text.nordic_set_crc
                0x00013aaa       0x38 ./L4_IO/wireless/src/nrf24L01Plus.o
                0x00013aaa                nordic_set_crc
 .text.nordic_power_up
                0x00013ae2       0x18 ./L4_IO/wireless/src/nrf24L01Plus.o
                0x00013ae2                nordic_power_up
 .text.nordic_power_down
                0x00013afa       0x16 ./L4_IO/wireless/src/nrf24L01Plus.o
                0x00013afa                nordic_power_down
 .text.nordic_set_channel
                0x00013b10       0x24 ./L4_IO/wireless/src/nrf24L01Plus.o
                0x00013b10                nordic_set_channel
 .text.nordic_set_air_data_rate
                0x00013b34       0x2c ./L4_IO/wireless/src/nrf24L01Plus.o
                0x00013b34                nordic_set_air_data_rate
 .text.nordic_set_power_level
                0x00013b60       0x24 ./L4_IO/wireless/src/nrf24L01Plus.o
                0x00013b60                nordic_set_power_level
 .text.nordic_set_auto_transmit_options
                0x00013b84       0x32 ./L4_IO/wireless/src/nrf24L01Plus.o
                0x00013b84                nordic_set_auto_transmit_options
 .text.nordic_set_payload_for_pipe
                0x00013bb6       0x14 ./L4_IO/wireless/src/nrf24L01Plus.o
                0x00013bb6                nordic_set_payload_for_pipe
 .text.nordic_set_addr_width
                0x00013bca       0x16 ./L4_IO/wireless/src/nrf24L01Plus.o
                0x00013bca                nordic_set_addr_width
 .text.nordic_set_tx_address
                0x00013be0        0xe ./L4_IO/wireless/src/nrf24L01Plus.o
                0x00013be0                nordic_set_tx_address
 .text.nordic_set_rx_pipe0_addr
                0x00013bee        0xe ./L4_IO/wireless/src/nrf24L01Plus.o
                0x00013bee                nordic_set_rx_pipe0_addr
 .text.nordic_init
                0x00013bfc       0xc8 ./L4_IO/wireless/src/nrf24L01Plus.o
                0x00013bfc                nordic_init
 .text.nrf_irq_callback
                0x00013cc4       0x30 ./L4_IO/wireless/src/wireless.o
 .text.nrf_driver_init
                0x00013cf4       0x70 ./L4_IO/wireless/src/wireless.o
 .text.nrf_driver_app_recv
                0x00013d64       0x50 ./L4_IO/wireless/src/wireless.o
 .text.nrf_driver_send
                0x00013db4       0x5c ./L4_IO/wireless/src/wireless.o
 .text.nrf_driver_receive
                0x00013e10       0x22 ./L4_IO/wireless/src/wireless.o
 .text.wireless_get_queued_pkt
                0x00013e32       0x64 ./L4_IO/wireless/src/wireless.o
 .text.nrf_driver_get_timer
                0x00013e96       0x28 ./L4_IO/wireless/src/wireless.o
 *fill*         0x00013ebe        0x2 
 .text.wireless_init
                0x00013ec0       0x4c ./L4_IO/wireless/src/wireless.o
                0x00013ec0                wireless_init
 .text.wireless_get_rx_pkt
                0x00013f0c       0x14 ./L4_IO/wireless/src/wireless.o
                0x00013f0c                wireless_get_rx_pkt
 .text.wireless_get_ack_pkt
                0x00013f20       0x14 ./L4_IO/wireless/src/wireless.o
                0x00013f20                wireless_get_ack_pkt
 .text.wireless_service
                0x00013f34       0x4c ./L4_IO/wireless/src/wireless.o
                0x00013f34                wireless_service
 .text._ZN11i2c2_device8writeRegEhh
                0x00013f80       0x16 ./L4_IO/src/io_source.o
                0x00013f80                i2c2_device::writeReg(unsigned char, unsigned char)
 .text._ZN11i2c2_device16get16BitRegisterEh
                0x00013f96       0x28 ./L4_IO/src/io_source.o
                0x00013f96                i2c2_device::get16BitRegister(unsigned char)
 .text._ZN19Acceleration_Sensor4initEv
                0x00013fbe       0x20 ./L4_IO/src/io_source.o
                0x00013fbe                Acceleration_Sensor::init()
 *fill*         0x00013fde        0x2 
 .text._ZN9IR_Sensor11storeIrCodeEm
                0x00013fe0       0x1c ./L4_IO/src/io_source.o
                0x00013fe0                IR_Sensor::storeIrCode(unsigned long)
 .text._ZN9IR_Sensor12decodeIrCodeEv
                0x00013ffc       0x60 ./L4_IO/src/io_source.o
                0x00013ffc                IR_Sensor::decodeIrCode()
 .text._ZN9IR_Sensor4initEv
                0x0001405c       0x34 ./L4_IO/src/io_source.o
                0x0001405c                IR_Sensor::init()
 .text._ZN11LED_Display12setLeftDigitEc
                0x00014090       0x18 ./L4_IO/src/io_source.o
                0x00014090                LED_Display::setLeftDigit(char)
 .text._ZN11LED_Display13setRightDigitEc
                0x000140a8       0x18 ./L4_IO/src/io_source.o
                0x000140a8                LED_Display::setRightDigit(char)
 .text._ZN11LED_Display4initEv
                0x000140c0       0x38 ./L4_IO/src/io_source.o
                0x000140c0                LED_Display::init()
 .text._ZN11LED_Display9setNumberEc
                0x000140f8       0x3c ./L4_IO/src/io_source.o
                0x000140f8                LED_Display::setNumber(char)
 .text._ZN3LED4initEv
                0x00014134        0x4 ./L4_IO/src/io_source.o
                0x00014134                LED::init()
 .text._ZN3LED6setAllEh
                0x00014138       0x5c ./L4_IO/src/io_source.o
                0x00014138                LED::setAll(unsigned char)
 .text._ZN12Light_Sensor4initEv
                0x00014194        0x4 ./L4_IO/src/io_source.o
                0x00014194                Light_Sensor::init()
 .text._ZN12Light_Sensor11getRawValueEv
                0x00014198        0x6 ./L4_IO/src/io_source.o
                0x00014198                Light_Sensor::getRawValue()
 .text._ZN8Switches4initEv
                0x0001419e        0x4 ./L4_IO/src/io_source.o
                0x0001419e                Switches::init()
 *fill*         0x000141a2        0x2 
 .text._ZN8Switches15getSwitchValuesEv
                0x000141a4       0x18 ./L4_IO/src/io_source.o
                0x000141a4                Switches::getSwitchValues()
 .text._ZN8I2C_Temp4initEv
                0x000141bc       0x22 ./L4_IO/src/io_source.o
                0x000141bc                I2C_Temp::init()
 .text._ZN8I2C_Temp10getCelsiusEv
                0x000141de       0x32 ./L4_IO/src/io_source.o
                0x000141de                I2C_Temp::getCelsius()
 .text._ZN8I2C_Temp12getFarenheitEv
                0x00014210       0x24 ./L4_IO/src/io_source.o
                0x00014210                I2C_Temp::getFarenheit()
 .text._ZN7Storage4copyEPKcS1_PjS2_S2_
                0x00014234       0xfa ./L4_IO/src/storage.o
                0x00014234                Storage::copy(char const*, char const*, unsigned int*, unsigned int*, unsigned int*)
 .text._ZN7Storage4readEPKcPvjj
                0x0001432e       0x46 ./L4_IO/src/storage.o
                0x0001432e                Storage::read(char const*, void*, unsigned int, unsigned int)
 .text._ZN7Storage5writeEPKcPvjj
                0x00014374       0x46 ./L4_IO/src/storage.o
                0x00014374                Storage::write(char const*, void*, unsigned int, unsigned int)
 .text._ZN7Storage6appendEPKcPKvjj
                0x000143ba       0x4a ./L4_IO/src/storage.o
                0x000143ba                Storage::append(char const*, void const*, unsigned int, unsigned int)
 .text.ff_convert
                0x00014404       0x38 ./L4_IO/fat/option/ccsbcs.o
                0x00014404                ff_convert
 .text.ff_wtoupper
                0x0001443c       0x24 ./L4_IO/fat/option/ccsbcs.o
                0x0001443c                ff_wtoupper
 .text.ff_cre_syncobj
                0x00014460       0x14 ./L4_IO/fat/option/reentrant.o
                0x00014460                ff_cre_syncobj
 .text.ff_del_syncobj
                0x00014474        0x4 ./L4_IO/fat/option/reentrant.o
                0x00014474                ff_del_syncobj
 .text.ff_req_grant
                0x00014478       0x26 ./L4_IO/fat/option/reentrant.o
                0x00014478                ff_req_grant
 .text.ff_rel_grant
                0x0001449e       0x1e ./L4_IO/fat/option/reentrant.o
                0x0001449e                ff_rel_grant
 .text.disk_initialize
                0x000144bc       0x26 ./L4_IO/fat/disk/diskio.o
                0x000144bc                disk_initialize
 .text.disk_status
                0x000144e2       0x10 ./L4_IO/fat/disk/diskio.o
                0x000144e2                disk_status
 .text.disk_read
                0x000144f2       0x38 ./L4_IO/fat/disk/diskio.o
                0x000144f2                disk_read
 .text.disk_write
                0x0001452a       0x38 ./L4_IO/fat/disk/diskio.o
                0x0001452a                disk_write
 .text.disk_ioctl
                0x00014562       0x32 ./L4_IO/fat/disk/diskio.o
                0x00014562                disk_ioctl
 .text.sys_get_uptime_ms
                0x00014594       0x12 ./L4_IO/fat/disk/sd.o
 *fill*         0x000145a6        0x2 
 .text.ssp_set_max_clock.constprop.2
                0x000145a8       0x30 ./L4_IO/fat/disk/sd.o
 .text.ssp1_exchange_byte
                0x000145d8       0x18 ./L4_IO/fat/disk/sd.o
 .text.wait_ready
                0x000145f0       0x2e ./L4_IO/fat/disk/sd.o
                0x000145f0                wait_ready
 *fill*         0x0001461e        0x2 
 .text.power_off
                0x00014620       0x24 ./L4_IO/fat/disk/sd.o
                0x00014620                power_off
 .text.rcvr_datablock
                0x00014644       0x84 ./L4_IO/fat/disk/sd.o
                0x00014644                rcvr_datablock
 .text.xmit_datablock
                0x000146c8       0x4c ./L4_IO/fat/disk/sd.o
                0x000146c8                xmit_datablock
 .text.send_cmd
                0x00014714       0x8c ./L4_IO/fat/disk/sd.o
                0x00014714                send_cmd
 .text.sd_update_card_status
                0x000147a0       0x24 ./L4_IO/fat/disk/sd.o
                0x000147a0                sd_update_card_status
 .text.sd_initialize
                0x000147c4      0x15c ./L4_IO/fat/disk/sd.o
                0x000147c4                sd_initialize
 .text.sd_status
                0x00014920       0x10 ./L4_IO/fat/disk/sd.o
                0x00014920                sd_status
 .text.sd_read  0x00014930       0x9c ./L4_IO/fat/disk/sd.o
                0x00014930                sd_read
 .text.sd_write
                0x000149cc       0xb4 ./L4_IO/fat/disk/sd.o
                0x000149cc                sd_write
 .text.sd_ioctl
                0x00014a80      0x228 ./L4_IO/fat/disk/sd.o
                0x00014a80                sd_ioctl
 .text._ZL24flash_get_mem_size_bytesv
                0x00014ca8       0x20 ./L4_IO/fat/disk/spi_flash.o
 .text._ZL37flash_perform_page_io_of_fatfs_sectorPFvPhmmES_m
                0x00014cc8       0x74 ./L4_IO/fat/disk/spi_flash.o
 .text.ssp1_exchange_data
                0x00014d3c       0xcc ./L4_IO/fat/disk/spi_flash.o
 .text._ZL18flash_send_op_addr14flash_opcode_tm
                0x00014e08       0x24 ./L4_IO/fat/disk/spi_flash.o
 .text._ZL15flash_read_pagePhmm
                0x00014e2c       0x44 ./L4_IO/fat/disk/spi_flash.o
 .text._ZL20flash_wait_for_readyv
                0x00014e70       0x40 ./L4_IO/fat/disk/spi_flash.o
 .text.flash_initialize
                0x00014eb0       0x98 ./L4_IO/fat/disk/spi_flash.o
                0x00014eb0                flash_initialize
 .text.flash_read_sectors
                0x00014f48       0x4c ./L4_IO/fat/disk/spi_flash.o
                0x00014f48                flash_read_sectors
 .text.flash_write_sectors
                0x00014f94       0x48 ./L4_IO/fat/disk/spi_flash.o
                0x00014f94                flash_write_sectors
 .text.flash_ioctl
                0x00014fdc       0x38 ./L4_IO/fat/disk/spi_flash.o
                0x00014fdc                flash_ioctl
 .text.flash_write_permanent_id
                0x00015014       0x44 ./L4_IO/fat/disk/spi_flash.o
                0x00015014                flash_write_permanent_id
 .text.flash_read_permanent_id
                0x00015058       0x28 ./L4_IO/fat/disk/spi_flash.o
                0x00015058                flash_read_permanent_id
 .text.flash_get_page_count
                0x00015080       0x20 ./L4_IO/fat/disk/spi_flash.o
                0x00015080                flash_get_page_count
 .text.flash_get_page_size
                0x000150a0        0xc ./L4_IO/fat/disk/spi_flash.o
                0x000150a0                flash_get_page_size
 .text.flash_supports_metadata
                0x000150ac       0x10 ./L4_IO/fat/disk/spi_flash.o
                0x000150ac                flash_supports_metadata
 .text._ZL16flash_write_pagePhmm
                0x000150bc       0x8c ./L4_IO/fat/disk/spi_flash.o
 .text.flash_get_page_write_count
                0x00015148       0x54 ./L4_IO/fat/disk/spi_flash.o
                0x00015148                flash_get_page_write_count
 .text.flash_chip_erase
                0x0001519c       0x28 ./L4_IO/fat/disk/spi_flash.o
                0x0001519c                flash_chip_erase
 .text.get_fattime
                0x000151c4       0x52 ./L4_IO/fat/fatfs_time.o
                0x000151c4                get_fattime
 .text.mem_cpy  0x00015216       0x38 ./L4_IO/fat/ff.o
 .text.mem_set  0x0001524e        0xe ./L4_IO/fat/ff.o
 .text.sum_sfn  0x0001525c       0x1e ./L4_IO/fat/ff.o
 .text.get_ldnumber
                0x0001527a       0x3e ./L4_IO/fat/ff.o
 .text.get_fileinfo
                0x000152b8       0xc0 ./L4_IO/fat/ff.o
 .text.sync_window
                0x00015378       0x4a ./L4_IO/fat/ff.o
 *fill*         0x000153c2        0x2 
 .text.sync_fs  0x000153c4       0x78 ./L4_IO/fat/ff.o
 .text.move_window
                0x0001543c       0x34 ./L4_IO/fat/ff.o
 .text.check_fs
                0x00015470       0x4c ./L4_IO/fat/ff.o
 .text.find_volume
                0x000154bc      0x220 ./L4_IO/fat/ff.o
 .text.validate
                0x000156dc       0x3a ./L4_IO/fat/ff.o
 .text.unlock_fs
                0x00015716       0x1a ./L4_IO/fat/ff.o
 .text.clust2sect
                0x00015730       0x16 ./L4_IO/fat/ff.o
                0x00015730                clust2sect
 .text.get_fat  0x00015746       0xa6 ./L4_IO/fat/ff.o
                0x00015746                get_fat
 .text.dir_sdi  0x000157ec       0x82 ./L4_IO/fat/ff.o
 .text.put_fat  0x0001586e       0xd0 ./L4_IO/fat/ff.o
                0x0001586e                put_fat
 .text.create_chain
                0x0001593e       0xa2 ./L4_IO/fat/ff.o
 .text.dir_next
                0x000159e0       0xee ./L4_IO/fat/ff.o
 *fill*         0x00015ace        0x2 
 .text.dir_find
                0x00015ad0      0x12c ./L4_IO/fat/ff.o
 .text.follow_path
                0x00015bfc      0x25c ./L4_IO/fat/ff.o
 .text.dir_register
                0x00015e58      0x208 ./L4_IO/fat/ff.o
 .text.dir_remove
                0x00016060       0x5a ./L4_IO/fat/ff.o
 *fill*         0x000160ba        0x2 
 .text.dir_read.constprop.11
                0x000160bc       0xe0 ./L4_IO/fat/ff.o
 .text.remove_chain
                0x0001619c       0x5a ./L4_IO/fat/ff.o
 *fill*         0x000161f6        0x2 
 .text.f_mount  0x000161f8       0x7c ./L4_IO/fat/ff.o
                0x000161f8                f_mount
 .text.f_open   0x00016274      0x132 ./L4_IO/fat/ff.o
                0x00016274                f_open
 .text.f_read   0x000163a6      0x17c ./L4_IO/fat/ff.o
                0x000163a6                f_read
 .text.f_write  0x00016522      0x1a8 ./L4_IO/fat/ff.o
                0x00016522                f_write
 .text.f_sync   0x000166ca       0x8c ./L4_IO/fat/ff.o
                0x000166ca                f_sync
 .text.f_close  0x00016756       0x24 ./L4_IO/fat/ff.o
                0x00016756                f_close
 .text.f_lseek  0x0001677a      0x14c ./L4_IO/fat/ff.o
                0x0001677a                f_lseek
 .text.f_opendir
                0x000168c6       0x88 ./L4_IO/fat/ff.o
                0x000168c6                f_opendir
 .text.f_readdir
                0x0001694e       0x5e ./L4_IO/fat/ff.o
                0x0001694e                f_readdir
 .text.f_getfree
                0x000169ac       0xca ./L4_IO/fat/ff.o
                0x000169ac                f_getfree
 .text.f_unlink
                0x00016a76       0xba ./L4_IO/fat/ff.o
                0x00016a76                f_unlink
 .text.f_mkdir  0x00016b30      0x154 ./L4_IO/fat/ff.o
                0x00016b30                f_mkdir
 .text.f_rename
                0x00016c84      0x120 ./L4_IO/fat/ff.o
                0x00016c84                f_rename
 .text.f_mkfs   0x00016da4      0x4f0 ./L4_IO/fat/ff.o
                0x00016da4                f_mkfs
 .text.c_list_for_each_elm
                0x00017294       0x2a ./L3_Utils/src/c_list.o
                0x00017294                c_list_for_each_elm
 *fill*         0x000172be        0x2 
 .text._ZN16CommandProcessor10addHandlerEPFbR3strR7CharDevPvEPKcS8_S4_
                0x000172c0       0x7c ./L3_Utils/src/command_handler.o
                0x000172c0                CommandProcessor::addHandler(bool (*)(str&, CharDev&, void*), char const*, char const*, void*)
 .text._ZN16CommandProcessor24getRegisteredCommandListER7CharDev
                0x0001733c       0x9c ./L3_Utils/src/command_handler.o
                0x0001733c                CommandProcessor::getRegisteredCommandList(CharDev&)
 .text._ZN16CommandProcessor11getHelpTextER3strR7CharDev
                0x000173d8       0x70 ./L3_Utils/src/command_handler.o
                0x000173d8                CommandProcessor::getHelpText(str&, CharDev&)
 .text._ZN16CommandProcessor15prepareCmdParamER3strPKc
                0x00017448       0x3c ./L3_Utils/src/command_handler.o
                0x00017448                CommandProcessor::prepareCmdParam(str&, char const*)
 .text._ZN16CommandProcessor13handleCommandER3strR7CharDev
                0x00017484      0x144 ./L3_Utils/src/command_handler.o
                0x00017484                CommandProcessor::handleCommand(str&, CharDev&)
 .text.logger_get_buffer_ptr
                0x000175c8       0x44 ./L3_Utils/src/file_logger.o
 .text.logger_write_to_file
                0x0001760c       0xb0 ./L3_Utils/src/file_logger.o
 .text.logger_task
                0x000176bc       0xc0 ./L3_Utils/src/file_logger.o
 .text.logger_write_log_message
                0x0001777c       0x4c ./L3_Utils/src/file_logger.o
 .text.logger_send_flush_request
                0x000177c8       0x34 ./L3_Utils/src/file_logger.o
                0x000177c8                logger_send_flush_request
 .text.logger_get_logged_call_count
                0x000177fc       0x14 ./L3_Utils/src/file_logger.o
                0x000177fc                logger_get_logged_call_count
 .text.logger_get_blocked_call_count
                0x00017810        0xc ./L3_Utils/src/file_logger.o
                0x00017810                logger_get_blocked_call_count
 .text.logger_get_highest_file_write_time_ms
                0x0001781c        0xc ./L3_Utils/src/file_logger.o
                0x0001781c                logger_get_highest_file_write_time_ms
 .text.logger_get_num_buffers_watermark
                0x00017828        0xc ./L3_Utils/src/file_logger.o
                0x00017828                logger_get_num_buffers_watermark
 .text.logger_init
                0x00017834       0xd8 ./L3_Utils/src/file_logger.o
                0x00017834                logger_init
 .text.logger_set_printf
                0x0001790c       0x1c ./L3_Utils/src/file_logger.o
                0x0001790c                logger_set_printf
 .text.logger_log
                0x00017928      0x138 ./L3_Utils/src/file_logger.o
                0x00017928                logger_log
 .text.logger_log_raw
                0x00017a60       0x40 ./L3_Utils/src/file_logger.o
                0x00017a60                logger_log_raw
 .text.u0_dbg_put
                0x00017aa0       0x1e ./L3_Utils/src/printf_lib.o
                0x00017aa0                u0_dbg_put
 .text.u0_dbg_printf
                0x00017abe       0x3c ./L3_Utils/src/printf_lib.o
                0x00017abe                u0_dbg_printf
 .text.for_each_recur_alarm_callback
                0x00017afa       0x26 ./L3_Utils/src/rtc_alarm.o
 .text.for_each_alarm_callback
                0x00017b20       0x5c ./L3_Utils/src/rtc_alarm.o
 .text.RTC_IRQHandler
                0x00017b7c       0xa4 ./L3_Utils/src/rtc_alarm.o
                0x00017b7c                RTC_IRQHandler
 .text._ZL9printlinePKcS0_
                0x00017c20       0xac ./L3_Utils/src/scheduler_task.o
 .text._ZL9dbg_printPKcS0_
                0x00017ccc       0x74 ./L3_Utils/src/scheduler_task.o
 .text._Z24scheduler_c_task_privatePv
                0x00017d40      0x118 ./L3_Utils/src/scheduler_task.o
                0x00017d40                scheduler_c_task_private(void*)
 .text._Z18scheduler_init_allb
                0x00017e58       0xec ./L3_Utils/src/scheduler_task.o
                0x00017e58                scheduler_init_all(bool)
 .text._Z18scheduler_add_taskP14scheduler_task
                0x00017f44       0x1c ./L3_Utils/src/scheduler_task.o
                0x00017f44                scheduler_add_task(scheduler_task*)
 .text._Z15scheduler_startbb
                0x00017f60       0x44 ./L3_Utils/src/scheduler_task.o
                0x00017f60                scheduler_start(bool, bool)
 .text._ZN14scheduler_taskC2EPKcmhPv
                0x00017fa4       0x34 ./L3_Utils/src/scheduler_task.o
                0x00017fa4                scheduler_task::scheduler_task(char const*, unsigned long, unsigned char, void*)
                0x00017fa4                scheduler_task::scheduler_task(char const*, unsigned long, unsigned char, void*)
 .text._ZN14scheduler_task15getSharedObjectEh
                0x00017fd8       0x18 ./L3_Utils/src/scheduler_task.o
                0x00017fd8                scheduler_task::getSharedObject(unsigned char)
 .text._ZN3strC2EPci
                0x00017ff0       0x2c ./L3_Utils/src/str.o
                0x00017ff0                str::str(char*, int)
                0x00017ff0                str::str(char*, int)
 .text._ZN3strD2Ev
                0x0001801c       0x24 ./L3_Utils/src/str.o
                0x0001801c                str::~str()
                0x0001801c                str::~str()
 .text._ZNK3str6getLenEv
                0x00018040        0x6 ./L3_Utils/src/str.o
                0x00018040                str::getLen() const
 .text._ZNK3str11getCapacityEv
                0x00018046        0x4 ./L3_Utils/src/str.o
                0x00018046                str::getCapacity() const
 .text._ZN3str5clearEv
                0x0001804a        0x8 ./L3_Utils/src/str.o
                0x0001804a                str::clear()
 .text._ZN3str5scanfEPKcz
                0x00018052       0x1c ./L3_Utils/src/str.o
                0x00018052                str::scanf(char const*, ...)
 .text._ZN3str8tokenizeEPKciz
                0x0001806e       0x4c ./L3_Utils/src/str.o
                0x0001806e                str::tokenize(char const*, int, ...)
 .text._ZNK3str9compareToEPKc
                0x000180ba       0x14 ./L3_Utils/src/str.o
                0x000180ba                str::compareTo(char const*) const
 .text._ZNK3str19compareToIgnoreCaseEPKc
                0x000180ce       0x10 ./L3_Utils/src/str.o
                0x000180ce                str::compareToIgnoreCase(char const*) const
 .text._ZNK3str22firstIndexOfIgnoreCaseEPKc
                0x000180de       0x80 ./L3_Utils/src/str.o
                0x000180de                str::firstIndexOfIgnoreCase(char const*) const
 .text._ZNK3str18containsIgnoreCaseEPKc
                0x0001815e        0xe ./L3_Utils/src/str.o
                0x0001815e                str::containsIgnoreCase(char const*) const
 .text._ZNK3str12firstIndexOfEPKc
                0x0001816c       0x16 ./L3_Utils/src/str.o
                0x0001816c                str::firstIndexOf(char const*) const
 .text._ZNK3str10beginsWithEPKc
                0x00018182       0x2e ./L3_Utils/src/str.o
                0x00018182                str::beginsWith(char const*) const
 .text._ZNK3str20beginsWithIgnoreCaseEPKc
                0x000181b0       0x2e ./L3_Utils/src/str.o
                0x000181b0                str::beginsWithIgnoreCase(char const*) const
 .text._ZNK3str29beginsWithWholeWordIgnoreCaseEPKcc
                0x000181de       0x38 ./L3_Utils/src/str.o
                0x000181de                str::beginsWithWholeWordIgnoreCase(char const*, char) const
 .text._ZN3str10eraseFirstEi
                0x00018216       0x28 ./L3_Utils/src/str.o
                0x00018216                str::eraseFirst(int)
 .text._ZN3str9eraseLastEi
                0x0001823e       0x20 ./L3_Utils/src/str.o
                0x0001823e                str::eraseLast(int)
 .text._ZN3str10eraseAfterEii
                0x0001825e       0x38 ./L3_Utils/src/str.o
                0x0001825e                str::eraseAfter(int, int)
 .text._ZN3str5eraseEPKc
                0x00018296       0x28 ./L3_Utils/src/str.o
                0x00018296                str::erase(char const*)
 .text._ZN3str15eraseFirstWordsEic
                0x000182be       0x2a ./L3_Utils/src/str.o
                0x000182be                str::eraseFirstWords(int, char)
 .text._ZN3str9trimStartEPKc
                0x000182e8       0x40 ./L3_Utils/src/str.o
                0x000182e8                str::trimStart(char const*)
 .text._ZN3str7trimEndEPKc
                0x00018328       0x3a ./L3_Utils/src/str.o
                0x00018328                str::trimEnd(char const*)
 .text._ZNK3streqEPKc
                0x00018362        0x4 ./L3_Utils/src/str.o
                0x00018362                str::operator==(char const*) const
 .text._ZNK3strclEv
                0x00018366        0x4 ./L3_Utils/src/str.o
                0x00018366                str::operator()() const
 .text._ZNK3strcviEv
                0x0001836a        0x6 ./L3_Utils/src/str.o
                0x0001836a                str::operator int() const
 .text._ZN3strixEi
                0x00018370       0x14 ./L3_Utils/src/str.o
                0x00018370                str::operator[](int)
 .text._ZN3str13reAllocateMemEi
                0x00018384       0x4c ./L3_Utils/src/str.o
                0x00018384                str::reAllocateMem(int)
 .text._ZN3str4initEi
                0x000183d0       0x10 ./L3_Utils/src/str.o
                0x000183d0                str::init(int)
 .text._ZN3strC2Ei
                0x000183e0        0xc ./L3_Utils/src/str.o
                0x000183e0                str::str(int)
                0x000183e0                str::str(int)
 .text._ZN3str7reserveEi
                0x000183ec        0xe ./L3_Utils/src/str.o
                0x000183ec                str::reserve(int)
 .text._ZN3str6printfEPKcz
                0x000183fa       0x42 ./L3_Utils/src/str.o
                0x000183fa                str::printf(char const*, ...)
 .text._ZN3str26ensureMemoryToInsertNCharsEi
                0x0001843c       0x22 ./L3_Utils/src/str.o
                0x0001843c                str::ensureMemoryToInsertNChars(int)
 .text._ZN3str11insertAtEndEPKc
                0x0001845e       0x22 ./L3_Utils/src/str.o
                0x0001845e                str::insertAtEnd(char const*)
 .text._ZN3strpLEc
                0x00018480       0x1a ./L3_Utils/src/str.o
                0x00018480                str::operator+=(char)
 .text._ZN3str8copyFromEPKc
                0x0001849a       0x3c ./L3_Utils/src/str.o
                0x0001849a                str::copyFrom(char const*)
 .text._ZN3straSEPKc
                0x000184d6        0x4 ./L3_Utils/src/str.o
                0x000184d6                str::operator=(char const*)
 .text.delay_us
                0x000184da       0x1c ./L3_Utils/src/utilities.o
                0x000184da                delay_us
 .text.is_freertos_running
                0x000184f6        0xe ./L3_Utils/src/utilities.o
                0x000184f6                is_freertos_running
 .text.delay_ms
                0x00018504       0x22 ./L3_Utils/src/utilities.o
                0x00018504                delay_ms
 *fill*         0x00018526        0x2 
 .text.adc0_start_conversion
                0x00018528       0x24 ./L2_Drivers/src/adc.o
 .text.ADC_IRQHandler
                0x0001854c       0x3c ./L2_Drivers/src/adc.o
                0x0001854c                ADC_IRQHandler
 .text.adc0_init
                0x00018588       0x74 ./L2_Drivers/src/adc.o
                0x00018588                adc0_init
 .text.adc0_get_reading
                0x000185fc       0x78 ./L2_Drivers/src/adc.o
                0x000185fc                adc0_get_reading
 .text.CAN_tx_now
                0x00018674       0x32 ./L2_Drivers/src/can.o
 *fill*         0x000186a6        0x2 
 .text.CAN_handle_isr
                0x000186a8       0xa4 ./L2_Drivers/src/can.o
 .text.CAN_IRQHandler
                0x0001874c       0x28 ./L2_Drivers/src/can.o
                0x0001874c                CAN_IRQHandler
 .text.CAN_init
                0x00018774      0x18c ./L2_Drivers/src/can.o
                0x00018774                CAN_init
 .text.CAN_rx   0x00018900       0x88 ./L2_Drivers/src/can.o
                0x00018900                CAN_rx
 .text.CAN_is_bus_off
                0x00018988       0x1c ./L2_Drivers/src/can.o
                0x00018988                CAN_is_bus_off
 .text.CAN_tx   0x000189a4       0xa8 ./L2_Drivers/src/can.o
                0x000189a4                CAN_tx
 .text.CAN_reset_bus
                0x00018a4c       0x18 ./L2_Drivers/src/can.o
                0x00018a4c                CAN_reset_bus
 .text.CAN_gen_sid
                0x00018a64       0x34 ./L2_Drivers/src/can.o
                0x00018a64                CAN_gen_sid
 .text.CAN_setup_filter
                0x00018a98      0x144 ./L2_Drivers/src/can.o
                0x00018a98                CAN_setup_filter
 .text.handle_eint_list
                0x00018bdc       0x2c ./L2_Drivers/src/eint.o
 .text.eint3_enable.isra.0
                0x00018c08       0x38 ./L2_Drivers/src/eint.o
 .text.EINT3_IRQHandler
                0x00018c40       0x80 ./L2_Drivers/src/eint.o
                0x00018c40                EINT3_IRQHandler
 .text.eint3_enable_port0
                0x00018cc0       0x30 ./L2_Drivers/src/eint.o
                0x00018cc0                eint3_enable_port0
 .text._ZN4I2C24initEj
                0x00018cf0       0x6c ./L2_Drivers/src/i2c2.o
                0x00018cf0                I2C2::init(unsigned int)
 .text._ZN4I2C2C2Ev
                0x00018d5c       0x14 ./L2_Drivers/src/i2c2.o
                0x00018d5c                I2C2::I2C2()
                0x00018d5c                I2C2::I2C2()
 .text.I2C2_IRQHandler
                0x00018d70       0x24 ./L2_Drivers/src/i2c2.o
                0x00018d70                I2C2_IRQHandler
 .text.RIT_IRQHandler
                0x00018d94       0x1c ./L2_Drivers/src/lpc_rit.o
                0x00018d94                RIT_IRQHandler
 .text.lpc_timer_get_struct
                0x00018db0       0x20 ./L2_Drivers/src/lpc_timers.o
 .text.lpc_timer_enable
                0x00018dd0       0x50 ./L2_Drivers/src/lpc_timers.o
                0x00018dd0                lpc_timer_enable
 .text._ZN12NordicStream5flushEv
                0x00018e20       0x62 ./L2_Drivers/src/nrf_stream.o
                0x00018e20                NordicStream::flush()
 *fill*         0x00018e82        0x2 
 .text._ZN12NordicStreamD2Ev
                0x00018e84       0x14 ./L2_Drivers/src/nrf_stream.o
                0x00018e84                NordicStream::~NordicStream()
                0x00018e84                NordicStream::~NordicStream()
 .text._ZN12NordicStreamD0Ev
                0x00018e98       0x12 ./L2_Drivers/src/nrf_stream.o
                0x00018e98                NordicStream::~NordicStream()
 .text._ZN12NordicStream7putCharEcj
                0x00018eaa       0x22 ./L2_Drivers/src/nrf_stream.o
                0x00018eaa                NordicStream::putChar(char, unsigned int)
 .text._ZN12NordicStream7getCharEPcj
                0x00018ecc       0x40 ./L2_Drivers/src/nrf_stream.o
                0x00018ecc                NordicStream::getChar(char*, unsigned int)
 .text._ZN12NordicStreamC2Ev
                0x00018f0c       0x40 ./L2_Drivers/src/nrf_stream.o
                0x00018f0c                NordicStream::NordicStream()
                0x00018f0c                NordicStream::NordicStream()
 .text.rtc_gettime
                0x00018f4c       0x50 ./L2_Drivers/src/rtc.o
                0x00018f4c                rtc_gettime
 .text.rtc_settime
                0x00018f9c       0x68 ./L2_Drivers/src/rtc.o
                0x00018f9c                rtc_settime
 .text.rtc_init
                0x00019004       0xd0 ./L2_Drivers/src/rtc.o
                0x00019004                rtc_init
 .text.rtc_get_date_time_str
                0x000190d4       0x14 ./L2_Drivers/src/rtc.o
                0x000190d4                rtc_get_date_time_str
 .text.ssp1_dma_init
                0x000190e8       0x1c ./L2_Drivers/src/spi_dma.o
                0x000190e8                ssp1_dma_init
 .text.ssp1_dma_transfer_block
                0x00019104       0xc4 ./L2_Drivers/src/spi_dma.o
                0x00019104                ssp1_dma_transfer_block
 .text.spi1_lock
                0x000191c8       0x30 ./L2_Drivers/src/spi_sem.o
                0x000191c8                spi1_lock
 .text.spi1_unlock
                0x000191f8       0x24 ./L2_Drivers/src/spi_sem.o
                0x000191f8                spi1_unlock
 .text._ZN5Uart0D2Ev
                0x0001921c       0x14 ./L2_Drivers/src/uart0.o
                0x0001921c                Uart0::~Uart0()
                0x0001921c                Uart0::~Uart0()
 .text._ZN5Uart0D0Ev
                0x00019230       0x12 ./L2_Drivers/src/uart0.o
                0x00019230                Uart0::~Uart0()
 *fill*         0x00019242        0x2 
 .text._ZN5Uart04initEjii
                0x00019244       0x40 ./L2_Drivers/src/uart0.o
                0x00019244                Uart0::init(unsigned int, int, int)
 .text._ZN5Uart0C2Ev
                0x00019284       0x1c ./L2_Drivers/src/uart0.o
                0x00019284                Uart0::Uart0()
                0x00019284                Uart0::Uart0()
 .text.UART0_IRQHandler
                0x000192a0       0x24 ./L2_Drivers/src/uart0.o
                0x000192a0                UART0_IRQHandler
 .text._ZN5Uart2D2Ev
                0x000192c4       0x14 ./L2_Drivers/src/uart2.o
                0x000192c4                Uart2::~Uart2()
                0x000192c4                Uart2::~Uart2()
 .text._ZN5Uart2D0Ev
                0x000192d8       0x12 ./L2_Drivers/src/uart2.o
                0x000192d8                Uart2::~Uart2()
 *fill*         0x000192ea        0x2 
 .text._ZN5Uart2C2Ev
                0x000192ec       0x1c ./L2_Drivers/src/uart2.o
                0x000192ec                Uart2::Uart2()
                0x000192ec                Uart2::Uart2()
 .text.UART2_IRQHandler
                0x00019308       0x24 ./L2_Drivers/src/uart2.o
                0x00019308                UART2_IRQHandler
 .text._ZN5Uart3D2Ev
                0x0001932c       0x14 ./L2_Drivers/src/uart3.o
                0x0001932c                Uart3::~Uart3()
                0x0001932c                Uart3::~Uart3()
 .text._ZN5Uart3D0Ev
                0x00019340       0x12 ./L2_Drivers/src/uart3.o
                0x00019340                Uart3::~Uart3()
 *fill*         0x00019352        0x2 
 .text._ZN5Uart34initEjii
                0x00019354       0x40 ./L2_Drivers/src/uart3.o
                0x00019354                Uart3::init(unsigned int, int, int)
 .text._ZN5Uart3C2Ev
                0x00019394       0x1c ./L2_Drivers/src/uart3.o
                0x00019394                Uart3::Uart3()
                0x00019394                Uart3::Uart3()
 .text.UART3_IRQHandler
                0x000193b0       0x24 ./L2_Drivers/src/uart3.o
                0x000193b0                UART3_IRQHandler
 .text._ZN7CharDev5flushEv
                0x000193d4        0x4 ./L2_Drivers/base/char_dev.o
                0x000193d4                CharDev::flush()
 .text._ZN7CharDev3putEPKcj
                0x000193d8       0x26 ./L2_Drivers/base/char_dev.o
                0x000193d8                CharDev::put(char const*, unsigned int)
 *fill*         0x000193fe        0x2 
 .text._ZN7CharDev7putlineEPKcj
                0x00019400       0x1c ./L2_Drivers/base/char_dev.o
                0x00019400                CharDev::putline(char const*, unsigned int)
 .text._ZN7CharDev4getsEPcij
                0x0001941c       0x50 ./L2_Drivers/base/char_dev.o
                0x0001941c                CharDev::gets(char*, int, unsigned int)
 .text._ZN7CharDev6printfEPKcz
                0x0001946c       0x78 ./L2_Drivers/base/char_dev.o
                0x0001946c                CharDev::printf(char const*, ...)
 .text._ZN7CharDevC2Ev
                0x000194e4       0x20 ./L2_Drivers/base/char_dev.o
                0x000194e4                CharDev::CharDev()
                0x000194e4                CharDev::CharDev()
 .text._ZN7CharDevD2Ev
                0x00019504       0x18 ./L2_Drivers/base/char_dev.o
                0x00019504                CharDev::~CharDev()
                0x00019504                CharDev::~CharDev()
 .text._ZN8I2C_Base8transferEhhPhm
                0x0001951c       0xda ./L2_Drivers/base/i2c_base.o
                0x0001951c                I2C_Base::transfer(unsigned char, unsigned char, unsigned char*, unsigned long)
 .text._ZN8I2C_Base13readRegistersEhhPhm
                0x000195f6        0x8 ./L2_Drivers/base/i2c_base.o
                0x000195f6                I2C_Base::readRegisters(unsigned char, unsigned char, unsigned char*, unsigned long)
 .text._ZN8I2C_Base7readRegEhh
                0x000195fe       0x1a ./L2_Drivers/base/i2c_base.o
                0x000195fe                I2C_Base::readReg(unsigned char, unsigned char)
 .text._ZN8I2C_Base14writeRegistersEhhPhm
                0x00019618        0x8 ./L2_Drivers/base/i2c_base.o
                0x00019618                I2C_Base::writeRegisters(unsigned char, unsigned char, unsigned char*, unsigned long)
 .text._ZN8I2C_Base8writeRegEhhh
                0x00019620       0x16 ./L2_Drivers/base/i2c_base.o
                0x00019620                I2C_Base::writeReg(unsigned char, unsigned char, unsigned char)
 .text._ZN8I2C_Base19checkDeviceResponseEh
                0x00019636       0x16 ./L2_Drivers/base/i2c_base.o
                0x00019636                I2C_Base::checkDeviceResponse(unsigned char)
 .text._ZN8I2C_BaseC2EP15LPC_I2C_TypeDef
                0x0001964c       0x5c ./L2_Drivers/base/i2c_base.o
                0x0001964c                I2C_Base::I2C_Base(LPC_I2C_TypeDef*)
                0x0001964c                I2C_Base::I2C_Base(LPC_I2C_TypeDef*)
 .text._ZN8I2C_Base4initEmm
                0x000196a8       0x8c ./L2_Drivers/base/i2c_base.o
                0x000196a8                I2C_Base::init(unsigned long, unsigned long)
 .text._ZN8I2C_Base15i2cStateMachineEv
                0x00019734      0x122 ./L2_Drivers/base/i2c_base.o
                0x00019734                I2C_Base::i2cStateMachine()
 *fill*         0x00019856        0x2 
 .text._ZN8I2C_Base15handleInterruptEv
                0x00019858       0x30 ./L2_Drivers/base/i2c_base.o
                0x00019858                I2C_Base::handleInterrupt()
 .text._ZN7UartDevD2Ev
                0x00019888       0x14 ./L2_Drivers/base/uart_dev.o
                0x00019888                UartDev::~UartDev()
                0x00019888                UartDev::~UartDev()
 .text._ZN7UartDevD0Ev
                0x0001989c       0x12 ./L2_Drivers/base/uart_dev.o
                0x0001989c                UartDev::~UartDev()
 .text._ZN7UartDev7putCharEcj
                0x000198ae       0x5a ./L2_Drivers/base/uart_dev.o
                0x000198ae                UartDev::putChar(char, unsigned int)
 .text._ZN7UartDev5flushEv
                0x00019908       0x20 ./L2_Drivers/base/uart_dev.o
                0x00019908                UartDev::flush()
 .text._ZN7UartDev7getCharEPcj
                0x00019928       0x6c ./L2_Drivers/base/uart_dev.o
                0x00019928                UartDev::getChar(char*, unsigned int)
 .text._ZN7UartDev11setBaudRateEj
                0x00019994       0x3c ./L2_Drivers/base/uart_dev.o
                0x00019994                UartDev::setBaudRate(unsigned int)
 .text._ZN7UartDev15handleInterruptEv
                0x000199d0       0xb4 ./L2_Drivers/base/uart_dev.o
                0x000199d0                UartDev::handleInterrupt()
 .text._ZN7UartDevC2EPj
                0x00019a84       0x28 ./L2_Drivers/base/uart_dev.o
                0x00019a84                UartDev::UartDev(unsigned int*)
                0x00019a84                UartDev::UartDev(unsigned int*)
 .text._ZN7UartDev4initEjjii
                0x00019aac       0xb0 ./L2_Drivers/base/uart_dev.o
                0x00019aac                UartDev::init(unsigned int, unsigned int, int, int)
 .text.vListInitialise
                0x00019b5c       0x16 ./L1_FreeRTOS/src/list.o
                0x00019b5c                vListInitialise
 .text.vListInitialiseItem
                0x00019b72        0x6 ./L1_FreeRTOS/src/list.o
                0x00019b72                vListInitialiseItem
 .text.vListInsertEnd
                0x00019b78       0x18 ./L1_FreeRTOS/src/list.o
                0x00019b78                vListInsertEnd
 .text.vListInsert
                0x00019b90       0x30 ./L1_FreeRTOS/src/list.o
                0x00019b90                vListInsert
 .text.uxListRemove
                0x00019bc0       0x20 ./L1_FreeRTOS/src/list.o
                0x00019bc0                uxListRemove
 .text.prvCopyDataToQueue
                0x00019be0       0x6a ./L1_FreeRTOS/src/queue.o
 .text.prvNotifyQueueSetContainer
                0x00019c4a       0x36 ./L1_FreeRTOS/src/queue.o
 .text.prvCopyDataFromQueue
                0x00019c80       0x28 ./L1_FreeRTOS/src/queue.o
 .text.prvUnlockQueue
                0x00019ca8       0x78 ./L1_FreeRTOS/src/queue.o
 .text.pvPortMalloc
                0x00019d20       0x1e ./L1_FreeRTOS/src/queue.o
                0x00019d20                pvPortMalloc
 .text.vPortFree
                0x00019d3e       0x1a ./L1_FreeRTOS/src/queue.o
                0x00019d3e                vPortFree
 .text.xQueueGenericReset
                0x00019d58       0x5a ./L1_FreeRTOS/src/queue.o
                0x00019d58                xQueueGenericReset
 .text.xQueueGenericCreate
                0x00019db2       0x50 ./L1_FreeRTOS/src/queue.o
                0x00019db2                xQueueGenericCreate
 .text.xQueueCreateCountingSemaphore
                0x00019e02       0x12 ./L1_FreeRTOS/src/queue.o
                0x00019e02                xQueueCreateCountingSemaphore
 .text.xQueueGenericSend
                0x00019e14       0xe6 ./L1_FreeRTOS/src/queue.o
                0x00019e14                xQueueGenericSend
 .text.xQueueCreateMutex
                0x00019efa       0x4c ./L1_FreeRTOS/src/queue.o
                0x00019efa                xQueueCreateMutex
 .text.xQueueGenericSendFromISR
                0x00019f46       0x76 ./L1_FreeRTOS/src/queue.o
                0x00019f46                xQueueGenericSendFromISR
 .text.xQueueGenericReceive
                0x00019fbc      0x102 ./L1_FreeRTOS/src/queue.o
                0x00019fbc                xQueueGenericReceive
 .text.xQueueReceiveFromISR
                0x0001a0be       0x52 ./L1_FreeRTOS/src/queue.o
                0x0001a0be                xQueueReceiveFromISR
 .text.uxQueueMessagesWaiting
                0x0001a110       0x12 ./L1_FreeRTOS/src/queue.o
                0x0001a110                uxQueueMessagesWaiting
 .text.uxQueueMessagesWaitingFromISR
                0x0001a122        0x4 ./L1_FreeRTOS/src/queue.o
                0x0001a122                uxQueueMessagesWaitingFromISR
 .text.xQueueSelectFromSet
                0x0001a126       0x18 ./L1_FreeRTOS/src/queue.o
                0x0001a126                xQueueSelectFromSet
 .text.prvResetRunTimeStatsInList
                0x0001a13e       0x2e ./L1_FreeRTOS/src/tasks.o
 .text.prvIdleTask
                0x0001a16c       0x18 ./L1_FreeRTOS/src/tasks.o
 .text.prvListTaskWithinSingleList
                0x0001a184       0x9e ./L1_FreeRTOS/src/tasks.o
 *fill*         0x0001a222        0x2 
 .text.prvResetNextTaskUnblockTime
                0x0001a224       0x24 ./L1_FreeRTOS/src/tasks.o
 .text.prvAddCurrentTaskToDelayedList
                0x0001a248       0x50 ./L1_FreeRTOS/src/tasks.o
 .text.xTaskGenericCreate
                0x0001a298      0x1a0 ./L1_FreeRTOS/src/tasks.o
                0x0001a298                xTaskGenericCreate
 .text.vTaskStartScheduler
                0x0001a438       0x54 ./L1_FreeRTOS/src/tasks.o
                0x0001a438                vTaskStartScheduler
 .text.vTaskEndScheduler
                0x0001a48c       0x18 ./L1_FreeRTOS/src/tasks.o
                0x0001a48c                vTaskEndScheduler
 .text.vTaskSuspendAll
                0x0001a4a4       0x10 ./L1_FreeRTOS/src/tasks.o
                0x0001a4a4                vTaskSuspendAll
 .text.xTaskGetTickCount
                0x0001a4b4       0x18 ./L1_FreeRTOS/src/tasks.o
                0x0001a4b4                xTaskGetTickCount
 .text.xTaskGetTickCountFromISR
                0x0001a4cc       0x18 ./L1_FreeRTOS/src/tasks.o
                0x0001a4cc                xTaskGetTickCountFromISR
 .text.uxTaskGetNumberOfTasks
                0x0001a4e4        0xc ./L1_FreeRTOS/src/tasks.o
                0x0001a4e4                uxTaskGetNumberOfTasks
 .text.xTaskIncrementTick
                0x0001a4f0       0xfc ./L1_FreeRTOS/src/tasks.o
                0x0001a4f0                xTaskIncrementTick
 .text.xTaskResumeAll
                0x0001a5ec       0xc0 ./L1_FreeRTOS/src/tasks.o
                0x0001a5ec                xTaskResumeAll
 .text.vTaskDelayUntil
                0x0001a6ac       0x74 ./L1_FreeRTOS/src/tasks.o
                0x0001a6ac                vTaskDelayUntil
 .text.vTaskDelay
                0x0001a720       0x54 ./L1_FreeRTOS/src/tasks.o
                0x0001a720                vTaskDelay
 .text.uxTaskGetSystemState
                0x0001a774       0x88 ./L1_FreeRTOS/src/tasks.o
                0x0001a774                uxTaskGetSystemState
 .text.vTaskSwitchContext
                0x0001a7fc       0xcc ./L1_FreeRTOS/src/tasks.o
                0x0001a7fc                vTaskSwitchContext
 .text.vTaskSuspend
                0x0001a8c8       0xa4 ./L1_FreeRTOS/src/tasks.o
                0x0001a8c8                vTaskSuspend
 .text.vTaskPlaceOnEventList
                0x0001a96c       0x5c ./L1_FreeRTOS/src/tasks.o
                0x0001a96c                vTaskPlaceOnEventList
 .text.xTaskRemoveFromEventList
                0x0001a9c8       0x6c ./L1_FreeRTOS/src/tasks.o
                0x0001a9c8                xTaskRemoveFromEventList
 .text.vTaskSetTimeOutState
                0x0001aa34       0x18 ./L1_FreeRTOS/src/tasks.o
                0x0001aa34                vTaskSetTimeOutState
 .text.xTaskCheckForTimeOut
                0x0001aa4c       0x4c ./L1_FreeRTOS/src/tasks.o
                0x0001aa4c                xTaskCheckForTimeOut
 .text.vTaskMissedYield
                0x0001aa98        0xc ./L1_FreeRTOS/src/tasks.o
                0x0001aa98                vTaskMissedYield
 .text.uxTaskGetStackHighWaterMark
                0x0001aaa4       0x20 ./L1_FreeRTOS/src/tasks.o
                0x0001aaa4                uxTaskGetStackHighWaterMark
 .text.xTaskGetSchedulerState
                0x0001aac4       0x20 ./L1_FreeRTOS/src/tasks.o
                0x0001aac4                xTaskGetSchedulerState
 .text.vTaskPriorityInherit
                0x0001aae4       0x94 ./L1_FreeRTOS/src/tasks.o
                0x0001aae4                vTaskPriorityInherit
 .text.xTaskPriorityDisinherit
                0x0001ab78       0x70 ./L1_FreeRTOS/src/tasks.o
                0x0001ab78                xTaskPriorityDisinherit
 .text.pvTaskIncrementMutexHeldCount
                0x0001abe8       0x18 ./L1_FreeRTOS/src/tasks.o
                0x0001abe8                pvTaskIncrementMutexHeldCount
 .text.vTaskResetRunTimeStats
                0x0001ac00       0x70 ./L1_FreeRTOS/src/tasks.o
                0x0001ac00                vTaskResetRunTimeStats
 .text.vRunTimeStatIsrEntry
                0x0001ac70       0x28 ./L1_FreeRTOS/src/tasks.o
                0x0001ac70                vRunTimeStatIsrEntry
 .text.vRunTimeStatIsrExit
                0x0001ac98       0x10 ./L1_FreeRTOS/src/tasks.o
                0x0001ac98                vRunTimeStatIsrExit
 .text.prvPortStartFirstTask
                0x0001aca8       0x20 ./L1_FreeRTOS/portable/no_mpu/port.o
 .text.pxPortInitialiseStack
                0x0001acc8       0x1c ./L1_FreeRTOS/portable/no_mpu/port.o
                0x0001acc8                pxPortInitialiseStack
 .text.vPortSVCHandler
                0x0001ace4       0x24 ./L1_FreeRTOS/portable/no_mpu/port.o
                0x0001ace4                vPortSVCHandler
 .text.vPortEndScheduler
                0x0001ad08        0x2 ./L1_FreeRTOS/portable/no_mpu/port.o
                0x0001ad08                vPortEndScheduler
 *fill*         0x0001ad0a        0x2 
 .text.vPortYield
                0x0001ad0c       0x18 ./L1_FreeRTOS/portable/no_mpu/port.o
                0x0001ad0c                vPortYield
 .text.ulPortSetInterruptMask
                0x0001ad24       0x10 ./L1_FreeRTOS/portable/no_mpu/port.o
                0x0001ad24                ulPortSetInterruptMask
 .text.prvTaskExitError
                0x0001ad34        0x8 ./L1_FreeRTOS/portable/no_mpu/port.o
 .text.vPortEnterCritical
                0x0001ad3c       0x1c ./L1_FreeRTOS/portable/no_mpu/port.o
                0x0001ad3c                vPortEnterCritical
 .text.vPortClearInterruptMask
                0x0001ad58        0x6 ./L1_FreeRTOS/portable/no_mpu/port.o
                0x0001ad58                vPortClearInterruptMask
 *fill*         0x0001ad5e        0x2 
 .text.vPortExitCritical
                0x0001ad60       0x14 ./L1_FreeRTOS/portable/no_mpu/port.o
                0x0001ad60                vPortExitCritical
 .text.xPortPendSVHandler
                0x0001ad74       0x44 ./L1_FreeRTOS/portable/no_mpu/port.o
                0x0001ad74                xPortPendSVHandler
 .text.xPortSysTickHandler
                0x0001adb8       0x24 ./L1_FreeRTOS/portable/no_mpu/port.o
                0x0001adb8                xPortSysTickHandler
 .text.vPortSetupTimerInterrupt
                0x0001addc       0x14 ./L1_FreeRTOS/portable/no_mpu/port.o
                0x0001addc                vPortSetupTimerInterrupt
 .text.xPortStartScheduler
                0x0001adf0       0x30 ./L1_FreeRTOS/portable/no_mpu/port.o
                0x0001adf0                xPortStartScheduler
 .text.vConfigureTimerForRunTimeStats
                0x0001ae20       0x14 ./L1_FreeRTOS/portable/run_time_stats.o
                0x0001ae20                vConfigureTimerForRunTimeStats
 .text.uxGetTimerForRunTimeStats
                0x0001ae34       0x14 ./L1_FreeRTOS/portable/run_time_stats.o
                0x0001ae34                uxGetTimerForRunTimeStats
 .text.resetRunTimeCounter
                0x0001ae48       0x14 ./L1_FreeRTOS/portable/run_time_stats.o
                0x0001ae48                resetRunTimeCounter
 .text.vApplicationIdleHook
                0x0001ae5c        0x4 ./L1_FreeRTOS/hooks/hooks.o
                0x0001ae5c                vApplicationIdleHook
 .text.vApplicationStackOverflowHook
                0x0001ae60       0x38 ./L1_FreeRTOS/hooks/hooks.o
                0x0001ae60                vApplicationStackOverflowHook
 .text.vApplicationMallocFailedHook
                0x0001ae98       0x24 ./L1_FreeRTOS/hooks/hooks.o
                0x0001ae98                vApplicationMallocFailedHook
 .text.__set_PSP
                0x0001aebc        0x6 ./L0_LowLevel/source/core_cm3.o
                0x0001aebc                __set_PSP
 .text.__set_MSP
                0x0001aec2        0x6 ./L0_LowLevel/source/core_cm3.o
                0x0001aec2                __set_MSP
 .text.__set_BASEPRI
                0x0001aec8        0x6 ./L0_LowLevel/source/core_cm3.o
                0x0001aec8                __set_BASEPRI
 *fill*         0x0001aece        0x2 
 .text.sys_get_boot_type
                0x0001aed0        0xc ./L0_LowLevel/source/low_level_init.o
                0x0001aed0                sys_get_boot_type
 .text.sys_get_boot_time
                0x0001aedc       0x14 ./L0_LowLevel/source/low_level_init.o
                0x0001aedc                sys_get_boot_time
 .text._Z14low_level_initv
                0x0001aef0      0x238 ./L0_LowLevel/source/low_level_init.o
                0x0001aef0                low_level_init()
 .text.lpc_pconp
                0x0001b128       0x30 ./L0_LowLevel/source/lpc_peripherals.o
                0x0001b128                lpc_pconp
 .text.lpc_pclk
                0x0001b158       0x4c ./L0_LowLevel/source/lpc_peripherals.o
                0x0001b158                lpc_pclk
 .text.lpc_sys_setup_system_timer
                0x0001b1a4       0x54 ./L0_LowLevel/source/lpc_sys.o
                0x0001b1a4                lpc_sys_setup_system_timer
 .text.sys_get_uptime_us
                0x0001b1f8       0x28 ./L0_LowLevel/source/lpc_sys.o
                0x0001b1f8                sys_get_uptime_us
 .text.sys_get_mem_info_str
                0x0001b220       0x38 ./L0_LowLevel/source/lpc_sys.o
                0x0001b220                sys_get_mem_info_str
 .text.TIMER1_IRQHandler
                0x0001b258       0xbc ./L0_LowLevel/source/lpc_sys.o
                0x0001b258                TIMER1_IRQHandler
 .text.isr_forwarder_routine
                0x0001b314       0x3c ./L0_LowLevel/source/startup.o
 .text.isr_hard_fault_handler
                0x0001b350       0x58 ./L0_LowLevel/source/startup.o
                0x0001b350                isr_hard_fault_handler
 .text._ZL19sys_clock_pll0_feedv
                0x0001b3a8       0x14 ./L0_LowLevel/source/sys_clock.o
 .text._ZL23sys_clock_configure_plljjPiS_S_.constprop.0
                0x0001b3bc       0x7c ./L0_LowLevel/source/sys_clock.o
 .text._Z19sys_clock_configurev
                0x0001b438       0xb0 ./L0_LowLevel/source/sys_clock.o
                0x0001b438                sys_clock_configure()
 .text.sys_get_cpu_clock
                0x0001b4e8       0xa4 ./L0_LowLevel/source/sys_clock.o
                0x0001b4e8                sys_get_cpu_clock
 .text.uart0_init
                0x0001b58c       0x60 ./L0_LowLevel/source/uart0_min.o
                0x0001b58c                uart0_init
 .text.uart0_getchar
                0x0001b5ec       0x18 ./L0_LowLevel/source/uart0_min.o
                0x0001b5ec                uart0_getchar
 .text.uart0_putchar
                0x0001b604       0x18 ./L0_LowLevel/source/uart0_min.o
                0x0001b604                uart0_putchar
 .text.uart0_puts
                0x0001b61c       0x1a ./L0_LowLevel/source/uart0_min.o
                0x0001b61c                uart0_puts
 .text._ZNK10__cxxabiv117__class_type_info11__do_upcastEPKS0_PPv
                0x0001b636       0x34 c:/users/shruthi/downloads/sjsu_dev/toolchain/bin/../lib/gcc/arm-none-eabi/4.9.3/../../../../arm-none-eabi/lib/armv7-m\libstdc++_nano.a(class_type_info.o)
                0x0001b636                __cxxabiv1::__class_type_info::__do_upcast(__cxxabiv1::__class_type_info const*, void**) const
 .text._ZNK10__cxxabiv117__class_type_info20__do_find_public_srcEiPKvPKS0_S2_
                0x0001b66a        0xc c:/users/shruthi/downloads/sjsu_dev/toolchain/bin/../lib/gcc/arm-none-eabi/4.9.3/../../../../arm-none-eabi/lib/armv7-m\libstdc++_nano.a(class_type_info.o)
                0x0001b66a                __cxxabiv1::__class_type_info::__do_find_public_src(int, void const*, __cxxabiv1::__class_type_info const*, void const*) const
 *fill*         0x0001b676        0x2 
 .text._ZN10__cxxabiv117__class_type_infoD2Ev
                0x0001b678       0x14 c:/users/shruthi/downloads/sjsu_dev/toolchain/bin/../lib/gcc/arm-none-eabi/4.9.3/../../../../arm-none-eabi/lib/armv7-m\libstdc++_nano.a(class_type_info.o)
                0x0001b678                __cxxabiv1::__class_type_info::~__class_type_info()
                0x0001b678                __cxxabiv1::__class_type_info::~__class_type_info()
 .text._ZN10__cxxabiv117__class_type_infoD0Ev
                0x0001b68c       0x12 c:/users/shruthi/downloads/sjsu_dev/toolchain/bin/../lib/gcc/arm-none-eabi/4.9.3/../../../../arm-none-eabi/lib/armv7-m\libstdc++_nano.a(class_type_info.o)
                0x0001b68c                __cxxabiv1::__class_type_info::~__class_type_info()
 .text._ZNK10__cxxabiv117__class_type_info11__do_upcastEPKS0_PKvRNS0_15__upcast_resultE
                0x0001b69e       0x18 c:/users/shruthi/downloads/sjsu_dev/toolchain/bin/../lib/gcc/arm-none-eabi/4.9.3/../../../../arm-none-eabi/lib/armv7-m\libstdc++_nano.a(class_type_info.o)
                0x0001b69e                __cxxabiv1::__class_type_info::__do_upcast(__cxxabiv1::__class_type_info const*, void const*, __cxxabiv1::__class_type_info::__upcast_result&) const
 .text._ZNK10__cxxabiv117__class_type_info10__do_catchEPKSt9type_infoPPvj
                0x0001b6b6       0x2a c:/users/shruthi/downloads/sjsu_dev/toolchain/bin/../lib/gcc/arm-none-eabi/4.9.3/../../../../arm-none-eabi/lib/armv7-m\libstdc++_nano.a(class_type_info.o)
                0x0001b6b6                __cxxabiv1::__class_type_info::__do_catch(std::type_info const*, void**, unsigned int) const
 .text._ZNK10__cxxabiv117__class_type_info12__do_dyncastEiNS0_10__sub_kindEPKS0_PKvS3_S5_RNS0_16__dyncast_resultE
                0x0001b6e0       0x38 c:/users/shruthi/downloads/sjsu_dev/toolchain/bin/../lib/gcc/arm-none-eabi/4.9.3/../../../../arm-none-eabi/lib/armv7-m\libstdc++_nano.a(class_type_info.o)
                0x0001b6e0                __cxxabiv1::__class_type_info::__do_dyncast(int, __cxxabiv1::__class_type_info::__sub_kind, __cxxabiv1::__class_type_info const*, void const*, __cxxabiv1::__class_type_info const*, void const*, __cxxabiv1::__class_type_info::__dyncast_result&) const
 .text.__cxa_guard_acquire
                0x0001b718       0x18 c:/users/shruthi/downloads/sjsu_dev/toolchain/bin/../lib/gcc/arm-none-eabi/4.9.3/../../../../arm-none-eabi/lib/armv7-m\libstdc++_nano.a(guard.o)
                0x0001b718                __cxa_guard_acquire
 .text.__cxa_guard_release
                0x0001b730        0x6 c:/users/shruthi/downloads/sjsu_dev/toolchain/bin/../lib/gcc/arm-none-eabi/4.9.3/../../../../arm-none-eabi/lib/armv7-m\libstdc++_nano.a(guard.o)
                0x0001b730                __cxa_guard_release
 *fill*         0x0001b736        0x2 
 .text._ZN10__cxxabiv121__vmi_class_type_infoD2Ev
                0x0001b738       0x14 c:/users/shruthi/downloads/sjsu_dev/toolchain/bin/../lib/gcc/arm-none-eabi/4.9.3/../../../../arm-none-eabi/lib/armv7-m\libstdc++_nano.a(vmi_class_type_info.o)
                0x0001b738                __cxxabiv1::__vmi_class_type_info::~__vmi_class_type_info()
                0x0001b738                __cxxabiv1::__vmi_class_type_info::~__vmi_class_type_info()
 .text._ZN10__cxxabiv121__vmi_class_type_infoD0Ev
                0x0001b74c       0x12 c:/users/shruthi/downloads/sjsu_dev/toolchain/bin/../lib/gcc/arm-none-eabi/4.9.3/../../../../arm-none-eabi/lib/armv7-m\libstdc++_nano.a(vmi_class_type_info.o)
                0x0001b74c                __cxxabiv1::__vmi_class_type_info::~__vmi_class_type_info()
 .text._ZNK10__cxxabiv121__vmi_class_type_info20__do_find_public_srcEiPKvPKNS_17__class_type_infoES2_
                0x0001b75e       0x76 c:/users/shruthi/downloads/sjsu_dev/toolchain/bin/../lib/gcc/arm-none-eabi/4.9.3/../../../../arm-none-eabi/lib/armv7-m\libstdc++_nano.a(vmi_class_type_info.o)
                0x0001b75e                __cxxabiv1::__vmi_class_type_info::__do_find_public_src(int, void const*, __cxxabiv1::__class_type_info const*, void const*) const
 .text._ZNK10__cxxabiv117__class_type_info17__find_public_srcEiPKvPKS0_S2_
                0x0001b7d4       0x2a c:/users/shruthi/downloads/sjsu_dev/toolchain/bin/../lib/gcc/arm-none-eabi/4.9.3/../../../../arm-none-eabi/lib/armv7-m\libstdc++_nano.a(vmi_class_type_info.o)
                0x0001b7d4                __cxxabiv1::__class_type_info::__find_public_src(int, void const*, __cxxabiv1::__class_type_info const*, void const*) const
 .text._ZNK10__cxxabiv121__vmi_class_type_info12__do_dyncastEiNS_17__class_type_info10__sub_kindEPKS1_PKvS4_S6_RNS1_16__dyncast_resultE
                0x0001b7fe      0x284 c:/users/shruthi/downloads/sjsu_dev/toolchain/bin/../lib/gcc/arm-none-eabi/4.9.3/../../../../arm-none-eabi/lib/armv7-m\libstdc++_nano.a(vmi_class_type_info.o)
                0x0001b7fe                __cxxabiv1::__vmi_class_type_info::__do_dyncast(int, __cxxabiv1::__class_type_info::__sub_kind, __cxxabiv1::__class_type_info const*, void const*, __cxxabiv1::__class_type_info const*, void const*, __cxxabiv1::__class_type_info::__dyncast_result&) const
 .text._ZNK10__cxxabiv121__vmi_class_type_info11__do_upcastEPKNS_17__class_type_infoEPKvRNS1_15__upcast_resultE
                0x0001ba82      0x12e c:/users/shruthi/downloads/sjsu_dev/toolchain/bin/../lib/gcc/arm-none-eabi/4.9.3/../../../../arm-none-eabi/lib/armv7-m\libstdc++_nano.a(vmi_class_type_info.o)
                0x0001ba82                __cxxabiv1::__vmi_class_type_info::__do_upcast(__cxxabiv1::__class_type_info const*, void const*, __cxxabiv1::__class_type_info::__upcast_result&) const
 .text._ZN10__cxxabiv120__si_class_type_infoD2Ev
                0x0001bbb0       0x14 c:/users/shruthi/downloads/sjsu_dev/toolchain/bin/../lib/gcc/arm-none-eabi/4.9.3/../../../../arm-none-eabi/lib/armv7-m\libstdc++_nano.a(si_class_type_info.o)
                0x0001bbb0                __cxxabiv1::__si_class_type_info::~__si_class_type_info()
                0x0001bbb0                __cxxabiv1::__si_class_type_info::~__si_class_type_info()
 .text._ZN10__cxxabiv120__si_class_type_infoD0Ev
                0x0001bbc4       0x12 c:/users/shruthi/downloads/sjsu_dev/toolchain/bin/../lib/gcc/arm-none-eabi/4.9.3/../../../../arm-none-eabi/lib/armv7-m\libstdc++_nano.a(si_class_type_info.o)
                0x0001bbc4                __cxxabiv1::__si_class_type_info::~__si_class_type_info()
 .text._ZNK10__cxxabiv120__si_class_type_info20__do_find_public_srcEiPKvPKNS_17__class_type_infoES2_
                0x0001bbd6       0x38 c:/users/shruthi/downloads/sjsu_dev/toolchain/bin/../lib/gcc/arm-none-eabi/4.9.3/../../../../arm-none-eabi/lib/armv7-m\libstdc++_nano.a(si_class_type_info.o)
                0x0001bbd6                __cxxabiv1::__si_class_type_info::__do_find_public_src(int, void const*, __cxxabiv1::__class_type_info const*, void const*) const
 .text._ZNK10__cxxabiv120__si_class_type_info12__do_dyncastEiNS_17__class_type_info10__sub_kindEPKS1_PKvS4_S6_RNS1_16__dyncast_resultE
                0x0001bc0e       0x7c c:/users/shruthi/downloads/sjsu_dev/toolchain/bin/../lib/gcc/arm-none-eabi/4.9.3/../../../../arm-none-eabi/lib/armv7-m\libstdc++_nano.a(si_class_type_info.o)
                0x0001bc0e                __cxxabiv1::__si_class_type_info::__do_dyncast(int, __cxxabiv1::__class_type_info::__sub_kind, __cxxabiv1::__class_type_info const*, void const*, __cxxabiv1::__class_type_info const*, void const*, __cxxabiv1::__class_type_info::__dyncast_result&) const
 .text._ZNK10__cxxabiv120__si_class_type_info11__do_upcastEPKNS_17__class_type_infoEPKvRNS1_15__upcast_resultE
                0x0001bc8a       0x2a c:/users/shruthi/downloads/sjsu_dev/toolchain/bin/../lib/gcc/arm-none-eabi/4.9.3/../../../../arm-none-eabi/lib/armv7-m\libstdc++_nano.a(si_class_type_info.o)
                0x0001bc8a                __cxxabiv1::__si_class_type_info::__do_upcast(__cxxabiv1::__class_type_info const*, void const*, __cxxabiv1::__class_type_info::__upcast_result&) const
 .text.__cxa_pure_virtual
                0x0001bcb4       0x14 c:/users/shruthi/downloads/sjsu_dev/toolchain/bin/../lib/gcc/arm-none-eabi/4.9.3/../../../../arm-none-eabi/lib/armv7-m\libstdc++_nano.a(pure.o)
                0x0001bcb4                __cxa_pure_virtual
 .text._ZN10__cxxabiv111__terminateEPFvvE
                0x0001bcc8        0x8 c:/users/shruthi/downloads/sjsu_dev/toolchain/bin/../lib/gcc/arm-none-eabi/4.9.3/../../../../arm-none-eabi/lib/armv7-m\libstdc++_nano.a(eh_terminate.o)
                0x0001bcc8                __cxxabiv1::__terminate(void (*)())
 .text._ZSt13get_terminatev
                0x0001bcd0       0x10 c:/users/shruthi/downloads/sjsu_dev/toolchain/bin/../lib/gcc/arm-none-eabi/4.9.3/../../../../arm-none-eabi/lib/armv7-m\libstdc++_nano.a(eh_terminate.o)
                0x0001bcd0                std::get_terminate()
 .text._ZSt9terminatev
                0x0001bce0        0xa c:/users/shruthi/downloads/sjsu_dev/toolchain/bin/../lib/gcc/arm-none-eabi/4.9.3/../../../../arm-none-eabi/lib/armv7-m\libstdc++_nano.a(eh_terminate.o)