Archive member included because of file (symbol)

c:/cmpe244/toolchain/bin/../lib/gcc/arm-none-eabi/4.9.3/../../../../arm-none-eabi/lib/armv7-m\libstdc++_nano.a(class_type_info.o)
                              ./L5_Application/source/remote.o (vtable for __cxxabiv1::__class_type_info)
c:/cmpe244/toolchain/bin/../lib/gcc/arm-none-eabi/4.9.3/../../../../arm-none-eabi/lib/armv7-m\libstdc++_nano.a(guard.o)
                              ./L5_Application/source/cmd_handlers/handlers.o (__cxa_guard_acquire)
c:/cmpe244/toolchain/bin/../lib/gcc/arm-none-eabi/4.9.3/../../../../arm-none-eabi/lib/armv7-m\libstdc++_nano.a(vmi_class_type_info.o)
                              ./L2_Drivers/src/nrf_stream.o (vtable for __cxxabiv1::__vmi_class_type_info)
c:/cmpe244/toolchain/bin/../lib/gcc/arm-none-eabi/4.9.3/../../../../arm-none-eabi/lib/armv7-m\libstdc++_nano.a(si_class_type_info.o)
                              ./L5_Application/source/remote.o (vtable for __cxxabiv1::__si_class_type_info)
c:/cmpe244/toolchain/bin/../lib/gcc/arm-none-eabi/4.9.3/../../../../arm-none-eabi/lib/armv7-m\libstdc++_nano.a(pure.o)
                              ./L3_Utils/src/scheduler_task.o (__cxa_pure_virtual)
c:/cmpe244/toolchain/bin/../lib/gcc/arm-none-eabi/4.9.3/../../../../arm-none-eabi/lib/armv7-m\libstdc++_nano.a(eh_terminate.o)
                              c:/cmpe244/toolchain/bin/../lib/gcc/arm-none-eabi/4.9.3/../../../../arm-none-eabi/lib/armv7-m\libstdc++_nano.a(pure.o) (std::terminate())
c:/cmpe244/toolchain/bin/../lib/gcc/arm-none-eabi/4.9.3/../../../../arm-none-eabi/lib/armv7-m\libstdc++_nano.a(tinfo.o)
                              c:/cmpe244/toolchain/bin/../lib/gcc/arm-none-eabi/4.9.3/../../../../arm-none-eabi/lib/armv7-m\libstdc++_nano.a(class_type_info.o) (std::type_info::~type_info())
c:/cmpe244/toolchain/bin/../lib/gcc/arm-none-eabi/4.9.3/../../../../arm-none-eabi/lib/armv7-m\libstdc++_nano.a(eh_unex_handler.o)
                              c:/cmpe244/toolchain/bin/../lib/gcc/arm-none-eabi/4.9.3/../../../../arm-none-eabi/lib/armv7-m\libstdc++_nano.a(eh_terminate.o) (__cxxabiv1::__unexpected_handler)
c:/cmpe244/toolchain/bin/../lib/gcc/arm-none-eabi/4.9.3/../../../../arm-none-eabi/lib/armv7-m\libstdc++_nano.a(eh_term_handler.o)
                              c:/cmpe244/toolchain/bin/../lib/gcc/arm-none-eabi/4.9.3/../../../../arm-none-eabi/lib/armv7-m\libstdc++_nano.a(eh_terminate.o) (__cxxabiv1::__terminate_handler)
c:/cmpe244/toolchain/bin/../lib/gcc/arm-none-eabi/4.9.3/armv7-m\libgcc.a(_ashldi3.o)
                              ./L0_LowLevel/source/lpc_peripherals.o (__aeabi_llsl)
c:/cmpe244/toolchain/bin/../lib/gcc/arm-none-eabi/4.9.3/armv7-m\libgcc.a(_arm_addsubdf3.o)
                              ./L4_IO/src/ultrasonic_sensor.o (__aeabi_dsub)
c:/cmpe244/toolchain/bin/../lib/gcc/arm-none-eabi/4.9.3/armv7-m\libgcc.a(_arm_muldivdf3.o)
                              ./L5_Application/source/sensor_controller.o (__aeabi_dmul)
c:/cmpe244/toolchain/bin/../lib/gcc/arm-none-eabi/4.9.3/armv7-m\libgcc.a(_arm_fixunsdfsi.o)
                              ./L2_Drivers/base/uart_dev.o (__aeabi_d2uiz)
c:/cmpe244/toolchain/bin/../lib/gcc/arm-none-eabi/4.9.3/armv7-m\libgcc.a(_arm_truncdfsf2.o)
                              ./L5_Application/source/sensor_controller.o (__aeabi_d2f)
c:/cmpe244/toolchain/bin/../lib/gcc/arm-none-eabi/4.9.3/armv7-m\libgcc.a(_arm_addsubsf3.o)
                              ./L5_Application/source/cmd_handlers/handlers.o (__aeabi_fsub)
c:/cmpe244/toolchain/bin/../lib/gcc/arm-none-eabi/4.9.3/armv7-m\libgcc.a(_arm_muldivsf3.o)
                              ./L5_Application/source/cmd_handlers/handlers.o (__aeabi_fmul)
c:/cmpe244/toolchain/bin/../lib/gcc/arm-none-eabi/4.9.3/armv7-m\libgcc.a(_arm_cmpsf2.o)
                              ./L5_Application/source/sensor_controller.o (__aeabi_fcmplt)
c:/cmpe244/toolchain/bin/../lib/gcc/arm-none-eabi/4.9.3/armv7-m\libgcc.a(_arm_fixsfsi.o)
                              ./L5_Application/source/cmd_handlers/handlers.o (__aeabi_f2iz)
c:/cmpe244/toolchain/bin/../lib/gcc/arm-none-eabi/4.9.3/armv7-m\libgcc.a(_arm_fixunssfsi.o)
                              ./L5_Application/source/high_level_init.o (__aeabi_f2uiz)
c:/cmpe244/toolchain/bin/../lib/gcc/arm-none-eabi/4.9.3/armv7-m\libgcc.a(_aeabi_uldivmod.o)
                              ./L5_Application/source/cmd_handlers/handlers.o (__aeabi_uldivmod)
c:/cmpe244/toolchain/bin/../lib/gcc/arm-none-eabi/4.9.3/armv7-m\libgcc.a(_fixunsdfdi.o)
                              ./L5_Application/source/sensor_controller.o (__aeabi_d2ulz)
c:/cmpe244/toolchain/bin/../lib/gcc/arm-none-eabi/4.9.3/armv7-m\libgcc.a(bpabi.o)
                              c:/cmpe244/toolchain/bin/../lib/gcc/arm-none-eabi/4.9.3/armv7-m\libgcc.a(_aeabi_uldivmod.o) (__gnu_uldivmod_helper)
c:/cmpe244/toolchain/bin/../lib/gcc/arm-none-eabi/4.9.3/armv7-m\libgcc.a(_dvmd_tls.o)
[...]
Memory Configuration

Name             Origin             Length             Attributes
FLASH            0x00010000         0x00070000         xr
SRAM             0x10000000         0x00008000         xrw
SRAM_AHB         0x2007c000         0x00008000         xrw
*default*        0x00000000         0xffffffff

Linker script and memory map

LOAD ./newlib/malloc_lock.o
LOAD ./newlib/memory.o
LOAD ./newlib/newlib_syscalls.o
LOAD ./newlib/newlib_time.o
LOAD ./L5_Application/source/cmd_handlers/handlers.o
LOAD ./L5_Application/source/cmd_handlers/prog_handlers.o
LOAD ./L5_Application/source/cmd_handlers/wireless_handlers.o
LOAD ./L5_Application/source/can_common.o
LOAD ./L5_Application/source/high_level_init.o
LOAD ./L5_Application/source/remote.o
LOAD ./L5_Application/source/sensor_controller.o
LOAD ./L5_Application/source/terminal.o
LOAD ./L5_Application/periodic_scheduler/period_callbacks.o
LOAD ./L5_Application/periodic_scheduler/prd_dispatcher.o
LOAD ./L5_Application/examples/examples.o
LOAD ./L5_Application/examples/rn_xv_task.o
LOAD ./L5_Application/main.o
LOAD ./L4_IO/wireless/src/mesh.o
LOAD ./L4_IO/wireless/src/nrf24L01Plus.o
LOAD ./L4_IO/wireless/src/wireless.o
LOAD ./L4_IO/src/gpio.o
LOAD ./L4_IO/src/io_source.o
LOAD ./L4_IO/src/storage.o
LOAD ./L4_IO/src/ultrasonic_sensor.o
LOAD ./L4_IO/fat/option/ccsbcs.o
LOAD ./L4_IO/fat/option/reentrant.o
LOAD ./L4_IO/fat/disk/diskio.o
LOAD ./L4_IO/fat/disk/sd.o
LOAD ./L4_IO/fat/disk/spi_flash.o
LOAD ./L4_IO/fat/fatfs_time.o
LOAD ./L4_IO/fat/ff.o
LOAD ./L3_Utils/tlm/src/c_tlm_binary.o
LOAD ./L3_Utils/tlm/src/c_tlm_comp.o
LOAD ./L3_Utils/tlm/src/c_tlm_stream.o
LOAD ./L3_Utils/tlm/src/c_tlm_var.o
LOAD ./L3_Utils/src/c_list.o
LOAD ./L3_Utils/src/command_handler.o
LOAD ./L3_Utils/src/file_logger.o
LOAD ./L3_Utils/src/freertos_timer.o
LOAD ./L3_Utils/src/printf_lib.o
LOAD ./L3_Utils/src/rtc_alarm.o
LOAD ./L3_Utils/src/scheduler_task.o
LOAD ./L3_Utils/src/str.o
LOAD ./L3_Utils/src/utilities.o
LOAD ./L2_Drivers/src/adc.o
LOAD ./L2_Drivers/src/can.o
LOAD ./L2_Drivers/src/eint.o
LOAD ./L2_Drivers/src/i2c2.o
LOAD ./L2_Drivers/src/lpc_pwm.o
LOAD ./L2_Drivers/src/lpc_rit.o
LOAD ./L2_Drivers/src/lpc_timers.o
LOAD ./L2_Drivers/src/nrf_stream.o
LOAD ./L2_Drivers/src/rtc.o
LOAD ./L2_Drivers/src/spi_dma.o
LOAD ./L2_Drivers/src/spi_sem.o
LOAD ./L2_Drivers/src/uart0.o
LOAD ./L2_Drivers/src/uart2.o
LOAD ./L2_Drivers/src/uart3.o
LOAD ./L2_Drivers/base/char_dev.o
LOAD ./L2_Drivers/base/i2c_base.o
LOAD ./L2_Drivers/base/uart_dev.o
LOAD ./L1_FreeRTOS/src/croutine.o
LOAD ./L1_FreeRTOS/src/event_groups.o
LOAD ./L1_FreeRTOS/src/list.o
LOAD ./L1_FreeRTOS/src/queue.o
LOAD ./L1_FreeRTOS/src/tasks.o
LOAD ./L1_FreeRTOS/src/timers.o
LOAD ./L1_FreeRTOS/portable/no_mpu/port.o
LOAD ./L1_FreeRTOS/portable/run_time_stats.o
LOAD ./L1_FreeRTOS/hooks/hooks.o
LOAD ./L0_LowLevel/source/core_cm3.o
LOAD ./L0_LowLevel/source/low_level_init.o
LOAD ./L0_LowLevel/source/lpc_peripherals.o
LOAD ./L0_LowLevel/source/lpc_sys.o
LOAD ./L0_LowLevel/source/startup.o
LOAD ./L0_LowLevel/source/sys_clock.o
LOAD ./L0_LowLevel/source/uart0_min.o
LOAD c:/cmpe244/toolchain/bin/../lib/gcc/arm-none-eabi/4.9.3/../../../../arm-none-eabi/lib/armv7-m\libstdc++_nano.a
LOAD c:/cmpe244/toolchain/bin/../lib/gcc/arm-none-eabi/4.9.3/../../../../arm-none-eabi/lib/armv7-m\libm.a
START GROUP
LOAD c:/cmpe244/toolchain/bin/../lib/gcc/arm-none-eabi/4.9.3/armv7-m\libgcc.a
LOAD c:/cmpe244/toolchain/bin/../lib/gcc/arm-none-eabi/4.9.3/../../../../arm-none-eabi/lib/armv7-m\libc_nano.a
END GROUP
START GROUP
LOAD c:/cmpe244/toolchain/bin/../lib/gcc/arm-none-eabi/4.9.3/armv7-m\libgcc.a
LOAD c:/cmpe244/toolchain/bin/../lib/gcc/arm-none-eabi/4.9.3/../../../../arm-none-eabi/lib/armv7-m\libc_nano.a
END GROUP

.text           0x00010000    0x118b8
 FILL mask 0xff
 *(.isr_vector)
 .isr_vector    0x00010000       0xcc ./L0_LowLevel/source/startup.o
                0x00010000                g_pfnVectors
                0x000100cc                . = ALIGN (0x4)
                0x000100cc                __section_table_start = .
                0x000100cc                __data_section_table = .
                0x000100cc        0x4 LONG 0x218c0 LOADADDR (.data)
                0x000100d0        0x4 LONG 0x2007c000 ADDR (.data)
                0x000100d4        0x4 LONG 0x1bc SIZEOF (.data)
                0x000100d8                __data_section_table_end = .
                0x000100d8                __bss_section_table = .
                0x000100d8        0x4 LONG 0x2007c1c0 ADDR (.bss)
                0x000100dc        0x4 LONG 0x5bc SIZEOF (.bss)
                0x000100e0                __bss_section_table_end = .
                0x000100e0                __section_table_end = .
 *(.after_vectors*)
 .after_vectors
                0x000100e0      0x120 ./L0_LowLevel/source/startup.o
                0x000100e0                isr_hard_fault
                0x000100fa                isr_nmi
                0x00010108                isr_mem_fault
                0x00010118                isr_bus_fault
                0x00010128                isr_usage_fault
                0x00010138                isr_debug_mon
                0x00010148                TIMER3_IRQHandler
                0x00010148                UART1_IRQHandler
                0x00010148                EINT2_IRQHandler
                0x00010148                USBAct_IRQHandler
                0x00010148                PLL0_IRQHandler
                0x00010148                I2C1_IRQHandler
                0x00010148                PLL1_IRQHandler
                0x00010148                SSP0_IRQHandler
                0x00010148                CANAct_IRQHandler
                0x00010148                I2S_IRQHandler
                0x00010148                PWM1_IRQHandler
                0x00010148                SPI_IRQHandler
                0x00010148                TIMER2_IRQHandler
                0x00010148                EINT1_IRQHandler
                0x00010148                isr_default_handler
                0x00010148                SSP1_IRQHandler
                0x00010148                ENET_IRQHandler
                0x00010148                USB_IRQHandler
                0x00010148                BOD_IRQHandler
                0x00010148                MCPWM_IRQHandler
                0x00010148                WDT_IRQHandler
                0x00010148                I2C0_IRQHandler
                0x00010148                QEI_IRQHandler
                0x00010148                EINT0_IRQHandler
                0x00010148                DMA_IRQHandler
                0x00010148                TIMER0_IRQHandler
                0x00010158                isr_sys_tick
                0x0001016a                data_init(unsigned int, unsigned int, unsigned int)
                0x00010180                bss_init(unsigned int, unsigned int)
                0x00010192                isr_reset
 *(.text*)
 .text._sbrk    0x00010200       0x78 ./newlib/memory.o
                0x00010200                _sbrk
 .text._Znwj    0x00010278        0x4 ./newlib/memory.o
                0x00010278                operator new(unsigned int)
 .text._Znaj    0x0001027c        0x4 ./newlib/memory.o
                0x0001027c                operator new[](unsigned int)
 .text._ZdlPv   0x00010280        0x4 ./newlib/memory.o
                0x00010280                operator delete(void*)
 .text._ZdaPv   0x00010284        0x4 ./newlib/memory.o
                0x00010284                operator delete[](void*)
 .text.sys_get_mem_info
                0x00010288       0xb0 ./newlib/memory.o
                0x00010288                sys_get_mem_info
 .text.__aeabi_atexit
                0x00010338        0x4 ./newlib/memory.o
                0x00010338                __aeabi_atexit
 .text._ZN9__gnu_cxx27__verbose_terminate_handlerEv
                0x0001033c        0x2 ./newlib/memory.o
                0x0001033c                __gnu_cxx::__verbose_terminate_handler()
 *fill*         0x0001033e        0x2 
 .text.sys_set_outchar_func
                0x00010340        0xc ./newlib/newlib_syscalls.o
                0x00010340                sys_set_outchar_func
 .text.sys_set_inchar_func
                0x0001034c        0xc ./newlib/newlib_syscalls.o
                0x0001034c                sys_set_inchar_func
 .text._kill    0x00010358       0x10 ./newlib/newlib_syscalls.o
                0x00010358                _kill
 .text._exit    0x00010368       0x10 ./newlib/newlib_syscalls.o
                0x00010368                _exit
 .text._getpid  0x00010378        0x4 ./newlib/newlib_syscalls.o
                0x00010378                _getpid
 .text._init    0x0001037c        0x4 ./newlib/newlib_syscalls.o
                0x0001037c                _init
 .text._write   0x00010380       0x28 ./newlib/newlib_syscalls.o
                0x00010380                _write
 .text._read    0x000103a8       0x2c ./newlib/newlib_syscalls.o
                0x000103a8                _read
 .text.syscalls_init
                0x000103d4        0x2 ./newlib/newlib_syscalls.o
                0x000103d4                syscalls_init
 .text._fstat   0x000103d6        0x4 ./newlib/newlib_syscalls.o
                0x000103d6                _fstat
 *fill*         0x000103da        0x2 
 .text._isatty  0x000103dc       0x24 ./newlib/newlib_syscalls.o
                0x000103dc                _isatty
 .text._lseek   0x00010400        0x4 ./newlib/newlib_syscalls.o
                0x00010400                _lseek
 .text._close   0x00010404        0x4 ./newlib/newlib_syscalls.o
                0x00010404                _close
 .text._gettimeofday
                0x00010408       0x7a ./newlib/newlib_time.o
                0x00010408                _gettimeofday
 *fill*         0x00010482        0x2 
 .text._ZN7Storage13getFlashDriveEv
                0x00010484       0x48 ./L5_Application/source/cmd_handlers/handlers.o
                0x00010484                Storage::getFlashDrive()
 .text._ZN17SingletonTemplateI4I2C2E11getInstanceEv
                0x000104cc       0x20 ./L5_Application/source/cmd_handlers/handlers.o
                0x000104cc                SingletonTemplate<I2C2>::getInstance()
 .text._Z9test_data9can_msg_t
                0x000104ec       0x3c ./L5_Application/source/can_common.o
                0x000104ec                test_data(can_msg_t)
 .text._Z13transmit_data9can_msg_t
                0x00010528       0x5c ./L5_Application/source/can_common.o
                0x00010528                transmit_data(can_msg_t)
 .text._ZN17SingletonTemplateI3LEDE11getInstanceEv
                0x00010584       0x1c ./L5_Application/source/can_common.o
                0x00010584                SingletonTemplate<LED>::getInstance()
 .text._Z13check_bus_offv
                0x000105a0       0x28 ./L5_Application/source/can_common.o
                0x000105a0                check_bus_off()
 .text._Z8can_initv
                0x000105c8       0x78 ./L5_Application/source/can_common.o
                0x000105c8                can_init()
 .text._ZL20can_bus_off_callbackm
                0x00010640       0x1c ./L5_Application/source/can_common.o
 .text._ZL13hl_print_linev
                0x0001065c        0xc ./L5_Application/source/high_level_init.o
 .text.ssp_set_max_clock
                0x00010668       0x2c ./L5_Application/source/high_level_init.o
 .text._ZL16hl_mount_storageR16FileSystemObjectPKc
                0x00010694       0x94 ./L5_Application/source/high_level_init.o
 .text._ZN17SingletonTemplateI11LED_DisplayE11getInstanceEv
                0x00010728       0x24 ./L5_Application/source/high_level_init.o
                0x00010728                SingletonTemplate<LED_Display>::getInstance()
 .text._ZN17SingletonTemplateI17TemperatureSensorE11getInstanceEv
                0x0001074c       0x28 ./L5_Application/source/high_level_init.o
                0x0001074c                SingletonTemplate<TemperatureSensor>::getInstance()
 .text._ZN17SingletonTemplateI12Light_SensorE11getInstanceEv
                0x00010774       0x18 ./L5_Application/source/high_level_init.o
                0x00010774                SingletonTemplate<Light_Sensor>::getInstance()
 .text._ZN17SingletonTemplateI8SwitchesE11getInstanceEv
                0x0001078c       0x18 ./L5_Application/source/high_level_init.o
                0x0001078c                SingletonTemplate<Switches>::getInstance()
 .text._Z15high_level_initv
                0x000107a4      0x548 ./L5_Application/source/high_level_init.o
                0x000107a4                high_level_init()
 .text._ZN14scheduler_task4initEv
                0x00010cec        0x4 ./L5_Application/source/remote.o
                0x00010cec                scheduler_task::init()
 .text._ZN14scheduler_task6regTlmEv
                0x00010cf0        0x4 ./L5_Application/source/remote.o
                0x00010cf0                scheduler_task::regTlm()
 .text._ZN14scheduler_task9taskEntryEv
                0x00010cf4        0x4 ./L5_Application/source/remote.o
                0x00010cf4                scheduler_task::taskEntry()
 .text._ZN17SingletonTemplateI9IR_SensorE11getInstanceEv
                0x00010cf8       0x18 ./L5_Application/source/remote.o
                0x00010cf8                SingletonTemplate<IR_Sensor>::getInstance()
 .text._Z17read_sensor_data1P6Sensorii
                0x00010d10      0x138 ./L5_Application/source/sensor_controller.o
                0x00010d10                read_sensor_data1(Sensor*, int, int)
 .text._Z16send_sensor_datav
                0x00010e48      0x144 ./L5_Application/source/sensor_controller.o
                0x00010e48                send_sensor_data()
 .text.startup._GLOBAL__sub_I_sensor_task
                0x00010f8c       0x70 ./L5_Application/source/sensor_controller.o
 .text.period_init
                0x00010ffc        0xe ./L5_Application/periodic_scheduler/period_callbacks.o
                0x00010ffc                period_init
 *fill*         0x0001100a        0x2 
 .text.period_reg_tlm
                0x0001100c       0x2c ./L5_Application/periodic_scheduler/period_callbacks.o
                0x0001100c                period_reg_tlm
 .text.period_1Hz
                0x00011038        0x4 ./L5_Application/periodic_scheduler/period_callbacks.o
                0x00011038                period_1Hz
 .text.period_10Hz
                0x0001103c        0x4 ./L5_Application/periodic_scheduler/period_callbacks.o
                0x0001103c                period_10Hz
 .text.period_100Hz
                0x00011040        0x2 ./L5_Application/periodic_scheduler/period_callbacks.o
                0x00011040                period_100Hz
 .text.period_1000Hz
                0x00011042        0x2 ./L5_Application/periodic_scheduler/period_callbacks.o
                0x00011042                period_1000Hz
 .text._ZN21periodicSchedulerTaskD2Ev
                0x00011044        0x2 ./L5_Application/periodic_scheduler/prd_dispatcher.o
                0x00011044                periodicSchedulerTask::~periodicSchedulerTask()
                0x00011044                periodicSchedulerTask::~periodicSchedulerTask()
 *fill*         0x00011046        0x2 
 .text._Z15period_task_1HzPv
                0x00011048       0x20 ./L5_Application/periodic_scheduler/prd_dispatcher.o
                0x00011048                period_task_1Hz(void*)
 .text._Z16period_task_10HzPv
                0x00011068       0x20 ./L5_Application/periodic_scheduler/prd_dispatcher.o
                0x00011068                period_task_10Hz(void*)
 .text._Z17period_task_100HzPv
                0x00011088       0x20 ./L5_Application/periodic_scheduler/prd_dispatcher.o
                0x00011088                period_task_100Hz(void*)
 .text._Z18period_task_1000HzPv
                0x000110a8       0x20 ./L5_Application/periodic_scheduler/prd_dispatcher.o
                0x000110a8                period_task_1000Hz(void*)
 .text._ZN21periodicSchedulerTask4initEv
                0x000110c8        0x4 ./L5_Application/periodic_scheduler/prd_dispatcher.o
                0x000110c8                periodicSchedulerTask::init()
 .text._ZN21periodicSchedulerTask6regTlmEv
                0x000110cc        0x4 ./L5_Application/periodic_scheduler/prd_dispatcher.o
                0x000110cc                periodicSchedulerTask::regTlm()
 .text._ZN21periodicSchedulerTaskD0Ev
                0x000110d0        0xc ./L5_Application/periodic_scheduler/prd_dispatcher.o
                0x000110d0                periodicSchedulerTask::~periodicSchedulerTask()
 .text._ZN21periodicSchedulerTaskC2Ev
                0x000110dc       0xe8 ./L5_Application/periodic_scheduler/prd_dispatcher.o
                0x000110dc                periodicSchedulerTask::periodicSchedulerTask()
                0x000110dc                periodicSchedulerTask::periodicSchedulerTask()
 .text._ZN21periodicSchedulerTask23handlePeriodicSemaphoreEhh
                0x000111c4       0x88 ./L5_Application/periodic_scheduler/prd_dispatcher.o
                0x000111c4                periodicSchedulerTask::handlePeriodicSemaphore(unsigned char, unsigned char)
 .text._ZN21periodicSchedulerTask3runEPv
                0x0001124c       0x34 ./L5_Application/periodic_scheduler/prd_dispatcher.o
                0x0001124c                periodicSchedulerTask::run(void*)
 .text.startup.main
                0x00011280       0x20 ./L5_Application/main.o
                0x00011280                main
 .text.mesh_incr_soft_timers_for_arr
                0x000112a0       0x26 ./L4_IO/wireless/src/mesh.o
 *fill*         0x000112c6        0x2 
 .text.mesh_update_soft_timers
                0x000112c8       0x4c ./L4_IO/wireless/src/mesh.o
 .text.mesh_send_packet
                0x00011314       0x3c ./L4_IO/wireless/src/mesh.o
 .text.mesh_send_retry_packet
                0x00011350       0x34 ./L4_IO/wireless/src/mesh.o
 .text.mesh_find_rte_tbl_entry
                0x00011384       0x24 ./L4_IO/wireless/src/mesh.o
 .text.mesh_update_rte_scores
                0x000113a8       0x28 ./L4_IO/wireless/src/mesh.o
 .text.mesh_get_pnd_pkt_slot
                0x000113d0       0x42 ./L4_IO/wireless/src/mesh.o
 *fill*         0x00011412        0x2 
 .text.mesh_pending_packets_add
                0x00011414       0x90 ./L4_IO/wireless/src/mesh.o
 .text.mesh_get_rte_to_modify
                0x000114a4       0x60 ./L4_IO/wireless/src/mesh.o
 .text.mesh_handle_pnd_pkts_for_arr
                0x00011504      0x180 ./L4_IO/wireless/src/mesh.o
 .text.mesh_set_node_address
                0x00011684       0x18 ./L4_IO/wireless/src/mesh.o
                0x00011684                mesh_set_node_address
 .text.mesh_get_node_address
                0x0001169c        0xc ./L4_IO/wireless/src/mesh.o
                0x0001169c                mesh_get_node_address
 .text.mesh_form_pkt
                0x000116a8       0xfc ./L4_IO/wireless/src/mesh.o
                0x000116a8                mesh_form_pkt
 .text.mesh_send_formed_pkt
                0x000117a4       0x50 ./L4_IO/wireless/src/mesh.o
                0x000117a4                mesh_send_formed_pkt
 .text.mesh_init
                0x000117f4      0x104 ./L4_IO/wireless/src/mesh.o
                0x000117f4                mesh_init
 .text.mesh_send
                0x000118f8       0x3e ./L4_IO/wireless/src/mesh.o
                0x000118f8                mesh_send
 .text.mesh_send_ack
                0x00011936       0x1a ./L4_IO/wireless/src/mesh.o
 .text.mesh_get_num_routing_entries
                0x00011950       0x1c ./L4_IO/wireless/src/mesh.o
                0x00011950                mesh_get_num_routing_entries
 .text.mesh_service
                0x0001196c      0x2c4 ./L4_IO/wireless/src/mesh.o
                0x0001196c                mesh_service
 .text.mesh_get_pnd_pkt_count
                0x00011c30       0x34 ./L4_IO/wireless/src/mesh.o
                0x00011c30                mesh_get_pnd_pkt_count
 .text.nordic_transfer
                0x00011c64      0x110 ./L4_IO/wireless/src/nrf24L01Plus.o
 .text.nordic_readRegister
                0x00011d74       0x20 ./L4_IO/wireless/src/nrf24L01Plus.o
 .text.nordic_writeRegister
                0x00011d94       0x20 ./L4_IO/wireless/src/nrf24L01Plus.o
 .text.nordic_is_tx_fifo_empty
                0x00011db4        0xe ./L4_IO/wireless/src/nrf24L01Plus.o
                0x00011db4                nordic_is_tx_fifo_empty
 .text.nordic_clear_all_intr_flags
                0x00011dc2        0x8 ./L4_IO/wireless/src/nrf24L01Plus.o
                0x00011dc2                nordic_clear_all_intr_flags
 .text.nordic_queue_tx_fifo
                0x00011dca        0xe ./L4_IO/wireless/src/nrf24L01Plus.o
                0x00011dca                nordic_queue_tx_fifo
 .text.nordic_standby1_to_tx_mode1
                0x00011dd8       0x16 ./L4_IO/wireless/src/nrf24L01Plus.o
                0x00011dd8                nordic_standby1_to_tx_mode1
 *fill*         0x00011dee        0x2 
 .text.nordic_rx_to_Stanby1
                0x00011df0       0x10 ./L4_IO/wireless/src/nrf24L01Plus.o
                0x00011df0                nordic_rx_to_Stanby1
 .text.nordic_standby1_to_rx
                0x00011e00       0x24 ./L4_IO/wireless/src/nrf24L01Plus.o
                0x00011e00                nordic_standby1_to_rx
 .text.nordic_clear_packet_sent_flag
                0x00011e24        0x8 ./L4_IO/wireless/src/nrf24L01Plus.o
                0x00011e24                nordic_clear_packet_sent_flag
 .text.nordic_flush_tx_fifo
                0x00011e2c        0xc ./L4_IO/wireless/src/nrf24L01Plus.o
                0x00011e2c                nordic_flush_tx_fifo
 .text.nordic_mode1_send_single_packet
                0x00011e38       0x4c ./L4_IO/wireless/src/nrf24L01Plus.o
                0x00011e38                nordic_mode1_send_single_packet
 .text.nordic_is_packet_available
                0x00011e84       0x12 ./L4_IO/wireless/src/nrf24L01Plus.o
                0x00011e84                nordic_is_packet_available
 .text.nordic_clear_packet_available_flag
                0x00011e96        0x8 ./L4_IO/wireless/src/nrf24L01Plus.o
                0x00011e96                nordic_clear_packet_available_flag
 .text.nordic_read_rx_fifo
                0x00011e9e       0x16 ./L4_IO/wireless/src/nrf24L01Plus.o
                0x00011e9e                nordic_read_rx_fifo
 .text.nordic_flush_rx_fifo
                0x00011eb4        0xc ./L4_IO/wireless/src/nrf24L01Plus.o
                0x00011eb4                nordic_flush_rx_fifo
 .text.nordic_set_intr_signals
                0x00011ec0       0x3e ./L4_IO/wireless/src/nrf24L01Plus.o
                0x00011ec0                nordic_set_intr_signals
 .text.nordic_set_crc
                0x00011efe       0x38 ./L4_IO/wireless/src/nrf24L01Plus.o
                0x00011efe                nordic_set_crc
 .text.nordic_power_up
                0x00011f36       0x18 ./L4_IO/wireless/src/nrf24L01Plus.o
                0x00011f36                nordic_power_up
 .text.nordic_power_down
                0x00011f4e       0x16 ./L4_IO/wireless/src/nrf24L01Plus.o
                0x00011f4e                nordic_power_down
 .text.nordic_set_channel
                0x00011f64       0x24 ./L4_IO/wireless/src/nrf24L01Plus.o
                0x00011f64                nordic_set_channel
 .text.nordic_set_air_data_rate
                0x00011f88       0x2c ./L4_IO/wireless/src/nrf24L01Plus.o
                0x00011f88                nordic_set_air_data_rate
 .text.nordic_set_power_level
                0x00011fb4       0x24 ./L4_IO/wireless/src/nrf24L01Plus.o
                0x00011fb4                nordic_set_power_level
 .text.nordic_set_auto_transmit_options
                0x00011fd8       0x32 ./L4_IO/wireless/src/nrf24L01Plus.o
                0x00011fd8                nordic_set_auto_transmit_options
 .text.nordic_set_payload_for_pipe
                0x0001200a       0x14 ./L4_IO/wireless/src/nrf24L01Plus.o
                0x0001200a                nordic_set_payload_for_pipe
 .text.nordic_set_addr_width
                0x0001201e       0x16 ./L4_IO/wireless/src/nrf24L01Plus.o
                0x0001201e                nordic_set_addr_width
 .text.nordic_set_tx_address
                0x00012034        0xe ./L4_IO/wireless/src/nrf24L01Plus.o
                0x00012034                nordic_set_tx_address
 .text.nordic_set_rx_pipe0_addr
                0x00012042        0xe ./L4_IO/wireless/src/nrf24L01Plus.o
                0x00012042                nordic_set_rx_pipe0_addr
 .text.nordic_init
                0x00012050       0xc8 ./L4_IO/wireless/src/nrf24L01Plus.o
                0x00012050                nordic_init
 .text.nrf_irq_callback
                0x00012118       0x30 ./L4_IO/wireless/src/wireless.o
 .text.nrf_driver_init
                0x00012148       0x70 ./L4_IO/wireless/src/wireless.o
 .text.nrf_driver_app_recv
                0x000121b8       0x50 ./L4_IO/wireless/src/wireless.o
 .text.nrf_driver_send
                0x00012208       0x5c ./L4_IO/wireless/src/wireless.o
 .text.nrf_driver_receive
                0x00012264       0x22 ./L4_IO/wireless/src/wireless.o
 .text.nrf_driver_get_timer
                0x00012286       0x28 ./L4_IO/wireless/src/wireless.o
 *fill*         0x000122ae        0x2 
 .text.wireless_init
                0x000122b0       0x4c ./L4_IO/wireless/src/wireless.o
                0x000122b0                wireless_init
 .text.wireless_service
                0x000122fc       0x4c ./L4_IO/wireless/src/wireless.o
                0x000122fc                wireless_service
 .text._ZN4GPIOC2E17LPC1758_GPIO_Type
                0x00012348       0x4c ./L4_IO/src/gpio.o
                0x00012348                GPIO::GPIO(LPC1758_GPIO_Type)
                0x00012348                GPIO::GPIO(LPC1758_GPIO_Type)
 .text._ZN4GPIO10setAsInputEv
                0x00012394       0x12 ./L4_IO/src/gpio.o
                0x00012394                GPIO::setAsInput()
 .text._ZN4GPIO11setAsOutputEv
                0x000123a6       0x10 ./L4_IO/src/gpio.o
                0x000123a6                GPIO::setAsOutput()
 *fill*         0x000123b6        0x2 
 .text._ZN4GPIO12enablePullUpEv
                0x000123b8       0x20 ./L4_IO/src/gpio.o
                0x000123b8                GPIO::enablePullUp()
 .text._ZN4GPIO19enableOpenDrainModeEb
                0x000123d8       0x2c ./L4_IO/src/gpio.o
                0x000123d8                GPIO::enableOpenDrainMode(bool)
 .text._ZN4GPIOD2Ev
                0x00012404       0x1a ./L4_IO/src/gpio.o
                0x00012404                GPIO::~GPIO()
                0x00012404                GPIO::~GPIO()
 .text._ZN11i2c2_device8writeRegEhh
                0x0001241e       0x16 ./L4_IO/src/io_source.o
                0x0001241e                i2c2_device::writeReg(unsigned char, unsigned char)
 .text._ZN11i2c2_device16get16BitRegisterEh
                0x00012434       0x28 ./L4_IO/src/io_source.o
                0x00012434                i2c2_device::get16BitRegister(unsigned char)
 .text._ZN19Acceleration_Sensor4initEv
                0x0001245c       0x20 ./L4_IO/src/io_source.o
                0x0001245c                Acceleration_Sensor::init()
 .text._ZN9IR_Sensor11storeIrCodeEm
                0x0001247c       0x1c ./L4_IO/src/io_source.o
                0x0001247c                IR_Sensor::storeIrCode(unsigned long)
 .text._ZN9IR_Sensor12decodeIrCodeEv
                0x00012498       0x60 ./L4_IO/src/io_source.o
                0x00012498                IR_Sensor::decodeIrCode()
 .text._ZN9IR_Sensor4initEv
                0x000124f8       0x34 ./L4_IO/src/io_source.o
                0x000124f8                IR_Sensor::init()
 .text._ZN11LED_Display12setLeftDigitEc
                0x0001252c       0x18 ./L4_IO/src/io_source.o
                0x0001252c                LED_Display::setLeftDigit(char)
 .text._ZN11LED_Display13setRightDigitEc
                0x00012544       0x18 ./L4_IO/src/io_source.o
                0x00012544                LED_Display::setRightDigit(char)
 .text._ZN11LED_Display4initEv
                0x0001255c       0x38 ./L4_IO/src/io_source.o
                0x0001255c                LED_Display::init()
 .text._ZN11LED_Display9setNumberEc
                0x00012594       0x3c ./L4_IO/src/io_source.o
                0x00012594                LED_Display::setNumber(char)
 .text._ZN3LED4initEv
                0x000125d0        0x4 ./L4_IO/src/io_source.o
                0x000125d0                LED::init()
 .text._ZN3LED6setAllEh
                0x000125d4       0x5c ./L4_IO/src/io_source.o
                0x000125d4                LED::setAll(unsigned char)
 .text._ZN3LED2onEh
                0x00012630       0x26 ./L4_IO/src/io_source.o
                0x00012630                LED::on(unsigned char)
 .text._ZN3LED3offEh
                0x00012656       0x26 ./L4_IO/src/io_source.o
                0x00012656                LED::off(unsigned char)
 .text._ZN3LED3setEhb
                0x0001267c        0xa ./L4_IO/src/io_source.o
                0x0001267c                LED::set(unsigned char, bool)
 .text._ZN12Light_Sensor4initEv
                0x00012686        0x4 ./L4_IO/src/io_source.o
                0x00012686                Light_Sensor::init()
 .text._ZN12Light_Sensor11getRawValueEv
                0x0001268a        0x6 ./L4_IO/src/io_source.o
                0x0001268a                Light_Sensor::getRawValue()
 .text._ZN8Switches4initEv
                0x00012690        0x4 ./L4_IO/src/io_source.o
                0x00012690                Switches::init()
 .text._ZN8Switches15getSwitchValuesEv
                0x00012694       0x18 ./L4_IO/src/io_source.o
                0x00012694                Switches::getSwitchValues()
 .text._ZN8I2C_Temp4initEv
                0x000126ac       0x22 ./L4_IO/src/io_source.o
                0x000126ac                I2C_Temp::init()
 .text._ZN8I2C_Temp10getCelsiusEv
                0x000126ce       0x32 ./L4_IO/src/io_source.o
                0x000126ce                I2C_Temp::getCelsius()
 .text._ZN8I2C_Temp12getFarenheitEv
                0x00012700       0x24 ./L4_IO/src/io_source.o
                0x00012700                I2C_Temp::getFarenheit()
 .text._ZN7Storage4readEPKcPvjj
                0x00012724       0x46 ./L4_IO/src/storage.o
                0x00012724                Storage::read(char const*, void*, unsigned int, unsigned int)
 .text._ZN7Storage6appendEPKcPKvjj
                0x0001276a       0x4a ./L4_IO/src/storage.o
                0x0001276a                Storage::append(char const*, void const*, unsigned int, unsigned int)
 .text._ZN17Ultra_Sonic_4ping18echo_high_callbackEv
                0x000127b4       0x14 ./L4_IO/src/ultrasonic_sensor.o
                0x000127b4                Ultra_Sonic_4ping::echo_high_callback()
 .text._ZN17Ultra_Sonic_4ping17echo_low_callbackEv
                0x000127c8       0x90 ./L4_IO/src/ultrasonic_sensor.o
                0x000127c8                Ultra_Sonic_4ping::echo_low_callback()
 .text._ZN17Ultra_Sonic_4pingD2Ev
                0x00012858       0x14 ./L4_IO/src/ultrasonic_sensor.o
                0x00012858                Ultra_Sonic_4ping::~Ultra_Sonic_4ping()
                0x00012858                Ultra_Sonic_4ping::~Ultra_Sonic_4ping()
 .text._ZN13Sensor_FilterIddED2Ev
                0x0001286c       0x10 ./L4_IO/src/ultrasonic_sensor.o
                0x0001286c                Sensor_Filter<double, double>::~Sensor_Filter()
                0x0001286c                Sensor_Filter<double, double>::~Sensor_Filter()
 .text._ZN17Ultra_Sonic_4pingC2E17LPC1758_GPIO_TypeS0_i
                0x0001287c       0x90 ./L4_IO/src/ultrasonic_sensor.o
                0x0001287c                Ultra_Sonic_4ping::Ultra_Sonic_4ping(LPC1758_GPIO_Type, LPC1758_GPIO_Type, int)
                0x0001287c                Ultra_Sonic_4ping::Ultra_Sonic_4ping(LPC1758_GPIO_Type, LPC1758_GPIO_Type, int)
 .text.startup._GLOBAL__sub_I_front_ultrasonic
                0x0001290c       0xa4 ./L4_IO/src/ultrasonic_sensor.o
 .text.ff_convert
                0x000129b0       0x38 ./L4_IO/fat/option/ccsbcs.o
                0x000129b0                ff_convert
 .text.ff_wtoupper
                0x000129e8       0x24 ./L4_IO/fat/option/ccsbcs.o
                0x000129e8                ff_wtoupper
 .text.ff_cre_syncobj
                0x00012a0c       0x14 ./L4_IO/fat/option/reentrant.o
                0x00012a0c                ff_cre_syncobj
 .text.ff_del_syncobj
                0x00012a20        0x4 ./L4_IO/fat/option/reentrant.o
                0x00012a20                ff_del_syncobj
 .text.ff_req_grant
                0x00012a24       0x26 ./L4_IO/fat/option/reentrant.o
                0x00012a24                ff_req_grant
 .text.ff_rel_grant
                0x00012a4a       0x1e ./L4_IO/fat/option/reentrant.o
                0x00012a4a                ff_rel_grant
 .text.disk_initialize
                0x00012a68       0x26 ./L4_IO/fat/disk/diskio.o
                0x00012a68                disk_initialize
 .text.disk_status
                0x00012a8e       0x10 ./L4_IO/fat/disk/diskio.o
                0x00012a8e                disk_status
 .text.disk_read
                0x00012a9e       0x38 ./L4_IO/fat/disk/diskio.o
                0x00012a9e                disk_read
 .text.disk_write
                0x00012ad6       0x38 ./L4_IO/fat/disk/diskio.o
                0x00012ad6                disk_write
 .text.disk_ioctl
                0x00012b0e       0x32 ./L4_IO/fat/disk/diskio.o
                0x00012b0e                disk_ioctl
 .text.sys_get_uptime_ms
                0x00012b40       0x12 ./L4_IO/fat/disk/sd.o
 *fill*         0x00012b52        0x2 
 .text.ssp_set_max_clock.constprop.2
                0x00012b54       0x30 ./L4_IO/fat/disk/sd.o
 .text.ssp1_exchange_byte
                0x00012b84       0x18 ./L4_IO/fat/disk/sd.o
 .text.wait_ready
                0x00012b9c       0x2e ./L4_IO/fat/disk/sd.o
                0x00012b9c                wait_ready
 *fill*         0x00012bca        0x2 
 .text.power_off
                0x00012bcc       0x24 ./L4_IO/fat/disk/sd.o
                0x00012bcc                power_off
 .text.rcvr_datablock
                0x00012bf0       0x84 ./L4_IO/fat/disk/sd.o
                0x00012bf0                rcvr_datablock
 .text.xmit_datablock
                0x00012c74       0x4c ./L4_IO/fat/disk/sd.o
                0x00012c74                xmit_datablock
 .text.send_cmd
                0x00012cc0       0x8c ./L4_IO/fat/disk/sd.o
                0x00012cc0                send_cmd
 .text.sd_update_card_status
                0x00012d4c       0x24 ./L4_IO/fat/disk/sd.o
                0x00012d4c                sd_update_card_status
 .text.sd_initialize
                0x00012d70      0x15c ./L4_IO/fat/disk/sd.o
                0x00012d70                sd_initialize
 .text.sd_status
                0x00012ecc       0x10 ./L4_IO/fat/disk/sd.o
                0x00012ecc                sd_status
 .text.sd_read  0x00012edc       0x9c ./L4_IO/fat/disk/sd.o
                0x00012edc                sd_read
 .text.sd_write
                0x00012f78       0xb4 ./L4_IO/fat/disk/sd.o
                0x00012f78                sd_write
 .text.sd_ioctl
                0x0001302c      0x228 ./L4_IO/fat/disk/sd.o
                0x0001302c                sd_ioctl
 .text._ZL24flash_get_mem_size_bytesv
                0x00013254       0x20 ./L4_IO/fat/disk/spi_flash.o
 .text._ZL37flash_perform_page_io_of_fatfs_sectorPFvPhmmES_m
                0x00013274       0x74 ./L4_IO/fat/disk/spi_flash.o
 .text.ssp1_exchange_data
                0x000132e8       0xcc ./L4_IO/fat/disk/spi_flash.o
 .text._ZL18flash_send_op_addr14flash_opcode_tm
                0x000133b4       0x24 ./L4_IO/fat/disk/spi_flash.o
 .text._ZL15flash_read_pagePhmm
                0x000133d8       0x44 ./L4_IO/fat/disk/spi_flash.o
 .text._ZL20flash_wait_for_readyv
                0x0001341c       0x40 ./L4_IO/fat/disk/spi_flash.o
 .text.flash_initialize
                0x0001345c       0x98 ./L4_IO/fat/disk/spi_flash.o
                0x0001345c                flash_initialize
 .text.flash_read_sectors
                0x000134f4       0x4c ./L4_IO/fat/disk/spi_flash.o
                0x000134f4                flash_read_sectors
 .text.flash_write_sectors
                0x00013540       0x48 ./L4_IO/fat/disk/spi_flash.o
                0x00013540                flash_write_sectors
 .text.flash_ioctl
                0x00013588       0x38 ./L4_IO/fat/disk/spi_flash.o
                0x00013588                flash_ioctl
 .text.flash_write_permanent_id
                0x000135c0       0x44 ./L4_IO/fat/disk/spi_flash.o
                0x000135c0                flash_write_permanent_id
 .text.flash_read_permanent_id
                0x00013604       0x28 ./L4_IO/fat/disk/spi_flash.o
                0x00013604                flash_read_permanent_id
 .text.flash_get_page_count
                0x0001362c       0x20 ./L4_IO/fat/disk/spi_flash.o
                0x0001362c                flash_get_page_count
 .text.flash_get_page_size
                0x0001364c        0xc ./L4_IO/fat/disk/spi_flash.o
                0x0001364c                flash_get_page_size
 .text.flash_supports_metadata
                0x00013658       0x10 ./L4_IO/fat/disk/spi_flash.o
                0x00013658                flash_supports_metadata
 .text._ZL16flash_write_pagePhmm
                0x00013668       0x8c ./L4_IO/fat/disk/spi_flash.o
 .text.flash_chip_erase
                0x000136f4       0x28 ./L4_IO/fat/disk/spi_flash.o
                0x000136f4                flash_chip_erase
 .text.get_fattime
                0x0001371c       0x52 ./L4_IO/fat/fatfs_time.o
                0x0001371c                get_fattime
 .text.mem_cpy  0x0001376e       0x38 ./L4_IO/fat/ff.o
 .text.mem_set  0x000137a6        0xe ./L4_IO/fat/ff.o
 .text.sum_sfn  0x000137b4       0x1e ./L4_IO/fat/ff.o
 .text.get_ldnumber
                0x000137d2       0x3e ./L4_IO/fat/ff.o
 .text.sync_window
                0x00013810       0x4a ./L4_IO/fat/ff.o
 *fill*         0x0001385a        0x2 
 .text.sync_fs  0x0001385c       0x78 ./L4_IO/fat/ff.o
 .text.move_window
                0x000138d4       0x34 ./L4_IO/fat/ff.o
 .text.check_fs
                0x00013908       0x4c ./L4_IO/fat/ff.o
 .text.find_volume
                0x00013954      0x220 ./L4_IO/fat/ff.o
 .text.validate
                0x00013b74       0x3a ./L4_IO/fat/ff.o
 .text.unlock_fs
                0x00013bae       0x1a ./L4_IO/fat/ff.o
 .text.clust2sect
                0x00013bc8       0x16 ./L4_IO/fat/ff.o
                0x00013bc8                clust2sect
 .text.get_fat  0x00013bde       0xa6 ./L4_IO/fat/ff.o
                0x00013bde                get_fat
 .text.dir_sdi  0x00013c84       0x82 ./L4_IO/fat/ff.o
 .text.put_fat  0x00013d06       0xd0 ./L4_IO/fat/ff.o
                0x00013d06                put_fat
 .text.create_chain
                0x00013dd6       0xa2 ./L4_IO/fat/ff.o
 .text.dir_next
                0x00013e78       0xee ./L4_IO/fat/ff.o
 *fill*         0x00013f66        0x2 
 .text.dir_find
                0x00013f68      0x12c ./L4_IO/fat/ff.o
 .text.follow_path
                0x00014094      0x25c ./L4_IO/fat/ff.o
 .text.dir_register
                0x000142f0      0x208 ./L4_IO/fat/ff.o
 .text.remove_chain
                0x000144f8       0x5a ./L4_IO/fat/ff.o
 *fill*         0x00014552        0x2 
 .text.f_mount  0x00014554       0x7c ./L4_IO/fat/ff.o
                0x00014554                f_mount
 .text.f_open   0x000145d0      0x132 ./L4_IO/fat/ff.o
                0x000145d0                f_open
 .text.f_read   0x00014702      0x17c ./L4_IO/fat/ff.o
                0x00014702                f_read
 .text.f_write  0x0001487e      0x1a8 ./L4_IO/fat/ff.o
                0x0001487e                f_write
 .text.f_sync   0x00014a26       0x8c ./L4_IO/fat/ff.o
                0x00014a26                f_sync
 .text.f_close  0x00014ab2       0x24 ./L4_IO/fat/ff.o
                0x00014ab2                f_close
 .text.f_lseek  0x00014ad6      0x14c ./L4_IO/fat/ff.o
                0x00014ad6                f_lseek
 .text.f_getfree
                0x00014c22       0xca ./L4_IO/fat/ff.o
                0x00014c22                f_getfree
 .text.f_mkfs   0x00014cec      0x4f0 ./L4_IO/fat/ff.o
                0x00014cec                f_mkfs
 .text.tlm_component_find_by_name
                0x000151dc       0x10 ./L3_Utils/tlm/src/c_tlm_comp.o
 .text.tlm_component_get_by_name
                0x000151ec       0x24 ./L3_Utils/tlm/src/c_tlm_comp.o
                0x000151ec                tlm_component_get_by_name
 .text.tlm_component_add
                0x00015210       0x64 ./L3_Utils/tlm/src/c_tlm_comp.o
                0x00015210                tlm_component_add
 .text.tlm_variable_check_dup
                0x00015274       0x1e ./L3_Utils/tlm/src/c_tlm_var.o
 *fill*         0x00015292        0x2 
 .text.tlm_variable_register
                0x00015294       0x78 ./L3_Utils/tlm/src/c_tlm_var.o
                0x00015294                tlm_variable_register
 .text.c_list_create
                0x0001530c       0x18 ./L3_Utils/src/c_list.o
                0x0001530c                c_list_create
 .text.c_list_insert_elm_end
                0x00015324       0x36 ./L3_Utils/src/c_list.o
                0x00015324                c_list_insert_elm_end
 .text.c_list_find_elm
                0x0001535a       0x2c ./L3_Utils/src/c_list.o
                0x0001535a                c_list_find_elm
 .text.c_list_for_each_elm
                0x00015386       0x2a ./L3_Utils/src/c_list.o
                0x00015386                c_list_for_each_elm
 .text.logger_get_buffer_ptr
                0x000153b0       0x44 ./L3_Utils/src/file_logger.o
 .text.logger_write_to_file
                0x000153f4       0xb0 ./L3_Utils/src/file_logger.o
 .text.logger_task
                0x000154a4       0xc0 ./L3_Utils/src/file_logger.o
 .text.logger_write_log_message
                0x00015564       0x4c ./L3_Utils/src/file_logger.o
 .text.logger_init
                0x000155b0       0xd8 ./L3_Utils/src/file_logger.o
                0x000155b0                logger_init
 .text.logger_log
                0x00015688      0x138 ./L3_Utils/src/file_logger.o
                0x00015688                logger_log
 .text.u0_dbg_put
                0x000157c0       0x1e ./L3_Utils/src/printf_lib.o
                0x000157c0                u0_dbg_put
 .text.u0_dbg_printf
                0x000157de       0x3c ./L3_Utils/src/printf_lib.o
                0x000157de                u0_dbg_printf
 .text.for_each_recur_alarm_callback
                0x0001581a       0x26 ./L3_Utils/src/rtc_alarm.o
 .text.for_each_alarm_callback
                0x00015840       0x5c ./L3_Utils/src/rtc_alarm.o
 .text.RTC_IRQHandler
                0x0001589c       0xa4 ./L3_Utils/src/rtc_alarm.o
                0x0001589c                RTC_IRQHandler
 .text._ZL9printlinePKcS0_
                0x00015940       0xac ./L3_Utils/src/scheduler_task.o
 .text._ZL9dbg_printPKcS0_
                0x000159ec       0x74 ./L3_Utils/src/scheduler_task.o
 .text._Z24scheduler_c_task_privatePv
                0x00015a60      0x118 ./L3_Utils/src/scheduler_task.o
                0x00015a60                scheduler_c_task_private(void*)
 .text._Z18scheduler_init_allb
                0x00015b78       0xec ./L3_Utils/src/scheduler_task.o
                0x00015b78                scheduler_init_all(bool)
 .text._Z18scheduler_add_taskP14scheduler_task
                0x00015c64       0x1c ./L3_Utils/src/scheduler_task.o
                0x00015c64                scheduler_add_task(scheduler_task*)
 .text._Z15scheduler_startbb
                0x00015c80       0x44 ./L3_Utils/src/scheduler_task.o
                0x00015c80                scheduler_start(bool, bool)
 .text._ZN14scheduler_taskC2EPKcmhPv
                0x00015cc4       0x34 ./L3_Utils/src/scheduler_task.o
                0x00015cc4                scheduler_task::scheduler_task(char const*, unsigned long, unsigned char, void*)
                0x00015cc4                scheduler_task::scheduler_task(char const*, unsigned long, unsigned char, void*)
 .text.delay_us
                0x00015cf8       0x1c ./L3_Utils/src/utilities.o
                0x00015cf8                delay_us
 .text.is_freertos_running
                0x00015d14        0xe ./L3_Utils/src/utilities.o
                0x00015d14                is_freertos_running
 .text.delay_ms
                0x00015d22       0x22 ./L3_Utils/src/utilities.o
                0x00015d22                delay_ms
 .text.adc0_start_conversion
                0x00015d44       0x24 ./L2_Drivers/src/adc.o
 .text.ADC_IRQHandler
                0x00015d68       0x3c ./L2_Drivers/src/adc.o
                0x00015d68                ADC_IRQHandler
 .text.adc0_init
                0x00015da4       0x74 ./L2_Drivers/src/adc.o
                0x00015da4                adc0_init
 .text.adc0_get_reading
                0x00015e18       0x78 ./L2_Drivers/src/adc.o
                0x00015e18                adc0_get_reading
 .text.CAN_tx_now
                0x00015e90       0x32 ./L2_Drivers/src/can.o
 *fill*         0x00015ec2        0x2 
 .text.CAN_handle_isr
                0x00015ec4       0xa4 ./L2_Drivers/src/can.o
 .text.CAN_IRQHandler
                0x00015f68       0x28 ./L2_Drivers/src/can.o
                0x00015f68                CAN_IRQHandler
 .text.CAN_init
                0x00015f90      0x18c ./L2_Drivers/src/can.o
                0x00015f90                CAN_init
 .text.CAN_is_bus_off
                0x0001611c       0x1c ./L2_Drivers/src/can.o
                0x0001611c                CAN_is_bus_off
 .text.CAN_tx   0x00016138       0xa8 ./L2_Drivers/src/can.o
                0x00016138                CAN_tx
 .text.CAN_reset_bus
                0x000161e0       0x18 ./L2_Drivers/src/can.o
                0x000161e0                CAN_reset_bus
 .text.CAN_gen_sid
                0x000161f8       0x34 ./L2_Drivers/src/can.o
                0x000161f8                CAN_gen_sid
 .text.CAN_setup_filter
                0x0001622c      0x144 ./L2_Drivers/src/can.o
                0x0001622c                CAN_setup_filter
 .text.handle_eint_list
                0x00016370       0x2c ./L2_Drivers/src/eint.o
 .text.eint3_enable.isra.0
                0x0001639c       0x38 ./L2_Drivers/src/eint.o
 .text.EINT3_IRQHandler
                0x000163d4       0x80 ./L2_Drivers/src/eint.o
                0x000163d4                EINT3_IRQHandler
 .text.eint3_enable_port0
                0x00016454       0x30 ./L2_Drivers/src/eint.o
                0x00016454                eint3_enable_port0
 .text.eint3_enable_port2
                0x00016484       0x30 ./L2_Drivers/src/eint.o
                0x00016484                eint3_enable_port2
 .text._ZN4I2C24initEj
                0x000164b4       0x6c ./L2_Drivers/src/i2c2.o
                0x000164b4                I2C2::init(unsigned int)
 .text._ZN4I2C2C2Ev
                0x00016520       0x14 ./L2_Drivers/src/i2c2.o
                0x00016520                I2C2::I2C2()
                0x00016520                I2C2::I2C2()
 .text.I2C2_IRQHandler
                0x00016534       0x24 ./L2_Drivers/src/i2c2.o
                0x00016534                I2C2_IRQHandler
 .text.RIT_IRQHandler
                0x00016558       0x1c ./L2_Drivers/src/lpc_rit.o
                0x00016558                RIT_IRQHandler
 .text.lpc_timer_get_struct
                0x00016574       0x20 ./L2_Drivers/src/lpc_timers.o
 .text.lpc_timer_enable
                0x00016594       0x50 ./L2_Drivers/src/lpc_timers.o
                0x00016594                lpc_timer_enable
 .text.lpc_timer_get_value
                0x000165e4        0xa ./L2_Drivers/src/lpc_timers.o
                0x000165e4                lpc_timer_get_value
 .text.lpc_timer_set_value
                0x000165ee        0xc ./L2_Drivers/src/lpc_timers.o
                0x000165ee                lpc_timer_set_value
 *fill*         0x000165fa        0x2 
 .text.rtc_gettime
                0x000165fc       0x50 ./L2_Drivers/src/rtc.o
                0x000165fc                rtc_gettime
 .text.rtc_settime
                0x0001664c       0x68 ./L2_Drivers/src/rtc.o
                0x0001664c                rtc_settime
 .text.rtc_init
                0x000166b4       0xd0 ./L2_Drivers/src/rtc.o
                0x000166b4                rtc_init
 .text.ssp1_dma_init
                0x00016784       0x1c ./L2_Drivers/src/spi_dma.o
                0x00016784                ssp1_dma_init
 .text.ssp1_dma_transfer_block
                0x000167a0       0xc4 ./L2_Drivers/src/spi_dma.o
                0x000167a0                ssp1_dma_transfer_block
 .text.spi1_lock
                0x00016864       0x30 ./L2_Drivers/src/spi_sem.o
                0x00016864                spi1_lock
 .text.spi1_unlock
                0x00016894       0x24 ./L2_Drivers/src/spi_sem.o
                0x00016894                spi1_unlock
 .text._ZN5Uart0D2Ev
                0x000168b8       0x14 ./L2_Drivers/src/uart0.o
                0x000168b8                Uart0::~Uart0()
                0x000168b8                Uart0::~Uart0()
 .text._ZN5Uart0D0Ev
                0x000168cc       0x12 ./L2_Drivers/src/uart0.o
                0x000168cc                Uart0::~Uart0()
 *fill*         0x000168de        0x2 
 .text._ZN5Uart0C2Ev
                0x000168e0       0x1c ./L2_Drivers/src/uart0.o
                0x000168e0                Uart0::Uart0()
                0x000168e0                Uart0::Uart0()
 .text.UART0_IRQHandler
                0x000168fc       0x24 ./L2_Drivers/src/uart0.o
                0x000168fc                UART0_IRQHandler
 .text._ZN5Uart2D2Ev
                0x00016920       0x14 ./L2_Drivers/src/uart2.o
                0x00016920                Uart2::~Uart2()
                0x00016920                Uart2::~Uart2()
 .text._ZN5Uart2D0Ev
                0x00016934       0x12 ./L2_Drivers/src/uart2.o
                0x00016934                Uart2::~Uart2()
 *fill*         0x00016946        0x2 
 .text._ZN5Uart2C2Ev
                0x00016948       0x1c ./L2_Drivers/src/uart2.o
                0x00016948                Uart2::Uart2()
                0x00016948                Uart2::Uart2()
 .text.UART2_IRQHandler
                0x00016964       0x24 ./L2_Drivers/src/uart2.o
                0x00016964                UART2_IRQHandler
 .text._ZN5Uart3D2Ev
                0x00016988       0x14 ./L2_Drivers/src/uart3.o
                0x00016988                Uart3::~Uart3()
                0x00016988                Uart3::~Uart3()
 .text._ZN5Uart3D0Ev
                0x0001699c       0x12 ./L2_Drivers/src/uart3.o
                0x0001699c                Uart3::~Uart3()
 *fill*         0x000169ae        0x2 
 .text._ZN5Uart3C2Ev
                0x000169b0       0x1c ./L2_Drivers/src/uart3.o
                0x000169b0                Uart3::Uart3()
                0x000169b0                Uart3::Uart3()
 .text.UART3_IRQHandler
                0x000169cc       0x24 ./L2_Drivers/src/uart3.o
                0x000169cc                UART3_IRQHandler
 .text._ZN7CharDev5flushEv
                0x000169f0        0x4 ./L2_Drivers/base/char_dev.o
                0x000169f0                CharDev::flush()
 .text._ZN7CharDevC2Ev
                0x000169f4       0x20 ./L2_Drivers/base/char_dev.o
                0x000169f4                CharDev::CharDev()
                0x000169f4                CharDev::CharDev()
 .text._ZN7CharDevD2Ev
                0x00016a14       0x18 ./L2_Drivers/base/char_dev.o
                0x00016a14                CharDev::~CharDev()
                0x00016a14                CharDev::~CharDev()
 .text._ZN8I2C_Base8transferEhhPhm
                0x00016a2c       0xda ./L2_Drivers/base/i2c_base.o
                0x00016a2c                I2C_Base::transfer(unsigned char, unsigned char, unsigned char*, unsigned long)
 .text._ZN8I2C_Base13readRegistersEhhPhm
                0x00016b06        0x8 ./L2_Drivers/base/i2c_base.o
                0x00016b06                I2C_Base::readRegisters(unsigned char, unsigned char, unsigned char*, unsigned long)
 .text._ZN8I2C_Base7readRegEhh
                0x00016b0e       0x1a ./L2_Drivers/base/i2c_base.o
                0x00016b0e                I2C_Base::readReg(unsigned char, unsigned char)
 .text._ZN8I2C_Base14writeRegistersEhhPhm
                0x00016b28        0x8 ./L2_Drivers/base/i2c_base.o
                0x00016b28                I2C_Base::writeRegisters(unsigned char, unsigned char, unsigned char*, unsigned long)
 .text._ZN8I2C_Base8writeRegEhhh
                0x00016b30       0x16 ./L2_Drivers/base/i2c_base.o
                0x00016b30                I2C_Base::writeReg(unsigned char, unsigned char, unsigned char)
 .text._ZN8I2C_Base19checkDeviceResponseEh
                0x00016b46       0x16 ./L2_Drivers/base/i2c_base.o
                0x00016b46                I2C_Base::checkDeviceResponse(unsigned char)
 .text._ZN8I2C_BaseC2EP15LPC_I2C_TypeDef
                0x00016b5c       0x5c ./L2_Drivers/base/i2c_base.o
                0x00016b5c                I2C_Base::I2C_Base(LPC_I2C_TypeDef*)
                0x00016b5c                I2C_Base::I2C_Base(LPC_I2C_TypeDef*)
 .text._ZN8I2C_Base4initEmm
                0x00016bb8       0x8c ./L2_Drivers/base/i2c_base.o
                0x00016bb8                I2C_Base::init(unsigned long, unsigned long)
 .text._ZN8I2C_Base15i2cStateMachineEv
                0x00016c44      0x122 ./L2_Drivers/base/i2c_base.o
                0x00016c44                I2C_Base::i2cStateMachine()
 *fill*         0x00016d66        0x2 
 .text._ZN8I2C_Base15handleInterruptEv
                0x00016d68       0x30 ./L2_Drivers/base/i2c_base.o
                0x00016d68                I2C_Base::handleInterrupt()
 .text._ZN7UartDevD2Ev
                0x00016d98       0x14 ./L2_Drivers/base/uart_dev.o
                0x00016d98                UartDev::~UartDev()
                0x00016d98                UartDev::~UartDev()
 .text._ZN7UartDevD0Ev
                0x00016dac       0x12 ./L2_Drivers/base/uart_dev.o
                0x00016dac                UartDev::~UartDev()
 .text._ZN7UartDev7putCharEcj
                0x00016dbe       0x5a ./L2_Drivers/base/uart_dev.o
                0x00016dbe                UartDev::putChar(char, unsigned int)
 .text._ZN7UartDev5flushEv
                0x00016e18       0x20 ./L2_Drivers/base/uart_dev.o
                0x00016e18                UartDev::flush()
 .text._ZN7UartDev7getCharEPcj
                0x00016e38       0x6c ./L2_Drivers/base/uart_dev.o
                0x00016e38                UartDev::getChar(char*, unsigned int)
 .text._ZN7UartDev15handleInterruptEv
                0x00016ea4       0xb4 ./L2_Drivers/base/uart_dev.o
                0x00016ea4                UartDev::handleInterrupt()
 .text._ZN7UartDevC2EPj
                0x00016f58       0x28 ./L2_Drivers/base/uart_dev.o
                0x00016f58                UartDev::UartDev(unsigned int*)
                0x00016f58                UartDev::UartDev(unsigned int*)
 .text.vListInitialise
                0x00016f80       0x16 ./L1_FreeRTOS/src/list.o
                0x00016f80                vListInitialise
 .text.vListInitialiseItem
                0x00016f96        0x6 ./L1_FreeRTOS/src/list.o
                0x00016f96                vListInitialiseItem
 .text.vListInsertEnd
                0x00016f9c       0x18 ./L1_FreeRTOS/src/list.o
                0x00016f9c                vListInsertEnd
 .text.vListInsert
                0x00016fb4       0x30 ./L1_FreeRTOS/src/list.o
                0x00016fb4                vListInsert
 .text.uxListRemove
                0x00016fe4       0x20 ./L1_FreeRTOS/src/list.o
                0x00016fe4                uxListRemove
 .text.prvCopyDataToQueue
                0x00017004       0x6a ./L1_FreeRTOS/src/queue.o
 .text.prvNotifyQueueSetContainer
                0x0001706e       0x36 ./L1_FreeRTOS/src/queue.o
 .text.prvCopyDataFromQueue
                0x000170a4       0x28 ./L1_FreeRTOS/src/queue.o
 .text.prvUnlockQueue
                0x000170cc       0x78 ./L1_FreeRTOS/src/queue.o
 .text.pvPortMalloc
                0x00017144       0x1e ./L1_FreeRTOS/src/queue.o
                0x00017144                pvPortMalloc
 .text.vPortFree
                0x00017162       0x1a ./L1_FreeRTOS/src/queue.o
                0x00017162                vPortFree
 .text.xQueueGenericReset
                0x0001717c       0x5a ./L1_FreeRTOS/src/queue.o
                0x0001717c                xQueueGenericReset
 .text.xQueueGenericCreate
                0x000171d6       0x50 ./L1_FreeRTOS/src/queue.o
                0x000171d6                xQueueGenericCreate
 .text.xQueueCreateCountingSemaphore
                0x00017226       0x12 ./L1_FreeRTOS/src/queue.o
                0x00017226                xQueueCreateCountingSemaphore
 .text.xQueueGenericSend
                0x00017238       0xe6 ./L1_FreeRTOS/src/queue.o
                0x00017238                xQueueGenericSend
 .text.xQueueCreateMutex
                0x0001731e       0x4c ./L1_FreeRTOS/src/queue.o
                0x0001731e                xQueueCreateMutex
 .text.xQueueGenericSendFromISR
                0x0001736a       0x76 ./L1_FreeRTOS/src/queue.o
                0x0001736a                xQueueGenericSendFromISR
 .text.xQueueGenericReceive
                0x000173e0      0x102 ./L1_FreeRTOS/src/queue.o
                0x000173e0                xQueueGenericReceive
 .text.xQueueReceiveFromISR
                0x000174e2       0x52 ./L1_FreeRTOS/src/queue.o
                0x000174e2                xQueueReceiveFromISR
 .text.uxQueueMessagesWaiting
                0x00017534       0x12 ./L1_FreeRTOS/src/queue.o
                0x00017534                uxQueueMessagesWaiting
 .text.uxQueueMessagesWaitingFromISR
                0x00017546        0x4 ./L1_FreeRTOS/src/queue.o
                0x00017546                uxQueueMessagesWaitingFromISR
 .text.xQueueSelectFromSet
                0x0001754a       0x18 ./L1_FreeRTOS/src/queue.o
                0x0001754a                xQueueSelectFromSet
 .text.prvResetRunTimeStatsInList
                0x00017562       0x2e ./L1_FreeRTOS/src/tasks.o
 .text.prvIdleTask
                0x00017590       0x18 ./L1_FreeRTOS/src/tasks.o
 .text.prvResetNextTaskUnblockTime
                0x000175a8       0x24 ./L1_FreeRTOS/src/tasks.o
 .text.prvAddCurrentTaskToDelayedList
                0x000175cc       0x50 ./L1_FreeRTOS/src/tasks.o
 .text.xTaskGenericCreate
                0x0001761c      0x1a0 ./L1_FreeRTOS/src/tasks.o
                0x0001761c                xTaskGenericCreate
 .text.vTaskStartScheduler
                0x000177bc       0x54 ./L1_FreeRTOS/src/tasks.o
                0x000177bc                vTaskStartScheduler
 .text.vTaskEndScheduler
                0x00017810       0x18 ./L1_FreeRTOS/src/tasks.o
                0x00017810                vTaskEndScheduler
 .text.vTaskSuspendAll
                0x00017828       0x10 ./L1_FreeRTOS/src/tasks.o
                0x00017828                vTaskSuspendAll
 .text.xTaskGetTickCount
                0x00017838       0x18 ./L1_FreeRTOS/src/tasks.o
                0x00017838                xTaskGetTickCount
 .text.xTaskGetTickCountFromISR
                0x00017850       0x18 ./L1_FreeRTOS/src/tasks.o
                0x00017850                xTaskGetTickCountFromISR
 .text.xTaskIncrementTick
                0x00017868       0xfc ./L1_FreeRTOS/src/tasks.o
                0x00017868                xTaskIncrementTick
 .text.xTaskResumeAll
                0x00017964       0xc0 ./L1_FreeRTOS/src/tasks.o
                0x00017964                xTaskResumeAll
 .text.vTaskDelayUntil
                0x00017a24       0x74 ./L1_FreeRTOS/src/tasks.o
                0x00017a24                vTaskDelayUntil
 .text.vTaskDelay
                0x00017a98       0x54 ./L1_FreeRTOS/src/tasks.o
                0x00017a98                vTaskDelay
 .text.vTaskSwitchContext
                0x00017aec       0xcc ./L1_FreeRTOS/src/tasks.o
                0x00017aec                vTaskSwitchContext
 .text.vTaskSuspend
                0x00017bb8       0xa4 ./L1_FreeRTOS/src/tasks.o
                0x00017bb8                vTaskSuspend
 .text.vTaskPlaceOnEventList
                0x00017c5c       0x5c ./L1_FreeRTOS/src/tasks.o
                0x00017c5c                vTaskPlaceOnEventList
 .text.xTaskRemoveFromEventList
                0x00017cb8       0x6c ./L1_FreeRTOS/src/tasks.o
                0x00017cb8                xTaskRemoveFromEventList
 .text.vTaskSetTimeOutState
                0x00017d24       0x18 ./L1_FreeRTOS/src/tasks.o
                0x00017d24                vTaskSetTimeOutState
 .text.xTaskCheckForTimeOut
                0x00017d3c       0x4c ./L1_FreeRTOS/src/tasks.o
                0x00017d3c                xTaskCheckForTimeOut
 .text.vTaskMissedYield
                0x00017d88        0xc ./L1_FreeRTOS/src/tasks.o
                0x00017d88                vTaskMissedYield
 .text.uxTaskGetStackHighWaterMark
                0x00017d94       0x20 ./L1_FreeRTOS/src/tasks.o
                0x00017d94                uxTaskGetStackHighWaterMark
 .text.xTaskGetSchedulerState
                0x00017db4       0x20 ./L1_FreeRTOS/src/tasks.o
                0x00017db4                xTaskGetSchedulerState
 .text.vTaskPriorityInherit
                0x00017dd4       0x94 ./L1_FreeRTOS/src/tasks.o
                0x00017dd4                vTaskPriorityInherit
 .text.xTaskPriorityDisinherit
                0x00017e68       0x70 ./L1_FreeRTOS/src/tasks.o
                0x00017e68                xTaskPriorityDisinherit
 .text.pvTaskIncrementMutexHeldCount
                0x00017ed8       0x18 ./L1_FreeRTOS/src/tasks.o
                0x00017ed8                pvTaskIncrementMutexHeldCount
 .text.vTaskResetRunTimeStats
                0x00017ef0       0x70 ./L1_FreeRTOS/src/tasks.o
                0x00017ef0                vTaskResetRunTimeStats
 .text.vRunTimeStatIsrEntry
                0x00017f60       0x28 ./L1_FreeRTOS/src/tasks.o
                0x00017f60                vRunTimeStatIsrEntry
 .text.vRunTimeStatIsrExit
                0x00017f88       0x10 ./L1_FreeRTOS/src/tasks.o
                0x00017f88                vRunTimeStatIsrExit
 .text.prvPortStartFirstTask
                0x00017f98       0x20 ./L1_FreeRTOS/portable/no_mpu/port.o
 .text.pxPortInitialiseStack
                0x00017fb8       0x1c ./L1_FreeRTOS/portable/no_mpu/port.o
                0x00017fb8                pxPortInitialiseStack
 .text.vPortSVCHandler
                0x00017fd4       0x24 ./L1_FreeRTOS/portable/no_mpu/port.o
                0x00017fd4                vPortSVCHandler
 .text.vPortEndScheduler
                0x00017ff8        0x2 ./L1_FreeRTOS/portable/no_mpu/port.o
                0x00017ff8                vPortEndScheduler
 *fill*         0x00017ffa        0x2 
 .text.vPortYield
                0x00017ffc       0x18 ./L1_FreeRTOS/portable/no_mpu/port.o
                0x00017ffc                vPortYield
 .text.ulPortSetInterruptMask
                0x00018014       0x10 ./L1_FreeRTOS/portable/no_mpu/port.o
                0x00018014                ulPortSetInterruptMask
 .text.prvTaskExitError
                0x00018024        0x8 ./L1_FreeRTOS/portable/no_mpu/port.o
 .text.vPortEnterCritical
                0x0001802c       0x1c ./L1_FreeRTOS/portable/no_mpu/port.o
                0x0001802c                vPortEnterCritical
 .text.vPortClearInterruptMask
                0x00018048        0x6 ./L1_FreeRTOS/portable/no_mpu/port.o
                0x00018048                vPortClearInterruptMask
 *fill*         0x0001804e        0x2 
 .text.vPortExitCritical
                0x00018050       0x14 ./L1_FreeRTOS/portable/no_mpu/port.o
                0x00018050                vPortExitCritical
 .text.xPortPendSVHandler
                0x00018064       0x44 ./L1_FreeRTOS/portable/no_mpu/port.o
                0x00018064                xPortPendSVHandler
 .text.xPortSysTickHandler
                0x000180a8       0x24 ./L1_FreeRTOS/portable/no_mpu/port.o
                0x000180a8                xPortSysTickHandler
 .text.vPortSetupTimerInterrupt
                0x000180cc       0x14 ./L1_FreeRTOS/portable/no_mpu/port.o
                0x000180cc                vPortSetupTimerInterrupt
 .text.xPortStartScheduler
                0x000180e0       0x30 ./L1_FreeRTOS/portable/no_mpu/port.o
                0x000180e0                xPortStartScheduler
 .text.vConfigureTimerForRunTimeStats
                0x00018110       0x14 ./L1_FreeRTOS/portable/run_time_stats.o
                0x00018110                vConfigureTimerForRunTimeStats
 .text.uxGetTimerForRunTimeStats
                0x00018124       0x14 ./L1_FreeRTOS/portable/run_time_stats.o
                0x00018124                uxGetTimerForRunTimeStats
 .text.resetRunTimeCounter
                0x00018138       0x14 ./L1_FreeRTOS/portable/run_time_stats.o
                0x00018138                resetRunTimeCounter
 .text.vApplicationIdleHook
                0x0001814c        0x4 ./L1_FreeRTOS/hooks/hooks.o
                0x0001814c                vApplicationIdleHook
 .text.vApplicationStackOverflowHook
                0x00018150       0x38 ./L1_FreeRTOS/hooks/hooks.o
                0x00018150                vApplicationStackOverflowHook
 .text.vApplicationMallocFailedHook
                0x00018188       0x24 ./L1_FreeRTOS/hooks/hooks.o
                0x00018188                vApplicationMallocFailedHook
 .text.__set_PSP
                0x000181ac        0x6 ./L0_LowLevel/source/core_cm3.o
                0x000181ac                __set_PSP
 .text.__set_MSP
                0x000181b2        0x6 ./L0_LowLevel/source/core_cm3.o
                0x000181b2                __set_MSP
 .text.__set_BASEPRI
                0x000181b8        0x6 ./L0_LowLevel/source/core_cm3.o
                0x000181b8                __set_BASEPRI
 *fill*         0x000181be        0x2 
 .text.sys_get_boot_type
                0x000181c0        0xc ./L0_LowLevel/source/low_level_init.o
                0x000181c0                sys_get_boot_type
 .text._Z14low_level_initv
                0x000181cc      0x238 ./L0_LowLevel/source/low_level_init.o
                0x000181cc                low_level_init()
 .text.lpc_pconp
                0x00018404       0x30 ./L0_LowLevel/source/lpc_peripherals.o
                0x00018404                lpc_pconp
 .text.lpc_pclk
                0x00018434       0x4c ./L0_LowLevel/source/lpc_peripherals.o
                0x00018434                lpc_pclk
 .text.lpc_sys_setup_system_timer
                0x00018480       0x54 ./L0_LowLevel/source/lpc_sys.o
                0x00018480                lpc_sys_setup_system_timer
 .text.sys_get_uptime_us
                0x000184d4       0x28 ./L0_LowLevel/source/lpc_sys.o
                0x000184d4                sys_get_uptime_us
 .text.sys_get_mem_info_str
                0x000184fc       0x38 ./L0_LowLevel/source/lpc_sys.o
                0x000184fc                sys_get_mem_info_str
 .text.TIMER1_IRQHandler
                0x00018534       0xbc ./L0_LowLevel/source/lpc_sys.o
                0x00018534                TIMER1_IRQHandler
 .text.isr_forwarder_routine
                0x000185f0       0x3c ./L0_LowLevel/source/startup.o
 .text.isr_hard_fault_handler
                0x0001862c       0x58 ./L0_LowLevel/source/startup.o
                0x0001862c                isr_hard_fault_handler
 .text._ZL19sys_clock_pll0_feedv
                0x00018684       0x14 ./L0_LowLevel/source/sys_clock.o
 .text._ZL23sys_clock_configure_plljjPiS_S_.constprop.0
                0x00018698       0x7c ./L0_LowLevel/source/sys_clock.o
 .text._Z19sys_clock_configurev
                0x00018714       0xb0 ./L0_LowLevel/source/sys_clock.o
                0x00018714                sys_clock_configure()
 .text.sys_get_cpu_clock
                0x000187c4       0xa4 ./L0_LowLevel/source/sys_clock.o
                0x000187c4                sys_get_cpu_clock
 .text.uart0_init
                0x00018868       0x60 ./L0_LowLevel/source/uart0_min.o
                0x00018868                uart0_init
 .text.uart0_getchar
                0x000188c8       0x18 ./L0_LowLevel/source/uart0_min.o
                0x000188c8                uart0_getchar
 .text.uart0_putchar
                0x000188e0       0x18 ./L0_LowLevel/source/uart0_min.o
                0x000188e0                uart0_putchar
 .text.uart0_puts
                0x000188f8       0x1a ./L0_LowLevel/source/uart0_min.o
                0x000188f8                uart0_puts
 .text._ZNK10__cxxabiv117__class_type_info11__do_upcastEPKS0_PPv
                0x00018912       0x34 c:/cmpe244/toolchain/bin/../lib/gcc/arm-none-eabi/4.9.3/../../../../arm-none-eabi/lib/armv7-m\libstdc++_nano.a(class_type_info.o)
                0x00018912                __cxxabiv1::__class_type_info::__do_upcast(__cxxabiv1::__class_type_info const*, void**) const
 .text._ZNK10__cxxabiv117__class_type_info20__do_find_public_srcEiPKvPKS0_S2_
                0x00018946        0xc c:/cmpe244/toolchain/bin/../lib/gcc/arm-none-eabi/4.9.3/../../../../arm-none-eabi/lib/armv7-m\libstdc++_nano.a(class_type_info.o)
                0x00018946                __cxxabiv1::__class_type_info::__do_find_public_src(int, void const*, __cxxabiv1::__class_type_info const*, void const*) const
 *fill*         0x00018952        0x2 
 .text._ZN10__cxxabiv117__class_type_infoD2Ev
                0x00018954       0x14 c:/cmpe244/toolchain/bin/../lib/gcc/arm-none-eabi/4.9.3/../../../../arm-none-eabi/lib/armv7-m\libstdc++_nano.a(class_type_info.o)
                0x00018954                __cxxabiv1::__class_type_info::~__class_type_info()
                0x00018954                __cxxabiv1::__class_type_info::~__class_type_info()
 .text._ZN10__cxxabiv117__class_type_infoD0Ev
                0x00018968       0x12 c:/cmpe244/toolchain/bin/../lib/gcc/arm-none-eabi/4.9.3/../../../../arm-none-eabi/lib/armv7-m\libstdc++_nano.a(class_type_info.o)
                0x00018968                __cxxabiv1::__class_type_info::~__class_type_info()
 .text._ZNK10__cxxabiv117__class_type_info11__do_upcastEPKS0_PKvRNS0_15__upcast_resultE
                0x0001897a       0x18 c:/cmpe244/toolchain/bin/../lib/gcc/arm-none-eabi/4.9.3/../../../../arm-none-eabi/lib/armv7-m\libstdc++_nano.a(class_type_info.o)
                0x0001897a                __cxxabiv1::__class_type_info::__do_upcast(__cxxabiv1::__class_type_info const*, void const*, __cxxabiv1::__class_type_info::__upcast_result&) const
 .text._ZNK10__cxxabiv117__class_type_info10__do_catchEPKSt9type_infoPPvj
                0x00018992       0x2a c:/cmpe244/toolchain/bin/../lib/gcc/arm-none-eabi/4.9.3/../../../../arm-none-eabi/lib/armv7-m\libstdc++_nano.a(class_type_info.o)
                0x00018992                __cxxabiv1::__class_type_info::__do_catch(std::type_info const*, void**, unsigned int) const
 .text._ZNK10__cxxabiv117__class_type_info12__do_dyncastEiNS0_10__sub_kindEPKS0_PKvS3_S5_RNS0_16__dyncast_resultE
                0x000189bc       0x38 c:/cmpe244/toolchain/bin/../lib/gcc/arm-none-eabi/4.9.3/../../../../arm-none-eabi/lib/armv7-m\libstdc++_nano.a(class_type_info.o)
                0x000189bc                __cxxabiv1::__class_type_info::__do_dyncast(int, __cxxabiv1::__class_type_info::__sub_kind, __cxxabiv1::__class_type_info const*, void const*, __cxxabiv1::__class_type_info const*, void const*, __cxxabiv1::__class_type_info::__dyncast_result&) const
 .text.__cxa_guard_acquire
                0x000189f4       0x18 c:/cmpe244/toolchain/bin/../lib/gcc/arm-none-eabi/4.9.3/../../../../arm-none-eabi/lib/armv7-m\libstdc++_nano.a(guard.o)
                0x000189f4                __cxa_guard_acquire
 .text.__cxa_guard_release
                0x00018a0c        0x6 c:/cmpe244/toolchain/bin/../lib/gcc/arm-none-eabi/4.9.3/../../../../arm-none-eabi/lib/armv7-m\libstdc++_nano.a(guard.o)
                0x00018a0c                __cxa_guard_release
 *fill*         0x00018a12        0x2 
 .text._ZN10__cxxabiv121__vmi_class_type_infoD2Ev
                0x00018a14       0x14 c:/cmpe244/toolchain/bin/../lib/gcc/arm-none-eabi/4.9.3/../../../../arm-none-eabi/lib/armv7-m\libstdc++_nano.a(vmi_class_type_info.o)
                0x00018a14                __cxxabiv1::__vmi_class_type_info::~__vmi_class_type_info()
                0x00018a14                __cxxabiv1::__vmi_class_type_info::~__vmi_class_type_info()
 .text._ZN10__cxxabiv121__vmi_class_type_infoD0Ev
                0x00018a28       0x12 c:/cmpe244/toolchain/bin/../lib/gcc/arm-none-eabi/4.9.3/../../../../arm-none-eabi/lib/armv7-m\libstdc++_nano.a(vmi_class_type_info.o)
                0x00018a28                __cxxabiv1::__vmi_class_type_info::~__vmi_class_type_info()
 .text._ZNK10__cxxabiv121__vmi_class_type_info20__do_find_public_srcEiPKvPKNS_17__class_type_infoES2_
                0x00018a3a       0x76 c:/cmpe244/toolchain/bin/../lib/gcc/arm-none-eabi/4.9.3/../../../../arm-none-eabi/lib/armv7-m\libstdc++_nano.a(vmi_class_type_info.o)
                0x00018a3a                __cxxabiv1::__vmi_class_type_info::__do_find_public_src(int, void const*, __cxxabiv1::__class_type_info const*, void const*) const
 .text._ZNK10__cxxabiv117__class_type_info17__find_public_srcEiPKvPKS0_S2_
                0x00018ab0       0x2a c:/cmpe244/toolchain/bin/../lib/gcc/arm-none-eabi/4.9.3/../../../../arm-none-eabi/lib/armv7-m\libstdc++_nano.a(vmi_class_type_info.o)
                0x00018ab0                __cxxabiv1::__class_type_info::__find_public_src(int, void const*, __cxxabiv1::__class_type_info const*, void const*) const
 .text._ZNK10__cxxabiv121__vmi_class_type_info12__do_dyncastEiNS_17__class_type_info10__sub_kindEPKS1_PKvS4_S6_RNS1_16__dyncast_resultE
                0x00018ada      0x284 c:/cmpe244/toolchain/bin/../lib/gcc/arm-none-eabi/4.9.3/../../../../arm-none-eabi/lib/armv7-m\libstdc++_nano.a(vmi_class_type_info.o)
                0x00018ada                __cxxabiv1::__vmi_class_type_info::__do_dyncast(int, __cxxabiv1::__class_type_info::__sub_kind, __cxxabiv1::__class_type_info const*, void const*, __cxxabiv1::__class_type_info const*, void const*, __cxxabiv1::__class_type_info::__dyncast_result&) const
 .text._ZNK10__cxxabiv121__vmi_class_type_info11__do_upcastEPKNS_17__class_type_infoEPKvRNS1_15__upcast_resultE
                0x00018d5e      0x12e c:/cmpe244/toolchain/bin/../lib/gcc/arm-none-eabi/4.9.3/../../../../arm-none-eabi/lib/armv7-m\libstdc++_nano.a(vmi_class_type_info.o)
                0x00018d5e                __cxxabiv1::__vmi_class_type_info::__do_upcast(__cxxabiv1::__class_type_info const*, void const*, __cxxabiv1::__class_type_info::__upcast_result&) const
 .text._ZN10__cxxabiv120__si_class_type_infoD2Ev
                0x00018e8c       0x14 c:/cmpe244/toolchain/bin/../lib/gcc/arm-none-eabi/4.9.3/../../../../arm-none-eabi/lib/armv7-m\libstdc++_nano.a(si_class_type_info.o)
                0x00018e8c                __cxxabiv1::__si_class_type_info::~__si_class_type_info()
                0x00018e8c                __cxxabiv1::__si_class_type_info::~__si_class_type_info()
 .text._ZN10__cxxabiv120__si_class_type_infoD0Ev
                0x00018ea0       0x12 c:/cmpe244/toolchain/bin/../lib/gcc/arm-none-eabi/4.9.3/../../../../arm-none-eabi/lib/armv7-m\libstdc++_nano.a(si_class_type_info.o)
                0x00018ea0                __cxxabiv1::__si_class_type_info::~__si_class_type_info()
 .text._ZNK10__cxxabiv120__si_class_type_info20__do_find_public_srcEiPKvPKNS_17__class_type_infoES2_
                0x00018eb2       0x38 c:/cmpe244/toolchain/bin/../lib/gcc/arm-none-eabi/4.9.3/../../../../arm-none-eabi/lib/armv7-m\libstdc++_nano.a(si_class_type_info.o)
                0x00018eb2                __cxxabiv1::__si_class_type_info::__do_find_public_src(int, void const*, __cxxabiv1::__class_type_info const*, void const*) const
 .text._ZNK10__cxxabiv120__si_class_type_info12__do_dyncastEiNS_17__class_type_info10__sub_kindEPKS1_PKvS4_S6_RNS1_16__dyncast_resultE
                0x00018eea       0x7c c:/cmpe244/toolchain/bin/../lib/gcc/arm-none-eabi/4.9.3/../../../../arm-none-eabi/lib/armv7-m\libstdc++_nano.a(si_class_type_info.o)
                0x00018eea                __cxxabiv1::__si_class_type_info::__do_dyncast(int, __cxxabiv1::__class_type_info::__sub_kind, __cxxabiv1::__class_type_info const*, void const*, __cxxabiv1::__class_type_info const*, void const*, __cxxabiv1::__class_type_info::__dyncast_result&) const
 .text._ZNK10__cxxabiv120__si_class_type_info11__do_upcastEPKNS_17__class_type_infoEPKvRNS1_15__upcast_resultE
                0x00018f66       0x2a c:/cmpe244/toolchain/bin/../lib/gcc/arm-none-eabi/4.9.3/../../../../arm-none-eabi/lib/armv7-m\libstdc++_nano.a(si_class_type_info.o)
                0x00018f66                __cxxabiv1::__si_class_type_info::__do_upcast(__cxxabiv1::__class_type_info const*, void const*, __cxxabiv1::__class_type_info::__upcast_result&) const
 .text.__cxa_pure_virtual
                0x00018f90       0x14 c:/cmpe244/toolchain/bin/../lib/gcc/arm-none-eabi/4.9.3/../../../../arm-none-eabi/lib/armv7-m\libstdc++_nano.a(pure.o)
                0x00018f90                __cxa_pure_virtual
 .text._ZN10__cxxabiv111__terminateEPFvvE
                0x00018fa4        0x8 c:/cmpe244/toolchain/bin/../lib/gcc/arm-none-eabi/4.9.3/../../../../arm-none-eabi/lib/armv7-m\libstdc++_nano.a(eh_terminate.o)
                0x00018fa4                __cxxabiv1::__terminate(void (*)())
 .text._ZSt13get_terminatev
                0x00018fac       0x10 c:/cmpe244/toolchain/bin/../lib/gcc/arm-none-eabi/4.9.3/../../../../arm-none-eabi/lib/armv7-m\libstdc++_nano.a(eh_terminate.o)
                0x00018fac                std::get_terminate()
 .text._ZSt9terminatev
                0x00018fbc        0xa c:/cmpe244/toolchain/bin/../lib/gcc/arm-none-eabi/4.9.3/../../../../arm-none-eabi/lib/armv7-m\libstdc++_nano.a(eh_terminate.o)
                0x00018fbc                std::terminate()
 .text._ZNSt9type_infoD2Ev
                0x00018fc6        0x2 c:/cmpe244/toolchain/bin/../lib/gcc/arm-none-eabi/4.9.3/../../../../arm-none-eabi/lib/armv7-m\libstdc++_nano.a(tinfo.o)
                0x00018fc6                std::type_info::~type_info()
                0x00018fc6                std::type_info::~type_info()
 .text._ZNKSt9type_info14__is_pointer_pEv
                0x00018fc8        0x4 c:/cmpe244/toolchain/bin/../lib/gcc/arm-none-eabi/4.9.3/../../../../arm-none-eabi/lib/armv7-m\libstdc++_nano.a(tinfo.o)
                0x00018fc8                std::type_info::__is_pointer_p() const
 .text._ZNKSt9type_info15__is_function_pEv
                0x00018fcc        0x4 c:/cmpe244/toolchain/bin/../lib/gcc/arm-none-eabi/4.9.3/../../../../arm-none-eabi/lib/armv7-m\libstdc++_nano.a(tinfo.o)
                0x00018fcc                std::type_info::__is_function_p() const
 .text._ZNKSt9type_infoeqERKS_
                0x00018fd0       0x2c c:/cmpe244/toolchain/bin/../lib/gcc/arm-none-eabi/4.9.3/../../../../arm-none-eabi/lib/armv7-m\libstdc++_nano.a(tinfo.o)
                0x00018fd0                std::type_info::operator==(std::type_info const&) const
 .text          0x00018ffc       0x18 c:/cmpe244/toolchain/bin/../lib/gcc/arm-none-eabi/4.9.3/armv7-m\libgcc.a(_ashldi3.o)
                0x00018ffc                __aeabi_llsl
                0x00018ffc                __ashldi3
 .text          0x00019014      0x370 c:/cmpe244/toolchain/bin/../lib/gcc/arm-none-eabi/4.9.3/armv7-m\libgcc.a(_arm_addsubdf3.o)
                0x00019014                __aeabi_drsub
                0x0001901c                __aeabi_dsub
                0x0001901c                __subdf3
                0x00019020                __aeabi_dadd
                0x00019020                __adddf3
                0x00019298                __floatunsidf
                0x00019298                __aeabi_ui2d
                0x000192b8                __floatsidf
                0x000192b8                __aeabi_i2d
                0x000192dc                __aeabi_f2d
                0x000192dc                __extendsfdf2
                0x00019318                __floatundidf
                0x00019318                __aeabi_ul2d
                0x00019328                __floatdidf
                0x00019328                __aeabi_l2d
 .text          0x00019384      0x424 c:/cmpe244/toolchain/bin/../lib/gcc/arm-none-eabi/4.9.3/armv7-m\libgcc.a(_arm_muldivdf3.o)
                0x00019384                __aeabi_dmul
                0x00019384                __muldf3
                0x000195d8                __divdf3
                0x000195d8                __aeabi_ddiv
 .text          0x000197a8       0x40 c:/cmpe244/toolchain/bin/../lib/gcc/arm-none-eabi/4.9.3/armv7-m\libgcc.a(_arm_fixunsdfsi.o)
                0x000197a8                __aeabi_d2uiz
                0x000197a8                __fixunsdfsi
 .text          0x000197e8       0xa0 c:/cmpe244/toolchain/bin/../lib/gcc/arm-none-eabi/4.9.3/armv7-m\libgcc.a(_arm_truncdfsf2.o)
                0x000197e8                __truncdfsf2
                0x000197e8                __aeabi_d2f
 .text          0x00019888      0x21c c:/cmpe244/toolchain/bin/../lib/gcc/arm-none-eabi/4.9.3/armv7-m\libgcc.a(_arm_addsubsf3.o)
                0x00019888                __aeabi_frsub
                0x00019890                __subsf3
                0x00019890                __aeabi_fsub
                0x00019894                __aeabi_fadd
                0x00019894                __addsf3
                0x000199f4                __aeabi_ui2f
                0x000199f4                __floatunsisf
                0x000199fc                __aeabi_i2f
                0x000199fc                __floatsisf
                0x00019a18                __aeabi_ul2f
                0x00019a18                __floatundisf
                0x00019a28                __aeabi_l2f
                0x00019a28                __floatdisf
 .text          0x00019aa4      0x2a0 c:/cmpe244/toolchain/bin/../lib/gcc/arm-none-eabi/4.9.3/armv7-m\libgcc.a(_arm_muldivsf3.o)
                0x00019aa4                __mulsf3
                0x00019aa4                __aeabi_fmul
                0x00019c0c                __aeabi_fdiv
                0x00019c0c                __divsf3
 .text          0x00019d44       0xec c:/cmpe244/toolchain/bin/../lib/gcc/arm-none-eabi/4.9.3/armv7-m\libgcc.a(_arm_cmpsf2.o)
                0x00019d44                __gesf2
                0x00019d44                __gtsf2
                0x00019d4c                __lesf2
                0x00019d4c                __ltsf2
                0x00019d54                __nesf2
                0x00019d54                __eqsf2
                0x00019d54                __cmpsf2
                0x00019db4                __aeabi_cfrcmple
                0x00019dbc                __aeabi_cfcmpeq
                0x00019dbc                __aeabi_cfcmple
                0x00019dcc                __aeabi_fcmpeq
                0x00019de0                __aeabi_fcmplt
                0x00019df4                __aeabi_fcmple
                0x00019e08                __aeabi_fcmpge
                0x00019e1c                __aeabi_fcmpgt
 .text          0x00019e30       0x40 c:/cmpe244/toolchain/bin/../lib/gcc/arm-none-eabi/4.9.3/armv7-m\libgcc.a(_arm_fixunssfsi.o)
                0x00019e30                __fixunssfsi
                0x00019e30                __aeabi_f2uiz
 .text          0x00019e70       0x2c c:/cmpe244/toolchain/bin/../lib/gcc/arm-none-eabi/4.9.3/armv7-m\libgcc.a(_aeabi_uldivmod.o)
                0x00019e70                __aeabi_uldivmod
 .text          0x00019e9c       0x48 c:/cmpe244/toolchain/bin/../lib/gcc/arm-none-eabi/4.9.3/armv7-m\libgcc.a(_fixunsdfdi.o)
                0x00019e9c                __fixunsdfdi
                0x00019e9c                __aeabi_d2ulz
 .text          0x00019ee4       0x60 c:/cmpe244/toolchain/bin/../lib/gcc/arm-none-eabi/4.9.3/armv7-m\libgcc.a(bpabi.o)
                0x00019ee4                __gnu_ldivmod_helper
                0x00019f14                __gnu_uldivmod_helper
 .text          0x00019f44        0x4 c:/cmpe244/toolchain/bin/../lib/gcc/arm-none-eabi/4.9.3/armv7-m\libgcc.a(_dvmd_tls.o)
                0x00019f44                __aeabi_idiv0
                0x00019f44                __aeabi_ldiv0
 .text          0x00019f48      0x2ac c:/cmpe244/toolchain/bin/../lib/gcc/arm-none-eabi/4.9.3/armv7-m\libgcc.a(_divdi3.o)
                0x00019f48                __divdi3
 .text          0x0001a1f4      0x270 c:/cmpe244/toolchain/bin/../lib/gcc/arm-none-eabi/4.9.3/armv7-m\libgcc.a(_udivdi3.o)
                0x0001a1f4                __udivdi3
 .text.abort    0x0001a464        0xe c:/cmpe244/toolchain/bin/../lib/gcc/arm-none-eabi/4.9.3/../../../../arm-none-eabi/lib/armv7-m\libc_nano.a(lib_a-abort.o)
                0x0001a464                abort
 .text.atoi     0x0001a472        0x8 c:/cmpe244/toolchain/bin/../lib/gcc/arm-none-eabi/4.9.3/../../../../arm-none-eabi/lib/armv7-m\libc_nano.a(lib_a-atoi.o)
                0x0001a472                atoi
 *fill*         0x0001a47a        0x2 
 .text._cleanup_r
                0x0001a47c        0xc c:/cmpe244/toolchain/bin/../lib/gcc/arm-none-eabi/4.9.3/../../../../arm-none-eabi/lib/armv7-m\libc_nano.a(lib_a-findfp.o)
                0x0001a47c                _cleanup_r
 .text.std.isra.0
                0x0001a488       0x48 c:/cmpe244/toolchain/bin/../lib/gcc/arm-none-eabi/4.9.3/../../../../arm-none-eabi/lib/armv7-m\libc_nano.a(lib_a-findfp.o)
 .text.__sfmoreglue
                0x0001a4d0       0x2c c:/cmpe244/toolchain/bin/../lib/gcc/arm-none-eabi/4.9.3/../../../../arm-none-eabi/lib/armv7-m\libc_nano.a(lib_a-findfp.o)
                0x0001a4d0                __sfmoreglue
 .text.__sinit  0x0001a4fc       0x60 c:/cmpe244/toolchain/bin/../lib/gcc/arm-none-eabi/4.9.3/../../../../arm-none-eabi/lib/armv7-m\libc_nano.a(lib_a-findfp.o)
                0x0001a4fc                __sinit
 .text.__sfp    0x0001a55c       0x74 c:/cmpe244/toolchain/bin/../lib/gcc/arm-none-eabi/4.9.3/../../../../arm-none-eabi/lib/armv7-m\libc_nano.a(lib_a-findfp.o)
                0x0001a55c                __sfp
 .text._fwalk   0x0001a5d0       0x38 c:/cmpe244/toolchain/bin/../lib/gcc/arm-none-eabi/4.9.3/../../../../arm-none-eabi/lib/armv7-m\libc_nano.a(lib_a-fwalk.o)
                0x0001a5d0                _fwalk
 .text._fwalk_reent
                0x0001a608       0x3c c:/cmpe244/toolchain/bin/../lib/gcc/arm-none-eabi/4.9.3/../../../../arm-none-eabi/lib/armv7-m\libc_nano.a(lib_a-fwalk.o)
                0x0001a608                _fwalk_reent
 .text.__libc_init_array
                0x0001a644       0x4c c:/cmpe244/toolchain/bin/../lib/gcc/arm-none-eabi/4.9.3/../../../../arm-none-eabi/lib/armv7-m\libc_nano.a(lib_a-init.o)
                0x0001a644                __libc_init_array
 .text.malloc   0x0001a690       0x10 c:/cmpe244/toolchain/bin/../lib/gcc/arm-none-eabi/4.9.3/../../../../arm-none-eabi/lib/armv7-m\libc_nano.a(lib_a-malloc.o)
                0x0001a690                malloc
 .text.free     0x0001a6a0       0x10 c:/cmpe244/toolchain/bin/../lib/gcc/arm-none-eabi/4.9.3/../../../../arm-none-eabi/lib/armv7-m\libc_nano.a(lib_a-malloc.o)
                0x0001a6a0                free
 .text.memchr   0x0001a6b0       0x1c c:/cmpe244/toolchain/bin/../lib/gcc/arm-none-eabi/4.9.3/../../../../arm-none-eabi/lib/armv7-m\libc_nano.a(lib_a-memchr.o)
                0x0001a6b0                memchr
 .text.memcmp   0x0001a6cc       0x20 c:/cmpe244/toolchain/bin/../lib/gcc/arm-none-eabi/4.9.3/../../../../arm-none-eabi/lib/armv7-m\libc_nano.a(lib_a-memcmp.o)
                0x0001a6cc                memcmp
 .text.memcpy   0x0001a6ec       0x16 c:/cmpe244/toolchain/bin/../lib/gcc/arm-none-eabi/4.9.3/../../../../arm-none-eabi/lib/armv7-m\libc_nano.a(lib_a-memcpy.o)
                0x0001a6ec                memcpy
 .text.memmove  0x0001a702       0x36 c:/cmpe244/toolchain/bin/../lib/gcc/arm-none-eabi/4.9.3/../../../../arm-none-eabi/lib/armv7-m\libc_nano.a(lib_a-memmove.o)
                0x0001a702                memmove
 .text.memset   0x0001a738       0x10 c:/cmpe244/toolchain/bin/../lib/gcc/arm-none-eabi/4.9.3/../../../../arm-none-eabi/lib/armv7-m\libc_nano.a(lib_a-memset.o)
                0x0001a738                memset
 .text.validate_structure
                0x0001a748      0x1ac c:/cmpe244/toolchain/bin/../lib/gcc/arm-none-eabi/4.9.3/../../../../arm-none-eabi/lib/armv7-m\libc_nano.a(lib_a-mktime.o)
 .text.mktime   0x0001a8f4      0x2f4 c:/cmpe244/toolchain/bin/../lib/gcc/arm-none-eabi/4.9.3/../../../../arm-none-eabi/lib/armv7-m\libc_nano.a(lib_a-mktime.o)
                0x0001a8f4                mktime
 .text.mallinfo
                0x0001abe8       0x14 c:/cmpe244/toolchain/bin/../lib/gcc/arm-none-eabi/4.9.3/../../../../arm-none-eabi/lib/armv7-m\libc_nano.a(lib_a-mstats.o)
                0x0001abe8                mallinfo
 .text._free_r  0x0001abfc       0x88 c:/cmpe244/toolchain/bin/../lib/gcc/arm-none-eabi/4.9.3/../../../../arm-none-eabi/lib/armv7-m\libc_nano.a(lib_a-nano-freer.o)
                0x0001abfc                _free_r
 .text._mallinfo_r
                0x0001ac84       0x5c c:/cmpe244/toolchain/bin/../lib/gcc/arm-none-eabi/4.9.3/../../../../arm-none-eabi/lib/armv7-m\libc_nano.a(lib_a-nano-mallinfor.o)
                0x0001ac84                _mallinfo_r
 .text._malloc_r
                0x0001ace0       0xac c:/cmpe244/toolchain/bin/../lib/gcc/arm-none-eabi/4.9.3/../../../../arm-none-eabi/lib/armv7-m\libc_nano.a(lib_a-nano-mallocr.o)
                0x0001ace0                _malloc_r
 .text.__cvt    0x0001ad8c       0xbc c:/cmpe244/toolchain/bin/../lib/gcc/arm-none-eabi/4.9.3/../../../../arm-none-eabi/lib/armv7-m\libc_nano.a(lib_a-nano-vfprintf_float.o)
                0x0001ad8c                __cvt
 .text.__exponent
                0x0001ae48       0x62 c:/cmpe244/toolchain/bin/../lib/gcc/arm-none-eabi/4.9.3/../../../../arm-none-eabi/lib/armv7-m\libc_nano.a(lib_a-nano-vfprintf_float.o)
                0x0001ae48                __exponent
 *fill*         0x0001aeaa        0x2 
 .text._printf_float
                0x0001aeac      0x488 c:/cmpe244/toolchain/bin/../lib/gcc/arm-none-eabi/4.9.3/../../../../arm-none-eabi/lib/armv7-m\libc_nano.a(lib_a-nano-vfprintf_float.o)
                0x0001aeac                _printf_float
 .text._printf_common
                0x0001b334       0xea c:/cmpe244/toolchain/bin/../lib/gcc/arm-none-eabi/4.9.3/../../../../arm-none-eabi/lib/armv7-m\libc_nano.a(lib_a-nano-vfprintf_i.o)
                0x0001b334                _printf_common
 *fill*         0x0001b41e        0x2 
 .text._printf_i
                0x0001b420      0x234 c:/cmpe244/toolchain/bin/../lib/gcc/arm-none-eabi/4.9.3/../../../../arm-none-eabi/lib/armv7-m\libc_nano.a(lib_a-nano-vfprintf_i.o)
                0x0001b420                _printf_i
 .text._scanf_float
                0x0001b654      0x3cc c:/cmpe244/toolchain/bin/../lib/gcc/arm-none-eabi/4.9.3/../../../../arm-none-eabi/lib/armv7-m\libc_nano.a(lib_a-nano-vfscanf_float.o)
                0x0001b654                _scanf_float
 .text.printf   0x0001ba20       0x30 c:/cmpe244/toolchain/bin/../lib/gcc/arm-none-eabi/4.9.3/../../../../arm-none-eabi/lib/armv7-m\libc_nano.a(lib_a-printf.o)
                0x0001ba20                iprintf
                0x0001ba20                printf
 .text._puts_r  0x0001ba50       0xbc c:/cmpe244/toolchain/bin/../lib/gcc/arm-none-eabi/4.9.3/../../../../arm-none-eabi/lib/armv7-m\libc_nano.a(lib_a-puts.o)
                0x0001ba50                _puts_r
 .text.puts     0x0001bb0c       0x10 c:/cmpe244/toolchain/bin/../lib/gcc/arm-none-eabi/4.9.3/../../../../arm-none-eabi/lib/armv7-m\libc_nano.a(lib_a-puts.o)
                0x0001bb0c                puts
 .text.srand    0x0001bb1c       0x50 c:/cmpe244/toolchain/bin/../lib/gcc/arm-none-eabi/4.9.3/../../../../arm-none-eabi/lib/armv7-m\libc_nano.a(lib_a-rand.o)
                0x0001bb1c                srand
 .text.rand     0x0001bb6c       0x74 c:/cmpe244/toolchain/bin/../lib/gcc/arm-none-eabi/4.9.3/../../../../arm-none-eabi/lib/armv7-m\libc_nano.a(lib_a-rand.o)
                0x0001bb6c                rand
 .text.lflush   0x0001bbe0       0x12 c:/cmpe244/toolchain/bin/../lib/gcc/arm-none-eabi/4.9.3/../../../../arm-none-eabi/lib/armv7-m\libc_nano.a(lib_a-refill.o)
 *fill*         0x0001bbf2        0x2 
 .text.__srefill_r
                0x0001bbf4      0x10c c:/cmpe244/toolchain/bin/../lib/gcc/arm-none-eabi/4.9.3/../../../../arm-none-eabi/lib/armv7-m\libc_nano.a(lib_a-refill.o)
                0x0001bbf4                __srefill_r
 .text.__fpclassifyd
                0x0001bd00       0x50 c:/cmpe244/toolchain/bin/../lib/gcc/arm-none-eabi/4.9.3/../../../../arm-none-eabi/lib/armv7-m\libc_nano.a(lib_a-s_fpclassify.o)
                0x0001bd00                __fpclassifyd
 .text._sbrk_r  0x0001bd50       0x20 c:/cmpe244/toolchain/bin/../lib/gcc/arm-none-eabi/4.9.3/../../../../arm-none-eabi/lib/armv7-m\libc_nano.a(lib_a-sbrkr.o)
                0x0001bd50                _sbrk_r
 .text.scanf    0x0001bd70       0x30 c:/cmpe244/toolchain/bin/../lib/gcc/arm-none-eabi/4.9.3/../../../../arm-none-eabi/lib/armv7-m\libc_nano.a(lib_a-scanf.o)
                0x0001bd70                scanf
                0x0001bd70                iscanf
 .text.setvbuf  0x0001bda0      0x110 c:/cmpe244/toolchain/bin/../lib/gcc/arm-none-eabi/4.9.3/../../../../arm-none-eabi/lib/armv7-m\libc_nano.a(lib_a-setvbuf.o)
                0x0001bda0                setvbuf
 .text.nanf     0x0001beb0        0x8 c:/cmpe244/toolchain/bin/../lib/gcc/arm-none-eabi/4.9.3/../../../../arm-none-eabi/lib/armv7-m\libc_nano.a(lib_a-sf_nan.o)
                0x0001beb0                nanf
 .text._raise_r
                0x0001beb8       0x50 c:/cmpe244/toolchain/bin/../lib/gcc/arm-none-eabi/4.9.3/../../../../arm-none-eabi/lib/armv7-m\libc_nano.a(lib_a-signal.o)
                0x0001beb8                _raise_r